MAP
  NAME "template" 
  STATUS ON
  DEBUG ON
  SIZE 600 300
  EXTENT -180 -90 180 90
  UNITS dd
  IMAGECOLOR 0 0 0
  SYMBOLSET "symbols.txt"

  PROJECTION
    "init=epsg:4326"
  END

  WEB
    IMAGEPATH "/var/www/tmp/"
    IMAGEURL "/tmp/"
    LOG "/var/www/tmp/mslogfile.txt"
    # METADATA section goes here
  END
  
 
  # Blue Marble Next Generation, Global MODIS derived image, scaled to 8 bit
  LAYER
    NAME "BMNG"
    DATA "/share/data/image/BMNG.geotiff"
    TYPE RASTER 
    DUMP TRUE
    STATUS OFF
    PROJECTION
      "init=epsg:4326"
    END
    METADATA
      "ogc_name"  "bmng"
      "wms_title" "bmng"
      "ows_title" "blueMarble"
      "ogc_srs"  "EPSG:4326"  #optional since inherit map's srs
      "author" "NASA"
    END
  END
  
  # 
  LAYER
    NAME "prjcurrbad"
    DATA "/share/data/models/000/000/330/755/26999.tif"
    TYPE RASTER 
    DUMP TRUE
    STATUS OFF
    PROJECTION
      "init=epsg:4326"
    END
    METADATA
      "ogc_name"  "26999"
      "wms_title" "26999"
      "ows_title" "projection 26999"
      "ogc_srs"  "EPSG:4326"  #optional since inherit map's srs
      "author" "Lifemapper"
    END
  END


  LAYER
    NAME "prjcurr"
    TYPE RASTER
    STATUS OFF
    CONNECTIONTYPE WMS
    CONNECTION "http://lifemapper.org/pymod/sdl.py/test?sdlsvc=mal&sdllyr=26999&"
    METADATA
      "wms_name" "template"
      "wms_srs" "EPSG:4326"
      "wms_style" "safe"
      "wms_server_version" "1.1.1"
      "wms_layers" "mal"
      "wms_request" "GetMap"
      "wms_format" "image/jpeg"
      "wms_connectiontimeout" "20"
      "wms_title" "current climate scenario projection for Astragalus cibarius"
    END
  END

LAYER
  NAME country
  METADATA
    "wms_title"  "Country"
  END
  TYPE LINE
  STATUS ON
  CONNECTIONTYPE OGR
  CONNECTION "/share/data/ESRIDATA/WORLD/country.shp"
  PROJECTION
    "init=epsg:4326"
  END
  CLASS
    NAME "Country"
    OUTLINECOLOR 0 0 0
  END
END

LAYER
  NAME states
  METADATA
    "wms_title"  "USStates"
  END
  TYPE LINE
  STATUS ON
  CONNECTIONTYPE OGR
  CONNECTION "/share/data/ESRIDATA/USA/states.shp"
  PROJECTION
    "init=epsg:4326"
  END
  CLASS
    NAME "States"
    OUTLINECOLOR 0 0 0
  END
END

   #-------------------------------------------------------------------------
  # Point Bucket
  LAYER
    NAME "pbj"
    CONNECTIONTYPE postgis
    # CONNECTION (added by code)
    TYPE POINT
    STATUS ON
    DUMP TRUE
    TEMPLATE "query.html" 
    TOLERANCE 3 
    TOLERANCEUNITS PIXELS
    EXTENT -180 -90 180 90
    # DATA value is replaced by code
    DATA "geom FROM (SELECT * from lm_getMicroOccurrencesBySet(330755)) AS table2 using unique occurrenceid using SRID=4326"
    METADATA
      "ogc_name" "pbj"
      "wms_title" "Specimen Occurrences"
      "ows_title" "Specimen Occurrences"
      "gml_include_items" "all"
    END
    PROJECTION
      "init=epsg:4326"
    END
    CLASS
      STYLE
        SYMBOL "filledcircle"
        COLOR 255 0 0
        SIZE 5
      END
    END
  END  

  #-------------------------------------------------------------------------
  QUERYMAP
    STATUS ON
    STYLE HILITE
  END
  
  #-------------------------------------------------------------------------
OUTPUTFORMAT
  NAME gif
  DRIVER "GD/GIF"
  MIMETYPE "image/gif"
  IMAGEMODE PC256
  EXTENSION "gif"
  FORMATOPTION "GDAL/*"
END

OUTPUTFORMAT
  NAME png
  DRIVER "GD/PNG"
  MIMETYPE "image/png"
  IMAGEMODE RGBA
  TRANSPARENT ON
  EXTENSION "png"
  FORMATOPTION "INTERLACE=OFF"
END

OUTPUTFORMAT
  NAME jpeg
  DRIVER "GD/JPEG"
  MIMETYPE "image/jpeg"
  IMAGEMODE RGB
  EXTENSION "jpg"
  FORMATOPTION "GDAL/*"
END

OUTPUTFORMAT
  NAME wbmp
  DRIVER "GD/WBMP"
  MIMETYPE "image/wbmp"
  IMAGEMODE PC256
  EXTENSION "wbmp"
END

OUTPUTFORMAT
  NAME GTiff
  DRIVER "GDAL/GTiff"
  MIMETYPE "image/tiff"
  IMAGEMODE FLOAT32
  EXTENSION "tif"
  FORMATOPTION "GDAL/*"
END

OUTPUTFORMAT
  NAME AAIGRID
  DRIVER "GDAL/AAIGRID"
  MIMETYPE "image/x-aaigrid"
  IMAGEMODE INT16
  EXTENSION "asc"
  FORMATOPTION "FILENAME=result.asc"
END

END #of map file


