#Base WMS map file for NASA Blue Marble images
#  Land Surface, Ocean Color, and Sea Ice, 2048 x 1024
#  Land Surface, Ocean Color, and Sea Ice, 8192 x 10800
#  Land Surface, Shallow Water, and Shaded Topography, 2048 x 1024
#  Land Surface, Shallow Water, and Shaded Topography, 8192 x 10800

MAP
  NAME bluemarble 
  STATUS ON
  SIZE 600 300
  EXTENT -180 -90 180 90
  UNITS dd
  IMAGECOLOR 0 0 0
  SYMBOLSET "symbols.txt"

  PROJECTION
    "init=epsg:4326"
  END

  WEB
    IMAGEPATH "/var/www/tmp/"
    IMAGEURL "/tmp/"
    METADATA
      "wms_title" 			"Blue Marble Map"
      "ogc_onlineresource" 	"http://localhost/cgi-bin/ogc.cgi/bluemarble?"
      "wms_srs" 			"epsg:4326 AUTO:42003"
    END
  END
  
  #-------------------------------------------------------------------------
  #  NASA/JPL RASTER LAYERS
  #-------------------------------------------------------------------------
  LAYER
    NAME bmng
    DEBUG ON
    TYPE RASTER
    STATUS OFF
    CONNECTIONTYPE WMS
    CONNECTION "http://wms.jpl.nasa.gov/wms.cgi?"
    #MAXSCALE 10000000
    MINSCALE 20000
    METADATA
      "wms_name"              "BMNG"
      "wms_srs"               "EPSG:4326"
      "wms_server_version"    "1.1.1"
      "wms_layers"            "BMNG"
      "wms_style"             "default"
      "wms_request"           "GetMap"
      "wms_format"            "image/jpeg"
      "wms_connectiontimeout" "60"
      "wms_title"             "BlueMarbleNextGeneration_from_NASA_WMS"
    END
  END  

  LAYER
    NAME global_mosaic
    DEBUG ON
    TYPE RASTER
    STATUS OFF
    CONNECTIONTYPE WMS
    CONNECTION "http://wms.jpl.nasa.gov/wms.cgi?"
    #MAXSCALE 10000000
    MINSCALE 20000
    METADATA
      "wms_name"              "global_mosaic"
      "wms_srs"               "EPSG:4326"
      "wms_server_version"    "1.1.1"
      "wms_layers"            "global_mosaic"
      "wms_style"             "visual"
      "wms_request"           "GetMap"
      "wms_format"            "image/jpeg"
      "wms_connectiontimeout" "60"
      "wms_title"             "WMS Global Mosaic, pan sharpened"
    END
  END  

  LAYER
    NAME daily_terra_721
    DEBUG ON
    TYPE RASTER
    STATUS OFF
    CONNECTIONTYPE WMS
    CONNECTION "http://wms.jpl.nasa.gov/wms.cgi?"
    #MAXSCALE 10000000
    MINSCALE 20000
    METADATA
      "wms_name"              "daily_terra_721"
      "wms_srs"               "EPSG:4326"
      "wms_server_version"    "1.1.1"
      "wms_layers"            "daily_terra_721"
      "wms_style"             "default"
      "wms_request"           "GetMap"
      "wms_format"            "image/jpeg"
      "wms_connectiontimeout" "60"
      "wms_title"             "Daily composite of MODIS-TERRA 721 pseudocolor"
    END
  END  

  LAYER
    NAME daily_terra
    DEBUG ON
    TYPE RASTER
    STATUS OFF
    CONNECTIONTYPE WMS
    CONNECTION "http://wms.jpl.nasa.gov/wms.cgi?"
    #MAXSCALE 10000000
    MINSCALE 20000
    METADATA
      "wms_name"              "daily_terra"
      "wms_srs"               "EPSG:4326"
      "wms_server_version"    "1.1.1"
      "wms_layers"            "daily_terra"
      "wms_style"             "default"
      "wms_request"           "GetMap"
      "wms_format"            "image/jpeg"
      "wms_connectiontimeout" "60"
      "wms_title"             "Daily composite of MODIS-TERRA images"
    END
  END  

  LAYER
    NAME worldwind_dem
    DEBUG ON
    TYPE RASTER
    STATUS OFF
    CONNECTIONTYPE WMS
    CONNECTION "http://wms.jpl.nasa.gov/wms.cgi?"
    #MAXSCALE 10000000
    MINSCALE 20000
    METADATA
      "wms_name"              "worldwind_dem"
      "wms_srs"               "EPSG:4326"
      "wms_server_version"    "1.1.1"
      "wms_layers"            "worldwind_dem"
      "wms_style"             "default"
      "wms_request"           "GetMap"
      "wms_format"            "image/jpeg"
      "wms_connectiontimeout" "60"
      "wms_title"             "SRTM derived global elevation, 3 arc-second"
    END
  END  
  

# All WCS Layers on the brc000.cc.ku.edu support the following:
OUTPUTFORMAT
  NAME gif
  DRIVER "GD/GIF"
  MIMETYPE "image/gif"
  IMAGEMODE PC256
  EXTENSION "gif"
  FORMATOPTION "GDAL/*"
END

OUTPUTFORMAT
  NAME png 
  DRIVER "GD/PNG"
  MIMETYPE "image/png"
  IMAGEMODE PC256
  EXTENSION "png"
  FORMATOPTION "GDAL/*"
END

OUTPUTFORMAT
  NAME jpeg
  DRIVER "GD/JPEG"
  MIMETYPE "image/jpeg"
  IMAGEMODE RGB
  EXTENSION "jpg"
  FORMATOPTION "GDAL/*"
END

OUTPUTFORMAT
  NAME wbmp
  DRIVER "GD/WBMP"
  MIMETYPE "image/wbmp"
  IMAGEMODE PC256
  EXTENSION "wbmp"
END

OUTPUTFORMAT
  NAME GTiff
  DRIVER "GDAL/GTiff"
  MIMETYPE "image/tiff"
  IMAGEMODE RGB
  EXTENSION "tif"
  FORMATOPTION "GDAL/*"
END

OUTPUTFORMAT
  NAME AAIGRID
  DRIVER "GDAL/AAIGRID"
  MIMETYPE "image/x-aaigrid"
  IMAGEMODE INT16
  EXTENSION "asc"
  FORMATOPTION "FILENAME=result.asc"
END

END #of map file

