#Base WMS map file for NASA Blue Marble images
#  Land Surface, Ocean Color, and Sea Ice, 2048 x 1024
#  Land Surface, Ocean Color, and Sea Ice, 8192 x 10800
#  Land Surface, Shallow Water, and Shaded Topography, 2048 x 1024
#  Land Surface, Shallow Water, and Shaded Topography, 8192 x 10800

MAP
  NAME widget 
  STATUS ON
  DEBUG ON
  SIZE 600 300
  EXTENT -180 -90 180 90
  UNITS dd
  IMAGECOLOR 0 0 0
  SYMBOLSET "symbols.txt"

  PROJECTION
    "init=epsg:4326"
  END

  WEB
    IMAGEPATH "/var/www/tmp/"
    IMAGEURL "/tmp/"
    LOG "/var/www/tmp/mslogfile.txt"
    METADATA
      "ows_title" 				"Widget Map"
      "ows_onlineresource"  	"http://localhost/cgi-bin/ogc.cgi/widget?"
      "ows_srs" 				"epsg:4326 AUTO:42003"
    END
  END
    
  #-------------------------------------------------------------------------
  #  RASTER LAYERS
  #-------------------------------------------------------------------------
  LAYER
    NAME bmng
    DEBUG ON
    TYPE RASTER
    STATUS OFF
    CONNECTIONTYPE WMS
    CONNECTION "http://wms.jpl.nasa.gov/wms.cgi?"
    #MAXSCALE 10000000
    MINSCALE 20000
    METADATA
      "wms_name"              "BMNG"
      "wms_srs"               "EPSG:4326"
      "wms_server_version"    "1.1.1"
      "wms_layers"            "BMNG"
      "wms_style"             "default"
      "wms_request"           "GetMap"
      "wms_format"            "image/jpeg"
      "wms_connectiontimeout" "60"
      "wms_title"             "BlueMarbleNextGeneration_from_NASA_WMS"
    END
  END
  
  #-------------------------------------------------------------------------
  LAYER
    NAME global_mosaic
    TYPE RASTER
    STATUS OFF
    CONNECTIONTYPE WMS
    CONNECTION "http://wms.jpl.nasa.gov/wms.cgi?"
    #MAXSCALE 10000000
    MINSCALE 20000
    METADATA
      "wms_name" "global_mosaic"
      "wms_srs" "EPSG:4326"
      "wms_style" "visual"
      "wms_server_version" "1.1.1"
      "wms_layers" "global_mosaic"
      "wms_request" "GetMap"
      "wms_format" "image/jpeg"
      "wms_connectiontimeout" "20"
      "wms_title" "global_mosaic_from_NASA_WMS"
    END
  END
  
  #-------------------------------------------------------------------------
  LAYER
    NAME modis
    TYPE RASTER
    STATUS OFF
    CONNECTIONTYPE WMS
    CONNECTION "http://wms.jpl.nasa.gov/wms.cgi?"
    #MAXSCALE 10000000
    MINSCALE 20000
    METADATA
      "wms_name" "modis"
      "wms_srs" "EPSG:4326"
      "wms_style" "visual"
      "wms_server_version" "1.1.1"
      "wms_layers" "modis"
      "wms_request" "GetMap"
      "wms_format" "image/jpeg"
      "wms_connectiontimeout" "20"
      "wms_title" "global_mosaic_from_NASA_WMS"
    END
  END
  
  #-------------------------------------------------------------------------
  LAYER
    NAME us_ned
    TYPE RASTER
    STATUS OFF
    CONNECTIONTYPE WMS
    CONNECTION "http://wms.jpl.nasa.gov/wms.cgi?"
    #MAXSCALE 10000000
    MINSCALE 20000
    METADATA
      "wms_name" "us_ned"
      "wms_srs" "EPSG:4326"
      #"wms_style" "visual"
      "wms_server_version" "1.1.1"
      "wms_layers" "us_ned"
      "wms_request" "GetMap"
      "wms_format" "image/jpeg"
      "wms_connectiontimeout" "20"
      "wms_title" "continental_us_elevation_from_NASA_WMS"
    END
  END
  
  #-------------------------------------------------------------------------
  LAYER
    NAME "worldwind_dem"
    TYPE RASTER
    STATUS OFF
    CONNECTIONTYPE WMS
    CONNECTION "http://wms.jpl.nasa.gov/wms.cgi?"
    #MAXSCALE 10000000
    MINSCALE 20000
    METADATA
      "wms_name" "worldwind_dem"
      "wms_srs" "EPSG:4326"
      "wms_style" "visual"
      "wms_server_version" "1.1.1"
      "wms_layers" "worldwind_dem"
      "wms_request" "GetMap"
      "wms_format" "image/jpeg"
      "wms_connectiontimeout" "20"
      "wms_title" "global_elevation_from_NASA_WMS"
    END
  END
  
  #-------------------------------------------------------------------------
  #  POLYGON/LINE LAYERS
  #-------------------------------------------------------------------------
  LAYER
    NAME "states"
    TYPE LINE
    STATUS ON
    DUMP TRUE
    EXTENT -180 -90 180 90
    DATA "/share/data/ESRIDATA/USA/states"
    METADATA
      "ows_title" "US States"
      "gml_include_items" "all"
    END
    PROJECTION
      "init=epsg:4326"
    END
    CLASS
      COLOR 200 0 0
    END
  END
  
  #-------------------------------------------------------------------------
  LAYER
    NAME "counties"
    TYPE POLYGON
    STATUS ON
    DUMP TRUE
    EXTENT -180 -90 180 90
    DATA "/share/data/ESRIDATA/USA/counties"
    METADATA
      "ows_title" "US Counties"
      "gml_include_items" "all"
    END
    PROJECTION
      "init=epsg:4326"
    END
    CLASS
      SYMBOL "line"
      STYLE
        OUTLINECOLOR 0 200 0
      END
    END
  END
  
  #-------------------------------------------------------------------------
  LAYER
    NAME "rivers"
    TYPE LINE
    STATUS ON
    DUMP TRUE
    EXTENT -180 -90 180 90
    DATA "/share/data/ESRIDATA/USA/rivers"
    METADATA
      "ows_title" "US Rivers"
      "gml_include_items" "all"
    END
    PROJECTION
      "init=epsg:4326"
    END
    CLASS
      SYMBOL "line"
      STYLE
        COLOR 0 0 100
      END
    END
  END

  #-------------------------------------------------------------------------
  LAYER
    NAME "lakes"
    TYPE POLYGON
    STATUS ON
    DUMP TRUE
    EXTENT -180 -90 180 90
    DATA "/share/data/ESRIDATA/USA/lakes"
    METADATA
      "ows_title" "US Rivers"
      "gml_include_items" "all"
    END
    PROJECTION
      "init=epsg:4326"
    END
    CLASS
      SYMBOL "line"
      STYLE
        OUTLINECOLOR 0 0 100
      END
    END
  END
  
    #-------------------------------------------------------------------------
  LAYER
    NAME "roads"
    TYPE LINE
    STATUS ON
    DUMP TRUE
    EXTENT -180 -90 180 90
    DATA "/share/data/ESRIDATA/USA/roads"
    METADATA
      "ows_title" "US Roads"
      "gml_include_items" "all"
    END
    PROJECTION
      "init=epsg:4326"
    END
    CLASS
      SYMBOL "line"
      STYLE
        OUTLINECOLOR 0 0 200
      END
    END
  END
  
      #-------------------------------------------------------------------------
  LAYER
    NAME "cities"
    TYPE point
    STATUS ON
    DUMP TRUE
    EXTENT -180 -90 180 90
    DATA "/share/data/ESRIDATA/USA/cities"
    METADATA
      "ows_title" "US Cities"
      "gml_include_items" "all"
    END
    PROJECTION
      "init=epsg:4326"
    END
    CLASS
      SYMBOL "filledcircle"
      COLOR 255 0 0
      SIZE 5
    END
  END
  
  
  #-------------------------------------------------------------------------
  LAYER
    NAME "specimens"
    CONNECTIONTYPE postgis
    CONNECTION "user=mapuser password=m49s84vEr dbname=dgrcache host=127.0.0.1"
    TYPE POINT
    STATUS ON
    DUMP TRUE
    TEMPLATE "query.html" 
    TOLERANCE 3 
    TOLERANCEUNITS PIXELS
    EXTENT -180 -90 180 90
    DATA "geom from specimen"
    METADATA
      "ows_title"         "Specimens"
      "gml_include_items" "all"
      "gml_featureid"     "specimenid"
    END
    PROJECTION
      "init=epsg:4326"
    END
    CLASS
      SYMBOL "filledcircle"
      COLOR 255 0 0
      SIZE 5
    END
  END
  
  #-------------------------------------------------------------------------
  QUERYMAP
    STATUS ON
    STYLE HILITE
  END
  
  #-------------------------------------------------------------------------
  #  OUTPUT FORMAT
  #-------------------------------------------------------------------------
	OUTPUTFORMAT
	  NAME gif
	  DRIVER "GD/GIF"
	  MIMETYPE "image/gif"
	  IMAGEMODE PC256
	  EXTENSION "gif"
	  FORMATOPTION "GDAL/*"
	END

	OUTPUTFORMAT
	  NAME png
	  DRIVER "GD/PNG"
	  MIMETYPE "image/png"
	  IMAGEMODE RGB
	  EXTENSION "png"
	  FORMATOPTION "INTERLACE=OFF"
	END
	
	OUTPUTFORMAT
	  NAME jpeg
	  DRIVER "GD/JPEG"
	  MIMETYPE "image/jpeg"
	  IMAGEMODE RGB
	  EXTENSION "jpg"
	  FORMATOPTION "GDAL/*"
	END
	
	OUTPUTFORMAT
	  NAME wbmp
	  DRIVER "GD/WBMP"
	  MIMETYPE "image/wbmp"
	  IMAGEMODE PC256
	  EXTENSION "wbmp"
	END
	
	OUTPUTFORMAT
	  NAME GTiff
	  DRIVER "GDAL/GTiff"
	  MIMETYPE "image/tiff"
	  IMAGEMODE RGB
	  EXTENSION "tif"
	  FORMATOPTION "GDAL/*"
	END

OUTPUTFORMAT
  NAME AAIGRID
  DRIVER "GDAL/AAIGRID"
  MIMETYPE "image/x-aaigrid"
  IMAGEMODE INT16
  EXTENSION "asc"
  FORMATOPTION "FILENAME=result.asc"
END
	
END #of map file

