MAP
   NAME  ChangeThinking 
   STATUS ON
   DEBUG ON
   SIZE 600 600
   CONFIG "PROJ_LIB" "/opt/lifemapper/share/proj/"
   IMAGETYPE png
   EXTENT  -4387050.000 -3732756.479 4073244.205 4704460.000
   UNITS meters
   IMAGECOLOR 0 0 0
   SYMBOLSET 'symbols.txt'
   PROJECTION
      "init=epsg:2163"
   END

   WEB
      IMAGEPATH "/var/www/tmp/"
      IMAGEURL "/tmp/"
      LOG "/var/www/tmp/mslogfile.txt"


      METADATA
         ows_label   "Lifemapper Change Thinking Service"
         ows_title   "CT"
         ows_onlineresource   "http://yeti.lifemapper.org/services/maps/map=anc_ctclim?"
         ows_srs   "epsg:4326 epsg:900913 epsg:2163"
         ows_enable_request  "*"
      END

   END 
  
  LEGEND

     KEYSIZE 30 20
  END

###########  current temperature queryable ############

  LAYER
    NAME 'five_degree_ann_temp'
    TYPE RASTER
    
    TEMPLATE fooOnlyForWMSGetFeatureInfo
    #EXTENT -8238943.443396 -3523215.000000 6725353.443396 4905135.000000
    DATA '/share/lmserver/data/climate/30sec-NA/worldclim1.4/bio_1.tif'
    METADATA
      'ows_title' 'r_r_5_degree_11k_ann_temp2'
      "wms_include_items"   "all"
    END
    STATUS On
    TRANSPARENCY 100
    PROJECTION
    "init=epsg:2163"
    END
    CLASSITEM 'pixel'
    

    
    CLASS
      NAME "25 C thru 29.9 C"
      EXPRESSION ([pixel] >= 250 AND [pixel] < 300)
       STYLE
         WIDTH 0.91
         OUTLINECOLOR 0 0 0
         COLOR 240 0 0
       END
    END

  CLASS
      NAME "20 C  thru 24.9 C"
      EXPRESSION ([pixel] >= 200 AND [pixel] < 250)
       STYLE
         WIDTH 0.91
         OUTLINECOLOR 0 0 0
         COLOR 255 77 0
       END
    END
  CLASS
      NAME "15 C thru 19.9 C"
      EXPRESSION ([pixel] >= 150 AND [pixel] < 200)
       STYLE
         WIDTH 0.91
         OUTLINECOLOR 0 0 0
         COLOR 255 143 0
       END
    END
    CLASS
      NAME "10 C thru 14.9 C"
      EXPRESSION ([pixel] >= 100 AND [pixel] < 150)
       STYLE
         WIDTH 0.91
         OUTLINECOLOR 0 0 0
         COLOR 255 197 0
       END
    END
    CLASS
      NAME "5 C thru 9.9 C"
      EXPRESSION ([pixel] >= 50 AND [pixel] < 100)
       STYLE
         WIDTH 0.91
         OUTLINECOLOR 0 0 0
         COLOR 0 255 245
       END
    END
    CLASS
      NAME "0 C thru 4.9 C"
      EXPRESSION ([pixel] >= 0 AND [pixel] < 50)
       STYLE
         WIDTH 0.91
         OUTLINECOLOR 0 0 0
         COLOR 0 186 255
       END
    END
    CLASS
      NAME "-5 C thru -.1 C"
      EXPRESSION ([pixel] >= -50 AND [pixel] < 0)
       STYLE
         WIDTH 0.91
         OUTLINECOLOR 0 0 0
         COLOR 0 122 255
       END
    END
    CLASS
      NAME "-10 C thru -5.1 C"
      EXPRESSION ([pixel] >= -100 AND [pixel] < -50)
       STYLE
         WIDTH 0.91
         OUTLINECOLOR 0 0 0
         COLOR 0 70 255
       END
    END
    CLASS
      NAME "-15 C thru -10.1 C"
      EXPRESSION ([pixel] >= -150 AND [pixel] < -100)
       STYLE
         WIDTH 0.91
         OUTLINECOLOR 0 0 0
         COLOR 0 37 255
       END
    END
   CLASS
      NAME "-20 C thru -15.1 C"
      EXPRESSION ([pixel] >= -200 AND [pixel] < -150)
       STYLE
         WIDTH 0.91
         OUTLINECOLOR 0 0 0
         COLOR 31 0 24
       END
    END
   CLASS
      NAME "-30 C thru -20.1 C"
      EXPRESSION ([pixel] >= -300 AND [pixel] < -200)
       STYLE
         WIDTH 0.91
         OUTLINECOLOR 0 0 0
         COLOR 69 0 186
       END
    END

END
 



#####  precip Queryable ############

###### future precip ###############


  LAYER
    NAME "ann_precip_A1B_2010_2039"
    TYPE RASTER
    
    TEMPLATE fooOnlyForWMSGetFeatureInfo
    #EXTENT -8238943.443396 -3523215.000000 6725353.443396 4905135.000000
    DATA '/share/lmserver/data/climate/30sec-NA/NIES/A1B/2010-2039/NA/bio_12.tif'
    METADATA 
      'ows_title' 'r_r_50cm_11k_ann_precip'
      "wms_include_items"   "all"
    END
    STATUS ON
    TRANSPARENCY 100
    PROJECTION
    "init=epsg:2163"
    END
    CLASSITEM 'pixel'
    
    
    CLASS
      NAME "400 cm thru 449.9 cm"
      EXPRESSION ([pixel] >= 4000 AND [pixel] < 4500)
       STYLE
         WIDTH 0.91
         OUTLINECOLOR 0 0 0
         COLOR 0 30 0
       END
    END
   CLASS
      NAME "350 cm thru 399.9 cm"
      EXPRESSION ([pixel] >= 3500 AND [pixel] < 4000)
       STYLE
         WIDTH 0.91
         OUTLINECOLOR 0 0 0
         COLOR 0 52 0
       END
    END
   CLASS
      NAME "300 cm thru 349.9 cm"
      EXPRESSION ([pixel] >= 3000 AND [pixel] < 3500)
       STYLE
         WIDTH 0.91
         OUTLINECOLOR 0 0 0
         COLOR 0 77 0
       END
    END
   CLASS
      NAME "250 cm thru 299.9 cm"
      EXPRESSION ([pixel] >= 2500 AND [pixel] < 3000)
       STYLE
         WIDTH 0.91
         OUTLINECOLOR 0 0 0
         COLOR 0 99 0
       END
    END
    CLASS
      NAME "200 cm thru 249.9 cm"
      EXPRESSION ([pixel] >= 2000 AND [pixel] < 2500)
       STYLE
         WIDTH 0.91
         OUTLINECOLOR 0 0 0
         COLOR 0 134 0
       END
    END
    CLASS
      NAME "150 cm thru 199.9 cm"
      EXPRESSION ([pixel] >= 1500 AND [pixel] < 2000)
       STYLE
         WIDTH 0.91
         OUTLINECOLOR 0 0 0
         COLOR 0 200 0
       END
    END
   CLASS
      NAME "100 cm thru 149.9 cm"
      EXPRESSION ([pixel] >= 1000 AND [pixel] < 1500)
       STYLE
         WIDTH 0.91
         OUTLINECOLOR 0 0 0
         COLOR 31 245 31
       END
    END
   CLASS
      NAME "50 cm thru 99.9 cm"
      EXPRESSION ([pixel] >= 500 AND [pixel] < 1000)
       STYLE
         WIDTH 0.91
         OUTLINECOLOR 0 0 0
         COLOR 162 255 162
       END
    END
  CLASS
      NAME "0 cm thru 49.9 cm"
      EXPRESSION ([pixel] >= 0 AND [pixel] < 500)
       STYLE
         WIDTH 0.91
         OUTLINECOLOR 0 0 0
         COLOR 255 255 2
       END
    END
    
    
    
  END

  LAYER
    NAME "ann_precip_A1B_2040_2069"
    TYPE RASTER
    
    TEMPLATE fooOnlyForWMSGetFeatureInfo
    #EXTENT -8238943.443396 -3523215.000000 6725353.443396 4905135.000000
    DATA '/share/lmserver/data/climate/30sec-NA/NIES/A1B/2040-2069/NA/bio_12.tif'
    METADATA
      'ows_title' 'r_r_50cm_11k_ann_precip'
      "wms_include_items"   "all"
    END
    STATUS ON
    TRANSPARENCY 100
    PROJECTION
    "init=epsg:2163"
    END
    CLASSITEM 'pixel'
    
    
    CLASS
      NAME "400 cm thru 449.9 cm"
      EXPRESSION ([pixel] >= 4000 AND [pixel] < 4500)
       STYLE
         WIDTH 0.91
         OUTLINECOLOR 0 0 0
         COLOR 0 30 0
       END
    END
   CLASS
      NAME "350 cm thru 399.9 cm"
      EXPRESSION ([pixel] >= 3500 AND [pixel] < 4000)
       STYLE
         WIDTH 0.91
         OUTLINECOLOR 0 0 0
         COLOR 0 52 0
       END
    END
   CLASS
      NAME "300 cm thru 349.9 cm"
      EXPRESSION ([pixel] >= 3000 AND [pixel] < 3500)
       STYLE
         WIDTH 0.91
         OUTLINECOLOR 0 0 0
         COLOR 0 77 0
       END
    END
   CLASS
      NAME "250 cm thru 299.9 cm"
      EXPRESSION ([pixel] >= 2500 AND [pixel] < 3000)
       STYLE
         WIDTH 0.91
         OUTLINECOLOR 0 0 0
         COLOR 0 99 0
       END
    END
    CLASS
      NAME "200 cm thru 249.9 cm"
      EXPRESSION ([pixel] >= 2000 AND [pixel] < 2500)
       STYLE
         WIDTH 0.91
         OUTLINECOLOR 0 0 0
         COLOR 0 134 0
       END
    END
    CLASS
      NAME "150 cm thru 199.9 cm"
      EXPRESSION ([pixel] >= 1500 AND [pixel] < 2000)
       STYLE
         WIDTH 0.91
         OUTLINECOLOR 0 0 0
         COLOR 0 200 0
       END
    END
   CLASS
      NAME "100 cm thru 149.9 cm"
      EXPRESSION ([pixel] >= 1000 AND [pixel] < 1500)
       STYLE
         WIDTH 0.91
         OUTLINECOLOR 0 0 0
         COLOR 31 245 31
       END
    END
   CLASS
      NAME "50 cm thru 99.9 cm"
      EXPRESSION ([pixel] >= 500 AND [pixel] < 1000)
       STYLE
         WIDTH 0.91
         OUTLINECOLOR 0 0 0
         COLOR 162 255 162
       END
    END
  CLASS
      NAME "0 cm thru 49.9 cm"
      EXPRESSION ([pixel] >= 0 AND [pixel] < 500)
       STYLE
         WIDTH 0.91
         OUTLINECOLOR 0 0 0
         COLOR 255 255 2
       END
    END
    
    
    
  END

  LAYER
    NAME "ann_precip_A1B_2070_2099"
    TYPE RASTER
    
    TEMPLATE fooOnlyForWMSGetFeatureInfo
    #EXTENT -8238943.443396 -3523215.000000 6725353.443396 4905135.000000
    DATA '/share/lmserver/data/climate/30sec-NA/NIES/A1B/2070-2099/NA/bio_12.tif'
    METADATA
      'ows_title' 'r_r_50cm_11k_ann_precip'
      "wms_include_items"   "all"
    END
    STATUS ON
    TRANSPARENCY 100
    PROJECTION
    "init=epsg:2163"
    END
    CLASSITEM 'pixel'
    
    
    CLASS
      NAME "400 cm thru 449.9 cm"
      EXPRESSION ([pixel] >= 4000 AND [pixel] < 4500)
       STYLE
         WIDTH 0.91
         OUTLINECOLOR 0 0 0
         COLOR 0 30 0
       END
    END
   CLASS
      NAME "350 cm thru 399.9 cm"
      EXPRESSION ([pixel] >= 3500 AND [pixel] < 4000)
       STYLE
         WIDTH 0.91
         OUTLINECOLOR 0 0 0
         COLOR 0 52 0
       END
    END
   CLASS
      NAME "300 cm thru 349.9 cm"
      EXPRESSION ([pixel] >= 3000 AND [pixel] < 3500)
       STYLE
         WIDTH 0.91
         OUTLINECOLOR 0 0 0
         COLOR 0 77 0
       END
    END
   CLASS
      NAME "250 cm thru 299.9 cm"
      EXPRESSION ([pixel] >= 2500 AND [pixel] < 3000)
       STYLE
         WIDTH 0.91
         OUTLINECOLOR 0 0 0
         COLOR 0 99 0
       END
    END
    CLASS
      NAME "200 cm thru 249.9 cm"
      EXPRESSION ([pixel] >= 2000 AND [pixel] < 2500)
       STYLE
         WIDTH 0.91
         OUTLINECOLOR 0 0 0
         COLOR 0 134 0
       END
    END
    CLASS
      NAME "150 cm thru 199.9 cm"
      EXPRESSION ([pixel] >= 1500 AND [pixel] < 2000)
       STYLE
         WIDTH 0.91
         OUTLINECOLOR 0 0 0
         COLOR 0 200 0
       END
    END
   CLASS
      NAME "100 cm thru 149.9 cm"
      EXPRESSION ([pixel] >= 1000 AND [pixel] < 1500)
       STYLE
         WIDTH 0.91
         OUTLINECOLOR 0 0 0
         COLOR 31 245 31
       END
    END
   CLASS
      NAME "50 cm thru 99.9 cm"
      EXPRESSION ([pixel] >= 500 AND [pixel] < 1000)
       STYLE
         WIDTH 0.91
         OUTLINECOLOR 0 0 0
         COLOR 162 255 162
       END
    END
  CLASS
      NAME "0 cm thru 49.9 cm"
      EXPRESSION ([pixel] >= 0 AND [pixel] < 500)
       STYLE
         WIDTH 0.91
         OUTLINECOLOR 0 0 0
         COLOR 255 255 2
       END
    END
    
    
    
  END

  LAYER
    NAME "ann_precip_A2_2010_2039"
    TYPE RASTER
    
    TEMPLATE fooOnlyForWMSGetFeatureInfo
    #EXTENT -8238943.443396 -3523215.000000 6725353.443396 4905135.000000
    DATA '/share/lmserver/data/climate/30sec-NA/NIES/A2/2010-2039/NA/bio_12.tif'
    METADATA
      'ows_title' 'r_r_50cm_11k_ann_precip'
      "wms_include_items"   "all"
    END
    STATUS ON
    TRANSPARENCY 100
    PROJECTION
    "init=epsg:2163"
    END
    CLASSITEM 'pixel'
    
    
    CLASS
      NAME "400 cm thru 449.9 cm"
      EXPRESSION ([pixel] >= 4000 AND [pixel] < 4500)
       STYLE
         WIDTH 0.91
         OUTLINECOLOR 0 0 0
         COLOR 0 30 0
       END
    END
   CLASS
      NAME "350 cm thru 399.9 cm"
      EXPRESSION ([pixel] >= 3500 AND [pixel] < 4000)
       STYLE
         WIDTH 0.91
         OUTLINECOLOR 0 0 0
         COLOR 0 52 0
       END
    END
   CLASS
      NAME "300 cm thru 349.9 cm"
      EXPRESSION ([pixel] >= 3000 AND [pixel] < 3500)
       STYLE
         WIDTH 0.91
         OUTLINECOLOR 0 0 0
         COLOR 0 77 0
       END
    END
   CLASS
      NAME "250 cm thru 299.9 cm"
      EXPRESSION ([pixel] >= 2500 AND [pixel] < 3000)
       STYLE
         WIDTH 0.91
         OUTLINECOLOR 0 0 0
         COLOR 0 99 0
       END
    END
    CLASS
      NAME "200 cm thru 249.9 cm"
      EXPRESSION ([pixel] >= 2000 AND [pixel] < 2500)
       STYLE
         WIDTH 0.91
         OUTLINECOLOR 0 0 0
         COLOR 0 134 0
       END
    END
    CLASS
      NAME "150 cm thru 199.9 cm"
      EXPRESSION ([pixel] >= 1500 AND [pixel] < 2000)
       STYLE
         WIDTH 0.91
         OUTLINECOLOR 0 0 0
         COLOR 0 200 0
       END
    END
   CLASS
      NAME "100 cm thru 149.9 cm"
      EXPRESSION ([pixel] >= 1000 AND [pixel] < 1500)
       STYLE
         WIDTH 0.91
         OUTLINECOLOR 0 0 0
         COLOR 31 245 31
       END
    END
   CLASS
      NAME "50 cm thru 99.9 cm"
      EXPRESSION ([pixel] >= 500 AND [pixel] < 1000)
       STYLE
         WIDTH 0.91
         OUTLINECOLOR 0 0 0
         COLOR 162 255 162
       END
    END
  CLASS
      NAME "0 cm thru 49.9 cm"
      EXPRESSION ([pixel] >= 0 AND [pixel] < 500)
       STYLE
         WIDTH 0.91
         OUTLINECOLOR 0 0 0
         COLOR 255 255 2
       END
    END
    
    
    
  END

LAYER
    NAME "ann_precip_A2_2040_2069"
    TYPE RASTER
    
    TEMPLATE fooOnlyForWMSGetFeatureInfo
    #EXTENT -8238943.443396 -3523215.000000 6725353.443396 4905135.000000
    DATA '/share/lmserver/data/climate/30sec-NA/NIES/A2/2040-2069/NA/bio_12.tif'
    METADATA
      'ows_title' 'r_r_50cm_11k_ann_precip'
      "wms_include_items"   "all"
    END
    STATUS ON
    TRANSPARENCY 100
    PROJECTION
    "init=epsg:2163"
    END
    CLASSITEM 'pixel'
    
    
    CLASS
      NAME "400 cm thru 449.9 cm"
      EXPRESSION ([pixel] >= 4000 AND [pixel] < 4500)
       STYLE
         WIDTH 0.91
         OUTLINECOLOR 0 0 0
         COLOR 0 30 0
       END
    END
   CLASS
      NAME "350 cm thru 399.9 cm"
      EXPRESSION ([pixel] >= 3500 AND [pixel] < 4000)
       STYLE
         WIDTH 0.91
         OUTLINECOLOR 0 0 0
         COLOR 0 52 0
       END
    END
   CLASS
      NAME "300 cm thru 349.9 cm"
      EXPRESSION ([pixel] >= 3000 AND [pixel] < 3500)
       STYLE
         WIDTH 0.91
         OUTLINECOLOR 0 0 0
         COLOR 0 77 0
       END
    END
   CLASS
      NAME "250 cm thru 299.9 cm"
      EXPRESSION ([pixel] >= 2500 AND [pixel] < 3000)
       STYLE
         WIDTH 0.91
         OUTLINECOLOR 0 0 0
         COLOR 0 99 0
       END
    END
    CLASS
      NAME "200 cm thru 249.9 cm"
      EXPRESSION ([pixel] >= 2000 AND [pixel] < 2500)
       STYLE
         WIDTH 0.91
         OUTLINECOLOR 0 0 0
         COLOR 0 134 0
       END
    END
    CLASS
      NAME "150 cm thru 199.9 cm"
      EXPRESSION ([pixel] >= 1500 AND [pixel] < 2000)
       STYLE
         WIDTH 0.91
         OUTLINECOLOR 0 0 0
         COLOR 0 200 0
       END
    END
   CLASS
      NAME "100 cm thru 149.9 cm"
      EXPRESSION ([pixel] >= 1000 AND [pixel] < 1500)
       STYLE
         WIDTH 0.91
         OUTLINECOLOR 0 0 0
         COLOR 31 245 31
       END
    END
   CLASS
      NAME "50 cm thru 99.9 cm"
      EXPRESSION ([pixel] >= 500 AND [pixel] < 1000)
       STYLE
         WIDTH 0.91
         OUTLINECOLOR 0 0 0
         COLOR 162 255 162
       END
    END
  CLASS
      NAME "0 cm thru 49.9 cm"
      EXPRESSION ([pixel] >= 0 AND [pixel] < 500)
       STYLE
         WIDTH 0.91
         OUTLINECOLOR 0 0 0
         COLOR 255 255 2
       END
    END
    
    
    
  END

LAYER
    NAME "ann_precip_A2_2070_2099"
    TYPE RASTER
    
    TEMPLATE fooOnlyForWMSGetFeatureInfo
    #EXTENT -8238943.443396 -3523215.000000 6725353.443396 4905135.000000
    DATA '/share/lmserver/data/climate/30sec-NA/NIES/A2/2070-2099/NA/bio_12.tif'
    METADATA
      'ows_title' 'r_r_50cm_11k_ann_precip'
      "wms_include_items"   "all"
    END
    STATUS ON
    TRANSPARENCY 100
    PROJECTION
    "init=epsg:2163"
    END
    CLASSITEM 'pixel'
    
    
    CLASS
      NAME "400 cm thru 449.9 cm"
      EXPRESSION ([pixel] >= 4000 AND [pixel] < 4500)
       STYLE
         WIDTH 0.91
         OUTLINECOLOR 0 0 0
         COLOR 0 30 0
       END
    END
   CLASS
      NAME "350 cm thru 399.9 cm"
      EXPRESSION ([pixel] >= 3500 AND [pixel] < 4000)
       STYLE
         WIDTH 0.91
         OUTLINECOLOR 0 0 0
         COLOR 0 52 0
       END
    END
   CLASS
      NAME "300 cm thru 349.9 cm"
      EXPRESSION ([pixel] >= 3000 AND [pixel] < 3500)
       STYLE
         WIDTH 0.91
         OUTLINECOLOR 0 0 0
         COLOR 0 77 0
       END
    END
   CLASS
      NAME "250 cm thru 299.9 cm"
      EXPRESSION ([pixel] >= 2500 AND [pixel] < 3000)
       STYLE
         WIDTH 0.91
         OUTLINECOLOR 0 0 0
         COLOR 0 99 0
       END
    END
    CLASS
      NAME "200 cm thru 249.9 cm"
      EXPRESSION ([pixel] >= 2000 AND [pixel] < 2500)
       STYLE
         WIDTH 0.91
         OUTLINECOLOR 0 0 0
         COLOR 0 134 0
       END
    END
    CLASS
      NAME "150 cm thru 199.9 cm"
      EXPRESSION ([pixel] >= 1500 AND [pixel] < 2000)
       STYLE
         WIDTH 0.91
         OUTLINECOLOR 0 0 0
         COLOR 0 200 0
       END
    END
   CLASS
      NAME "100 cm thru 149.9 cm"
      EXPRESSION ([pixel] >= 1000 AND [pixel] < 1500)
       STYLE
         WIDTH 0.91
         OUTLINECOLOR 0 0 0
         COLOR 31 245 31
       END
    END
   CLASS
      NAME "50 cm thru 99.9 cm"
      EXPRESSION ([pixel] >= 500 AND [pixel] < 1000)
       STYLE
         WIDTH 0.91
         OUTLINECOLOR 0 0 0
         COLOR 162 255 162
       END
    END
  CLASS
      NAME "0 cm thru 49.9 cm"
      EXPRESSION ([pixel] >= 0 AND [pixel] < 500)
       STYLE
         WIDTH 0.91
         OUTLINECOLOR 0 0 0
         COLOR 255 255 2
       END
    END
    
    
    
  END

LAYER
    NAME "ann_precip_B1_2010_2039"
    TYPE RASTER
    
    TEMPLATE fooOnlyForWMSGetFeatureInfo
    #EXTENT -8238943.443396 -3523215.000000 6725353.443396 4905135.000000
    DATA '/share/lmserver/data/climate/30sec-NA/NIES/B1/2010-2039/NA/bio_12.tif'
    METADATA
      'ows_title' 'r_r_50cm_11k_ann_precip'
      "wms_include_items"   "all"
    END
    STATUS ON
    TRANSPARENCY 100
    PROJECTION
    "init=epsg:2163"
    END
    CLASSITEM 'pixel'
    
    
    CLASS
      NAME "400 cm thru 449.9 cm"
      EXPRESSION ([pixel] >= 4000 AND [pixel] < 4500)
       STYLE
         WIDTH 0.91
         OUTLINECOLOR 0 0 0
         COLOR 0 30 0
       END
    END
   CLASS
      NAME "350 cm thru 399.9 cm"
      EXPRESSION ([pixel] >= 3500 AND [pixel] < 4000)
       STYLE
         WIDTH 0.91
         OUTLINECOLOR 0 0 0
         COLOR 0 52 0
       END
    END
   CLASS
      NAME "300 cm thru 349.9 cm"
      EXPRESSION ([pixel] >= 3000 AND [pixel] < 3500)
       STYLE
         WIDTH 0.91
         OUTLINECOLOR 0 0 0
         COLOR 0 77 0
       END
    END
   CLASS
      NAME "250 cm thru 299.9 cm"
      EXPRESSION ([pixel] >= 2500 AND [pixel] < 3000)
       STYLE
         WIDTH 0.91
         OUTLINECOLOR 0 0 0
         COLOR 0 99 0
       END
    END
    CLASS
      NAME "200 cm thru 249.9 cm"
      EXPRESSION ([pixel] >= 2000 AND [pixel] < 2500)
       STYLE
         WIDTH 0.91
         OUTLINECOLOR 0 0 0
         COLOR 0 134 0
       END
    END
    CLASS
      NAME "150 cm thru 199.9 cm"
      EXPRESSION ([pixel] >= 1500 AND [pixel] < 2000)
       STYLE
         WIDTH 0.91
         OUTLINECOLOR 0 0 0
         COLOR 0 200 0
       END
    END
   CLASS
      NAME "100 cm thru 149.9 cm"
      EXPRESSION ([pixel] >= 1000 AND [pixel] < 1500)
       STYLE
         WIDTH 0.91
         OUTLINECOLOR 0 0 0
         COLOR 31 245 31
       END
    END
   CLASS
      NAME "50 cm thru 99.9 cm"
      EXPRESSION ([pixel] >= 500 AND [pixel] < 1000)
       STYLE
         WIDTH 0.91
         OUTLINECOLOR 0 0 0
         COLOR 162 255 162
       END
    END
  CLASS
      NAME "0 cm thru 49.9 cm"
      EXPRESSION ([pixel] >= 0 AND [pixel] < 500)
       STYLE
         WIDTH 0.91
         OUTLINECOLOR 0 0 0
         COLOR 255 255 2
       END
    END
    
    
    
  END


LAYER
    NAME "ann_precip_B1_2040_2069"
    TYPE RASTER
    
    TEMPLATE fooOnlyForWMSGetFeatureInfo
    #EXTENT -8238943.443396 -3523215.000000 6725353.443396 4905135.000000
    DATA '/share/lmserver/data/climate/30sec-NA/NIES/B1/2040-2069/NA/bio_12.tif'
    METADATA
      'ows_title' 'r_r_50cm_11k_ann_precip'
      "wms_include_items"   "all"
    END
    STATUS ON
    TRANSPARENCY 100
    PROJECTION
    "init=epsg:2163"
    END
    CLASSITEM 'pixel'
    
    
    CLASS
      NAME "400 cm thru 449.9 cm"
      EXPRESSION ([pixel] >= 4000 AND [pixel] < 4500)
       STYLE
         WIDTH 0.91
         OUTLINECOLOR 0 0 0
         COLOR 0 30 0
       END
    END
   CLASS
      NAME "350 cm thru 399.9 cm"
      EXPRESSION ([pixel] >= 3500 AND [pixel] < 4000)
       STYLE
         WIDTH 0.91
         OUTLINECOLOR 0 0 0
         COLOR 0 52 0
       END
    END
   CLASS
      NAME "300 cm thru 349.9 cm"
      EXPRESSION ([pixel] >= 3000 AND [pixel] < 3500)
       STYLE
         WIDTH 0.91
         OUTLINECOLOR 0 0 0
         COLOR 0 77 0
       END
    END
   CLASS
      NAME "250 cm thru 299.9 cm"
      EXPRESSION ([pixel] >= 2500 AND [pixel] < 3000)
       STYLE
         WIDTH 0.91
         OUTLINECOLOR 0 0 0
         COLOR 0 99 0
       END
    END
    CLASS
      NAME "200 cm thru 249.9 cm"
      EXPRESSION ([pixel] >= 2000 AND [pixel] < 2500)
       STYLE
         WIDTH 0.91
         OUTLINECOLOR 0 0 0
         COLOR 0 134 0
       END
    END
    CLASS
      NAME "150 cm thru 199.9 cm"
      EXPRESSION ([pixel] >= 1500 AND [pixel] < 2000)
       STYLE
         WIDTH 0.91
         OUTLINECOLOR 0 0 0
         COLOR 0 200 0
       END
    END
   CLASS
      NAME "100 cm thru 149.9 cm"
      EXPRESSION ([pixel] >= 1000 AND [pixel] < 1500)
       STYLE
         WIDTH 0.91
         OUTLINECOLOR 0 0 0
         COLOR 31 245 31
       END
    END
   CLASS
      NAME "50 cm thru 99.9 cm"
      EXPRESSION ([pixel] >= 500 AND [pixel] < 1000)
       STYLE
         WIDTH 0.91
         OUTLINECOLOR 0 0 0
         COLOR 162 255 162
       END
    END
  CLASS
      NAME "0 cm thru 49.9 cm"
      EXPRESSION ([pixel] >= 0 AND [pixel] < 500)
       STYLE
         WIDTH 0.91
         OUTLINECOLOR 0 0 0
         COLOR 255 255 2
       END
    END
    
    
    
  END

LAYER
    NAME "ann_precip_B1_2070_2099"
    TYPE RASTER
    
    TEMPLATE fooOnlyForWMSGetFeatureInfo
    #EXTENT -8238943.443396 -3523215.000000 6725353.443396 4905135.000000
    DATA '/share/lmserver/data/climate/30sec-NA/NIES/B1/2070-2099/NA/bio_12.tif'
    METADATA
      'ows_title' 'r_r_50cm_11k_ann_precip'
      "wms_include_items"   "all"
    END
    STATUS ON
    TRANSPARENCY 100
    PROJECTION
    "init=epsg:2163"
    END
    CLASSITEM 'pixel'
    
    
    CLASS
      NAME "400 cm thru 449.9 cm"
      EXPRESSION ([pixel] >= 4000 AND [pixel] < 4500)
       STYLE
         WIDTH 0.91
         OUTLINECOLOR 0 0 0
         COLOR 0 30 0
       END
    END
   CLASS
      NAME "350 cm thru 399.9 cm"
      EXPRESSION ([pixel] >= 3500 AND [pixel] < 4000)
       STYLE
         WIDTH 0.91
         OUTLINECOLOR 0 0 0
         COLOR 0 52 0
       END
    END
   CLASS
      NAME "300 cm thru 349.9 cm"
      EXPRESSION ([pixel] >= 3000 AND [pixel] < 3500)
       STYLE
         WIDTH 0.91
         OUTLINECOLOR 0 0 0
         COLOR 0 77 0
       END
    END
   CLASS
      NAME "250 cm thru 299.9 cm"
      EXPRESSION ([pixel] >= 2500 AND [pixel] < 3000)
       STYLE
         WIDTH 0.91
         OUTLINECOLOR 0 0 0
         COLOR 0 99 0
       END
    END
    CLASS
      NAME "200 cm thru 249.9 cm"
      EXPRESSION ([pixel] >= 2000 AND [pixel] < 2500)
       STYLE
         WIDTH 0.91
         OUTLINECOLOR 0 0 0
         COLOR 0 134 0
       END
    END
    CLASS
      NAME "150 cm thru 199.9 cm"
      EXPRESSION ([pixel] >= 1500 AND [pixel] < 2000)
       STYLE
         WIDTH 0.91
         OUTLINECOLOR 0 0 0
         COLOR 0 200 0
       END
    END
   CLASS
      NAME "100 cm thru 149.9 cm"
      EXPRESSION ([pixel] >= 1000 AND [pixel] < 1500)
       STYLE
         WIDTH 0.91
         OUTLINECOLOR 0 0 0
         COLOR 31 245 31
       END
    END
   CLASS
      NAME "50 cm thru 99.9 cm"
      EXPRESSION ([pixel] >= 500 AND [pixel] < 1000)
       STYLE
         WIDTH 0.91
         OUTLINECOLOR 0 0 0
         COLOR 162 255 162
       END
    END
  CLASS
      NAME "0 cm thru 49.9 cm"
      EXPRESSION ([pixel] >= 0 AND [pixel] < 500)
       STYLE
         WIDTH 0.91
         OUTLINECOLOR 0 0 0
         COLOR 255 255 2
       END
    END
    
    
    
  END

######## future temp ################

  LAYER
    NAME 'ann_temp_A1B_2010_2039'
    TYPE RASTER
    
    TEMPLATE fooOnlyForWMSGetFeatureInfo
    #EXTENT -8238943.443396 -3523215.000000 6725353.443396 4905135.000000
    DATA '/share/lmserver/data/climate/30sec-NA/NIES/A1B/2010-2039/NA/bio_1.tif'
    METADATA
      'ows_title' 'r_r_5_degree_11k_ann_temp2'
      "wms_include_items"   "all"
    END
    STATUS On
    TRANSPARENCY 100
    PROJECTION
    "init=epsg:2163"
    END
    CLASSITEM 'pixel'
    

    
    CLASS
      NAME "25 C thru 29.9 C"
      EXPRESSION ([pixel] >= 250 AND [pixel] < 300)
       STYLE
         WIDTH 0.91
         OUTLINECOLOR 0 0 0
         COLOR 240 0 0
       END
    END

  CLASS
      NAME "20 C  thru 24.9 C"
      EXPRESSION ([pixel] >= 200 AND [pixel] < 250)
       STYLE
         WIDTH 0.91
         OUTLINECOLOR 0 0 0
         COLOR 255 77 0
       END
    END
  CLASS
      NAME "15 C thru 19.9 C"
      EXPRESSION ([pixel] >= 150 AND [pixel] < 200)
       STYLE
         WIDTH 0.91
         OUTLINECOLOR 0 0 0
         COLOR 255 143 0
       END
    END
    CLASS
      NAME "10 C thru 14.9 C"
      EXPRESSION ([pixel] >= 100 AND [pixel] < 150)
       STYLE
         WIDTH 0.91
         OUTLINECOLOR 0 0 0
         COLOR 255 197 0
       END
    END
    CLASS
      NAME "5 C thru 9.9 C"
      EXPRESSION ([pixel] >= 50 AND [pixel] < 100)
       STYLE
         WIDTH 0.91
         OUTLINECOLOR 0 0 0
         COLOR 0 255 245
       END
    END
    CLASS
      NAME "0 C thru 4.9 C"
      EXPRESSION ([pixel] >= 0 AND [pixel] < 50)
       STYLE
         WIDTH 0.91
         OUTLINECOLOR 0 0 0
         COLOR 0 186 255
       END
    END
    CLASS
      NAME "-5 C thru -.1 C"
      EXPRESSION ([pixel] >= -50 AND [pixel] < 0)
       STYLE
         WIDTH 0.91
         OUTLINECOLOR 0 0 0
         COLOR 0 122 255
       END
    END
    CLASS
      NAME "-10 C thru -5.1 C"
      EXPRESSION ([pixel] >= -100 AND [pixel] < -50)
       STYLE
         WIDTH 0.91
         OUTLINECOLOR 0 0 0
         COLOR 0 70 255
       END
    END
    CLASS
      NAME "-15 C thru -10.1 C"
      EXPRESSION ([pixel] >= -150 AND [pixel] < -100)
       STYLE
         WIDTH 0.91
         OUTLINECOLOR 0 0 0
         COLOR 0 37 255
       END
    END
   CLASS
      NAME "-20 C thru -15.1 C"
      EXPRESSION ([pixel] >= -200 AND [pixel] < -150)
       STYLE
         WIDTH 0.91
         OUTLINECOLOR 0 0 0
         COLOR 31 0 24
       END
    END
   CLASS
      NAME "-30 C thru -20.1 C"
      EXPRESSION ([pixel] >= -300 AND [pixel] < -200)
       STYLE
         WIDTH 0.91
         OUTLINECOLOR 0 0 0
         COLOR 69 0 186
       END
    END

END

 LAYER
    NAME 'ann_temp_A1B_2040_2069'
    TYPE RASTER
    
    TEMPLATE fooOnlyForWMSGetFeatureInfo
    #EXTENT -8238943.443396 -3523215.000000 6725353.443396 4905135.000000
    DATA '/share/lmserver/data/climate/30sec-NA/NIES/A1B/2040-2069/NA/bio_1.tif'
    METADATA
      'ows_title' 'r_r_5_degree_11k_ann_temp2'
      "wms_include_items"   "all"
    END
    STATUS On
    TRANSPARENCY 100
    PROJECTION
    "init=epsg:2163"
    END
    CLASSITEM 'pixel'
    

    
    CLASS
      NAME "25 C thru 29.9 C"
      EXPRESSION ([pixel] >= 250 AND [pixel] < 300)
       STYLE
         WIDTH 0.91
         OUTLINECOLOR 0 0 0
         COLOR 240 0 0
       END
    END

  CLASS
      NAME "20 C  thru 24.9 C"
      EXPRESSION ([pixel] >= 200 AND [pixel] < 250)
       STYLE
         WIDTH 0.91
         OUTLINECOLOR 0 0 0
         COLOR 255 77 0
       END
    END
  CLASS
      NAME "15 C thru 19.9 C"
      EXPRESSION ([pixel] >= 150 AND [pixel] < 200)
       STYLE
         WIDTH 0.91
         OUTLINECOLOR 0 0 0
         COLOR 255 143 0
       END
    END
    CLASS
      NAME "10 C thru 14.9 C"
      EXPRESSION ([pixel] >= 100 AND [pixel] < 150)
       STYLE
         WIDTH 0.91
         OUTLINECOLOR 0 0 0
         COLOR 255 197 0
       END
    END
    CLASS
      NAME "5 C thru 9.9 C"
      EXPRESSION ([pixel] >= 50 AND [pixel] < 100)
       STYLE
         WIDTH 0.91
         OUTLINECOLOR 0 0 0
         COLOR 0 255 245
       END
    END
    CLASS
      NAME "0 C thru 4.9 C"
      EXPRESSION ([pixel] >= 0 AND [pixel] < 50)
       STYLE
         WIDTH 0.91
         OUTLINECOLOR 0 0 0
         COLOR 0 186 255
       END
    END
    CLASS
      NAME "-5 C thru -.1 C"
      EXPRESSION ([pixel] >= -50 AND [pixel] < 0)
       STYLE
         WIDTH 0.91
         OUTLINECOLOR 0 0 0
         COLOR 0 122 255
       END
    END
    CLASS
      NAME "-10 C thru -5.1 C"
      EXPRESSION ([pixel] >= -100 AND [pixel] < -50)
       STYLE
         WIDTH 0.91
         OUTLINECOLOR 0 0 0
         COLOR 0 70 255
       END
    END
    CLASS
      NAME "-15 C thru -10.1 C"
      EXPRESSION ([pixel] >= -150 AND [pixel] < -100)
       STYLE
         WIDTH 0.91
         OUTLINECOLOR 0 0 0
         COLOR 0 37 255
       END
    END
   CLASS
      NAME "-20 C thru -15.1 C"
      EXPRESSION ([pixel] >= -200 AND [pixel] < -150)
       STYLE
         WIDTH 0.91
         OUTLINECOLOR 0 0 0
         COLOR 31 0 24
       END
    END
   CLASS
      NAME "-30 C thru -20.1 C"
      EXPRESSION ([pixel] >= -300 AND [pixel] < -200)
       STYLE
         WIDTH 0.91
         OUTLINECOLOR 0 0 0
         COLOR 69 0 186
       END
    END

END
 
 LAYER
    NAME 'ann_temp_A1B_2070_2099'
    TYPE RASTER
    
    TEMPLATE fooOnlyForWMSGetFeatureInfo
    #EXTENT -8238943.443396 -3523215.000000 6725353.443396 4905135.000000
    DATA '/share/lmserver/data/climate/30sec-NA/NIES/A1B/2070-2099/NA/bio_1.tif'
    METADATA
      'ows_title' 'r_r_5_degree_11k_ann_temp2'
      "wms_include_items"   "all"
    END
    STATUS On
    TRANSPARENCY 100
    PROJECTION
    "init=epsg:2163"
    END
    CLASSITEM 'pixel'
    

    
    CLASS
      NAME "25 C thru 29.9 C"
      EXPRESSION ([pixel] >= 250 AND [pixel] < 300)
       STYLE
         WIDTH 0.91
         OUTLINECOLOR 0 0 0
         COLOR 240 0 0
       END
    END

  CLASS
      NAME "20 C  thru 24.9 C"
      EXPRESSION ([pixel] >= 200 AND [pixel] < 250)
       STYLE
         WIDTH 0.91
         OUTLINECOLOR 0 0 0
         COLOR 255 77 0
       END
    END
  CLASS
      NAME "15 C thru 19.9 C"
      EXPRESSION ([pixel] >= 150 AND [pixel] < 200)
       STYLE
         WIDTH 0.91
         OUTLINECOLOR 0 0 0
         COLOR 255 143 0
       END
    END
    CLASS
      NAME "10 C thru 14.9 C"
      EXPRESSION ([pixel] >= 100 AND [pixel] < 150)
       STYLE
         WIDTH 0.91
         OUTLINECOLOR 0 0 0
         COLOR 255 197 0
       END
    END
    CLASS
      NAME "5 C thru 9.9 C"
      EXPRESSION ([pixel] >= 50 AND [pixel] < 100)
       STYLE
         WIDTH 0.91
         OUTLINECOLOR 0 0 0
         COLOR 0 255 245
       END
    END
    CLASS
      NAME "0 C thru 4.9 C"
      EXPRESSION ([pixel] >= 0 AND [pixel] < 50)
       STYLE
         WIDTH 0.91
         OUTLINECOLOR 0 0 0
         COLOR 0 186 255
       END
    END
    CLASS
      NAME "-5 C thru -.1 C"
      EXPRESSION ([pixel] >= -50 AND [pixel] < 0)
       STYLE
         WIDTH 0.91
         OUTLINECOLOR 0 0 0
         COLOR 0 122 255
       END
    END
    CLASS
      NAME "-10 C thru -5.1 C"
      EXPRESSION ([pixel] >= -100 AND [pixel] < -50)
       STYLE
         WIDTH 0.91
         OUTLINECOLOR 0 0 0
         COLOR 0 70 255
       END
    END
    CLASS
      NAME "-15 C thru -10.1 C"
      EXPRESSION ([pixel] >= -150 AND [pixel] < -100)
       STYLE
         WIDTH 0.91
         OUTLINECOLOR 0 0 0
         COLOR 0 37 255
       END
    END
   CLASS
      NAME "-20 C thru -15.1 C"
      EXPRESSION ([pixel] >= -200 AND [pixel] < -150)
       STYLE
         WIDTH 0.91
         OUTLINECOLOR 0 0 0
         COLOR 31 0 24
       END
    END
   CLASS
      NAME "-30 C thru -20.1 C"
      EXPRESSION ([pixel] >= -300 AND [pixel] < -200)
       STYLE
         WIDTH 0.91
         OUTLINECOLOR 0 0 0
         COLOR 69 0 186
       END
    END

END

 LAYER
    NAME 'ann_temp_A2_2010_2039'
    TYPE RASTER
    
    TEMPLATE fooOnlyForWMSGetFeatureInfo
    #EXTENT -8238943.443396 -3523215.000000 6725353.443396 4905135.000000
    DATA '/share/lmserver/data/climate/30sec-NA/NIES/A2/2010-2039/NA/bio_1.tif'
    METADATA
      'ows_title' 'r_r_5_degree_11k_ann_temp2'
      "wms_include_items"   "all"
    END
    STATUS On
    TRANSPARENCY 100
    PROJECTION
    "init=epsg:2163"
    END
    CLASSITEM 'pixel'
    

    
    CLASS
      NAME "25 C thru 29.9 C"
      EXPRESSION ([pixel] >= 250 AND [pixel] < 300)
       STYLE
         WIDTH 0.91
         OUTLINECOLOR 0 0 0
         COLOR 240 0 0
       END
    END

  CLASS
      NAME "20 C  thru 24.9 C"
      EXPRESSION ([pixel] >= 200 AND [pixel] < 250)
       STYLE
         WIDTH 0.91
         OUTLINECOLOR 0 0 0
         COLOR 255 77 0
       END
    END
  CLASS
      NAME "15 C thru 19.9 C"
      EXPRESSION ([pixel] >= 150 AND [pixel] < 200)
       STYLE
         WIDTH 0.91
         OUTLINECOLOR 0 0 0
         COLOR 255 143 0
       END
    END
    CLASS
      NAME "10 C thru 14.9 C"
      EXPRESSION ([pixel] >= 100 AND [pixel] < 150)
       STYLE
         WIDTH 0.91
         OUTLINECOLOR 0 0 0
         COLOR 255 197 0
       END
    END
    CLASS
      NAME "5 C thru 9.9 C"
      EXPRESSION ([pixel] >= 50 AND [pixel] < 100)
       STYLE
         WIDTH 0.91
         OUTLINECOLOR 0 0 0
         COLOR 0 255 245
       END
    END
    CLASS
      NAME "0 C thru 4.9 C"
      EXPRESSION ([pixel] >= 0 AND [pixel] < 50)
       STYLE
         WIDTH 0.91
         OUTLINECOLOR 0 0 0
         COLOR 0 186 255
       END
    END
    CLASS
      NAME "-5 C thru -.1 C"
      EXPRESSION ([pixel] >= -50 AND [pixel] < 0)
       STYLE
         WIDTH 0.91
         OUTLINECOLOR 0 0 0
         COLOR 0 122 255
       END
    END
    CLASS
      NAME "-10 C thru -5.1 C"
      EXPRESSION ([pixel] >= -100 AND [pixel] < -50)
       STYLE
         WIDTH 0.91
         OUTLINECOLOR 0 0 0
         COLOR 0 70 255
       END
    END
    CLASS
      NAME "-15 C thru -10.1 C"
      EXPRESSION ([pixel] >= -150 AND [pixel] < -100)
       STYLE
         WIDTH 0.91
         OUTLINECOLOR 0 0 0
         COLOR 0 37 255
       END
    END
   CLASS
      NAME "-20 C thru -15.1 C"
      EXPRESSION ([pixel] >= -200 AND [pixel] < -150)
       STYLE
         WIDTH 0.91
         OUTLINECOLOR 0 0 0
         COLOR 31 0 24
       END
    END
   CLASS
      NAME "-30 C thru -20.1 C"
      EXPRESSION ([pixel] >= -300 AND [pixel] < -200)
       STYLE
         WIDTH 0.91
         OUTLINECOLOR 0 0 0
         COLOR 69 0 186
       END
    END

END

 LAYER
    NAME 'ann_temp_A2_2040_2069'
    TYPE RASTER
    
    TEMPLATE fooOnlyForWMSGetFeatureInfo
    #EXTENT -8238943.443396 -3523215.000000 6725353.443396 4905135.000000
    DATA '/share/lmserver/data/climate/30sec-NA/NIES/A2/2040-2069/NA/bio_1.tif'
    METADATA
      'ows_title' 'r_r_5_degree_11k_ann_temp2'
      "wms_include_items"   "all"
    END
    STATUS On
    TRANSPARENCY 100
    PROJECTION
    "init=epsg:2163"
    END
    CLASSITEM 'pixel'
    

    
    CLASS
      NAME "25 C thru 29.9 C"
      EXPRESSION ([pixel] >= 250 AND [pixel] < 300)
       STYLE
         WIDTH 0.91
         OUTLINECOLOR 0 0 0
         COLOR 240 0 0
       END
    END

  CLASS
      NAME "20 C  thru 24.9 C"
      EXPRESSION ([pixel] >= 200 AND [pixel] < 250)
       STYLE
         WIDTH 0.91
         OUTLINECOLOR 0 0 0
         COLOR 255 77 0
       END
    END
  CLASS
      NAME "15 C thru 19.9 C"
      EXPRESSION ([pixel] >= 150 AND [pixel] < 200)
       STYLE
         WIDTH 0.91
         OUTLINECOLOR 0 0 0
         COLOR 255 143 0
       END
    END
    CLASS
      NAME "10 C thru 14.9 C"
      EXPRESSION ([pixel] >= 100 AND [pixel] < 150)
       STYLE
         WIDTH 0.91
         OUTLINECOLOR 0 0 0
         COLOR 255 197 0
       END
    END
    CLASS
      NAME "5 C thru 9.9 C"
      EXPRESSION ([pixel] >= 50 AND [pixel] < 100)
       STYLE
         WIDTH 0.91
         OUTLINECOLOR 0 0 0
         COLOR 0 255 245
       END
    END
    CLASS
      NAME "0 C thru 4.9 C"
      EXPRESSION ([pixel] >= 0 AND [pixel] < 50)
       STYLE
         WIDTH 0.91
         OUTLINECOLOR 0 0 0
         COLOR 0 186 255
       END
    END
    CLASS
      NAME "-5 C thru -.1 C"
      EXPRESSION ([pixel] >= -50 AND [pixel] < 0)
       STYLE
         WIDTH 0.91
         OUTLINECOLOR 0 0 0
         COLOR 0 122 255
       END
    END
    CLASS
      NAME "-10 C thru -5.1 C"
      EXPRESSION ([pixel] >= -100 AND [pixel] < -50)
       STYLE
         WIDTH 0.91
         OUTLINECOLOR 0 0 0
         COLOR 0 70 255
       END
    END
    CLASS
      NAME "-15 C thru -10.1 C"
      EXPRESSION ([pixel] >= -150 AND [pixel] < -100)
       STYLE
         WIDTH 0.91
         OUTLINECOLOR 0 0 0
         COLOR 0 37 255
       END
    END
   CLASS
      NAME "-20 C thru -15.1 C"
      EXPRESSION ([pixel] >= -200 AND [pixel] < -150)
       STYLE
         WIDTH 0.91
         OUTLINECOLOR 0 0 0
         COLOR 31 0 24
       END
    END
   CLASS
      NAME "-30 C thru -20.1 C"
      EXPRESSION ([pixel] >= -300 AND [pixel] < -200)
       STYLE
         WIDTH 0.91
         OUTLINECOLOR 0 0 0
         COLOR 69 0 186
       END
    END

END

 LAYER
    NAME 'ann_temp_A2_2070_2099'
    TYPE RASTER
    
    TEMPLATE fooOnlyForWMSGetFeatureInfo
    #EXTENT -8238943.443396 -3523215.000000 6725353.443396 4905135.000000
    DATA '/share/lmserver/data/climate/30sec-NA/NIES/A2/2070-2099/NA/bio_1.tif'
    METADATA
      'ows_title' 'r_r_5_degree_11k_ann_temp2'
      "wms_include_items"   "all"
    END
    STATUS On
    TRANSPARENCY 100
    PROJECTION
    "init=epsg:2163"
    END
    CLASSITEM 'pixel'
    

    
    CLASS
      NAME "25 C thru 29.9 C"
      EXPRESSION ([pixel] >= 250 AND [pixel] < 300)
       STYLE
         WIDTH 0.91
         OUTLINECOLOR 0 0 0
         COLOR 240 0 0
       END
    END

  CLASS
      NAME "20 C  thru 24.9 C"
      EXPRESSION ([pixel] >= 200 AND [pixel] < 250)
       STYLE
         WIDTH 0.91
         OUTLINECOLOR 0 0 0
         COLOR 255 77 0
       END
    END
  CLASS
      NAME "15 C thru 19.9 C"
      EXPRESSION ([pixel] >= 150 AND [pixel] < 200)
       STYLE
         WIDTH 0.91
         OUTLINECOLOR 0 0 0
         COLOR 255 143 0
       END
    END
    CLASS
      NAME "10 C thru 14.9 C"
      EXPRESSION ([pixel] >= 100 AND [pixel] < 150)
       STYLE
         WIDTH 0.91
         OUTLINECOLOR 0 0 0
         COLOR 255 197 0
       END
    END
    CLASS
      NAME "5 C thru 9.9 C"
      EXPRESSION ([pixel] >= 50 AND [pixel] < 100)
       STYLE
         WIDTH 0.91
         OUTLINECOLOR 0 0 0
         COLOR 0 255 245
       END
    END
    CLASS
      NAME "0 C thru 4.9 C"
      EXPRESSION ([pixel] >= 0 AND [pixel] < 50)
       STYLE
         WIDTH 0.91
         OUTLINECOLOR 0 0 0
         COLOR 0 186 255
       END
    END
    CLASS
      NAME "-5 C thru -.1 C"
      EXPRESSION ([pixel] >= -50 AND [pixel] < 0)
       STYLE
         WIDTH 0.91
         OUTLINECOLOR 0 0 0
         COLOR 0 122 255
       END
    END
    CLASS
      NAME "-10 C thru -5.1 C"
      EXPRESSION ([pixel] >= -100 AND [pixel] < -50)
       STYLE
         WIDTH 0.91
         OUTLINECOLOR 0 0 0
         COLOR 0 70 255
       END
    END
    CLASS
      NAME "-15 C thru -10.1 C"
      EXPRESSION ([pixel] >= -150 AND [pixel] < -100)
       STYLE
         WIDTH 0.91
         OUTLINECOLOR 0 0 0
         COLOR 0 37 255
       END
    END
   CLASS
      NAME "-20 C thru -15.1 C"
      EXPRESSION ([pixel] >= -200 AND [pixel] < -150)
       STYLE
         WIDTH 0.91
         OUTLINECOLOR 0 0 0
         COLOR 31 0 24
       END
    END
   CLASS
      NAME "-30 C thru -20.1 C"
      EXPRESSION ([pixel] >= -300 AND [pixel] < -200)
       STYLE
         WIDTH 0.91
         OUTLINECOLOR 0 0 0
         COLOR 69 0 186
       END
    END

END

 LAYER
    NAME 'ann_temp_B1_2010_2039'
    TYPE RASTER
    
    TEMPLATE fooOnlyForWMSGetFeatureInfo
    #EXTENT -8238943.443396 -3523215.000000 6725353.443396 4905135.000000
    DATA '/share/lmserver/data/climate/30sec-NA/NIES/B1/2010-2039/NA/bio_1.tif'
    METADATA
      'ows_title' 'r_r_5_degree_11k_ann_temp2'
      "wms_include_items"   "all"
    END
    STATUS On
    TRANSPARENCY 100
    PROJECTION
    "init=epsg:2163"
    END
    CLASSITEM 'pixel'
    

    
    CLASS
      NAME "25 C thru 29.9 C"
      EXPRESSION ([pixel] >= 250 AND [pixel] < 300)
       STYLE
         WIDTH 0.91
         OUTLINECOLOR 0 0 0
         COLOR 240 0 0
       END
    END

  CLASS
      NAME "20 C  thru 24.9 C"
      EXPRESSION ([pixel] >= 200 AND [pixel] < 250)
       STYLE
         WIDTH 0.91
         OUTLINECOLOR 0 0 0
         COLOR 255 77 0
       END
    END
  CLASS
      NAME "15 C thru 19.9 C"
      EXPRESSION ([pixel] >= 150 AND [pixel] < 200)
       STYLE
         WIDTH 0.91
         OUTLINECOLOR 0 0 0
         COLOR 255 143 0
       END
    END
    CLASS
      NAME "10 C thru 14.9 C"
      EXPRESSION ([pixel] >= 100 AND [pixel] < 150)
       STYLE
         WIDTH 0.91
         OUTLINECOLOR 0 0 0
         COLOR 255 197 0
       END
    END
    CLASS
      NAME "5 C thru 9.9 C"
      EXPRESSION ([pixel] >= 50 AND [pixel] < 100)
       STYLE
         WIDTH 0.91
         OUTLINECOLOR 0 0 0
         COLOR 0 255 245
       END
    END
    CLASS
      NAME "0 C thru 4.9 C"
      EXPRESSION ([pixel] >= 0 AND [pixel] < 50)
       STYLE
         WIDTH 0.91
         OUTLINECOLOR 0 0 0
         COLOR 0 186 255
       END
    END
    CLASS
      NAME "-5 C thru -.1 C"
      EXPRESSION ([pixel] >= -50 AND [pixel] < 0)
       STYLE
         WIDTH 0.91
         OUTLINECOLOR 0 0 0
         COLOR 0 122 255
       END
    END
    CLASS
      NAME "-10 C thru -5.1 C"
      EXPRESSION ([pixel] >= -100 AND [pixel] < -50)
       STYLE
         WIDTH 0.91
         OUTLINECOLOR 0 0 0
         COLOR 0 70 255
       END
    END
    CLASS
      NAME "-15 C thru -10.1 C"
      EXPRESSION ([pixel] >= -150 AND [pixel] < -100)
       STYLE
         WIDTH 0.91
         OUTLINECOLOR 0 0 0
         COLOR 0 37 255
       END
    END
   CLASS
      NAME "-20 C thru -15.1 C"
      EXPRESSION ([pixel] >= -200 AND [pixel] < -150)
       STYLE
         WIDTH 0.91
         OUTLINECOLOR 0 0 0
         COLOR 31 0 24
       END
    END
   CLASS
      NAME "-30 C thru -20.1 C"
      EXPRESSION ([pixel] >= -300 AND [pixel] < -200)
       STYLE
         WIDTH 0.91
         OUTLINECOLOR 0 0 0
         COLOR 69 0 186
       END
    END

END

 LAYER
    NAME 'ann_temp_B1_2040_2069'
    TYPE RASTER
    
    TEMPLATE fooOnlyForWMSGetFeatureInfo
    #EXTENT -8238943.443396 -3523215.000000 6725353.443396 4905135.000000
    DATA '/share/lmserver/data/climate/30sec-NA/NIES/B1/2040-2069/NA/bio_1.tif'
    METADATA
      'ows_title' 'r_r_5_degree_11k_ann_temp2'
      "wms_include_items"   "all"
    END
    STATUS On
    TRANSPARENCY 100
    PROJECTION
    "init=epsg:2163"
    END
    CLASSITEM 'pixel'
    

    
    CLASS
      NAME "25 C thru 29.9 C"
      EXPRESSION ([pixel] >= 250 AND [pixel] < 300)
       STYLE
         WIDTH 0.91
         OUTLINECOLOR 0 0 0
         COLOR 240 0 0
       END
    END

  CLASS
      NAME "20 C  thru 24.9 C"
      EXPRESSION ([pixel] >= 200 AND [pixel] < 250)
       STYLE
         WIDTH 0.91
         OUTLINECOLOR 0 0 0
         COLOR 255 77 0
       END
    END
  CLASS
      NAME "15 C thru 19.9 C"
      EXPRESSION ([pixel] >= 150 AND [pixel] < 200)
       STYLE
         WIDTH 0.91
         OUTLINECOLOR 0 0 0
         COLOR 255 143 0
       END
    END
    CLASS
      NAME "10 C thru 14.9 C"
      EXPRESSION ([pixel] >= 100 AND [pixel] < 150)
       STYLE
         WIDTH 0.91
         OUTLINECOLOR 0 0 0
         COLOR 255 197 0
       END
    END
    CLASS
      NAME "5 C thru 9.9 C"
      EXPRESSION ([pixel] >= 50 AND [pixel] < 100)
       STYLE
         WIDTH 0.91
         OUTLINECOLOR 0 0 0
         COLOR 0 255 245
       END
    END
    CLASS
      NAME "0 C thru 4.9 C"
      EXPRESSION ([pixel] >= 0 AND [pixel] < 50)
       STYLE
         WIDTH 0.91
         OUTLINECOLOR 0 0 0
         COLOR 0 186 255
       END
    END
    CLASS
      NAME "-5 C thru -.1 C"
      EXPRESSION ([pixel] >= -50 AND [pixel] < 0)
       STYLE
         WIDTH 0.91
         OUTLINECOLOR 0 0 0
         COLOR 0 122 255
       END
    END
    CLASS
      NAME "-10 C thru -5.1 C"
      EXPRESSION ([pixel] >= -100 AND [pixel] < -50)
       STYLE
         WIDTH 0.91
         OUTLINECOLOR 0 0 0
         COLOR 0 70 255
       END
    END
    CLASS
      NAME "-15 C thru -10.1 C"
      EXPRESSION ([pixel] >= -150 AND [pixel] < -100)
       STYLE
         WIDTH 0.91
         OUTLINECOLOR 0 0 0
         COLOR 0 37 255
       END
    END
   CLASS
      NAME "-20 C thru -15.1 C"
      EXPRESSION ([pixel] >= -200 AND [pixel] < -150)
       STYLE
         WIDTH 0.91
         OUTLINECOLOR 0 0 0
         COLOR 31 0 24
       END
    END
   CLASS
      NAME "-30 C thru -20.1 C"
      EXPRESSION ([pixel] >= -300 AND [pixel] < -200)
       STYLE
         WIDTH 0.91
         OUTLINECOLOR 0 0 0
         COLOR 69 0 186
       END
    END

END

 LAYER
    NAME 'ann_temp_B1_2070_2099'
    TYPE RASTER
    
    TEMPLATE fooOnlyForWMSGetFeatureInfo
    #EXTENT -8238943.443396 -3523215.000000 6725353.443396 4905135.000000
    DATA '/share/lmserver/data/climate/30sec-NA/NIES/B1/2070-2099/NA/bio_1.tif'
    METADATA
      'ows_title' 'r_r_5_degree_11k_ann_temp2'
      "wms_include_items"   "all"
    END
    STATUS On
    TRANSPARENCY 100
    PROJECTION
    "init=epsg:2163"
    END
    CLASSITEM 'pixel'
    

    
    CLASS
      NAME "25 C thru 29.9 C"
      EXPRESSION ([pixel] >= 250 AND [pixel] < 300)
       STYLE
         WIDTH 0.91
         OUTLINECOLOR 0 0 0
         COLOR 240 0 0
       END
    END

  CLASS
      NAME "20 C  thru 24.9 C"
      EXPRESSION ([pixel] >= 200 AND [pixel] < 250)
       STYLE
         WIDTH 0.91
         OUTLINECOLOR 0 0 0
         COLOR 255 77 0
       END
    END
  CLASS
      NAME "15 C thru 19.9 C"
      EXPRESSION ([pixel] >= 150 AND [pixel] < 200)
       STYLE
         WIDTH 0.91
         OUTLINECOLOR 0 0 0
         COLOR 255 143 0
       END
    END
    CLASS
      NAME "10 C thru 14.9 C"
      EXPRESSION ([pixel] >= 100 AND [pixel] < 150)
       STYLE
         WIDTH 0.91
         OUTLINECOLOR 0 0 0
         COLOR 255 197 0
       END
    END
    CLASS
      NAME "5 C thru 9.9 C"
      EXPRESSION ([pixel] >= 50 AND [pixel] < 100)
       STYLE
         WIDTH 0.91
         OUTLINECOLOR 0 0 0
         COLOR 0 255 245
       END
    END
    CLASS
      NAME "0 C thru 4.9 C"
      EXPRESSION ([pixel] >= 0 AND [pixel] < 50)
       STYLE
         WIDTH 0.91
         OUTLINECOLOR 0 0 0
         COLOR 0 186 255
       END
    END
    CLASS
      NAME "-5 C thru -.1 C"
      EXPRESSION ([pixel] >= -50 AND [pixel] < 0)
       STYLE
         WIDTH 0.91
         OUTLINECOLOR 0 0 0
         COLOR 0 122 255
       END
    END
    CLASS
      NAME "-10 C thru -5.1 C"
      EXPRESSION ([pixel] >= -100 AND [pixel] < -50)
       STYLE
         WIDTH 0.91
         OUTLINECOLOR 0 0 0
         COLOR 0 70 255
       END
    END
    CLASS
      NAME "-15 C thru -10.1 C"
      EXPRESSION ([pixel] >= -150 AND [pixel] < -100)
       STYLE
         WIDTH 0.91
         OUTLINECOLOR 0 0 0
         COLOR 0 37 255
       END
    END
   CLASS
      NAME "-20 C thru -15.1 C"
      EXPRESSION ([pixel] >= -200 AND [pixel] < -150)
       STYLE
         WIDTH 0.91
         OUTLINECOLOR 0 0 0
         COLOR 31 0 24
       END
    END
   CLASS
      NAME "-30 C thru -20.1 C"
      EXPRESSION ([pixel] >= -300 AND [pixel] < -200)
       STYLE
         WIDTH 0.91
         OUTLINECOLOR 0 0 0
         COLOR 69 0 186
       END
    END

END


#########   current precip ##########
  LAYER
    NAME "fifty_cm_ann_precip"
    TYPE RASTER
    
    TEMPLATE fooOnlyForWMSGetFeatureInfo
    #EXTENT -8238943.443396 -3523215.000000 6725353.443396 4905135.000000
    DATA '/share/lmserver/data/climate/30sec-NA/worldclim1.4/bio_12.tif'
    METADATA
      'ows_title' 'r_r_50cm_11k_ann_precip'
      "wms_include_items"   "all"
    END
    STATUS ON
    TRANSPARENCY 100
    PROJECTION
    "init=epsg:2163"
    END
    CLASSITEM 'pixel'
    
    
    CLASS
      NAME "400 cm thru 449.9 cm"
      EXPRESSION ([pixel] >= 4000 AND [pixel] < 4500)
       STYLE
         WIDTH 0.91
         OUTLINECOLOR 0 0 0
         COLOR 0 30 0
       END
    END
   CLASS
      NAME "350 cm thru 399.9 cm"
      EXPRESSION ([pixel] >= 3500 AND [pixel] < 4000)
       STYLE
         WIDTH 0.91
         OUTLINECOLOR 0 0 0
         COLOR 0 52 0
       END
    END
   CLASS
      NAME "300 cm thru 349.9 cm"
      EXPRESSION ([pixel] >= 3000 AND [pixel] < 3500)
       STYLE
         WIDTH 0.91
         OUTLINECOLOR 0 0 0
         COLOR 0 77 0
       END
    END
   CLASS
      NAME "250 cm thru 299.9 cm"
      EXPRESSION ([pixel] >= 2500 AND [pixel] < 3000)
       STYLE
         WIDTH 0.91
         OUTLINECOLOR 0 0 0
         COLOR 0 99 0
       END
    END
    CLASS
      NAME "200 cm thru 249.9 cm"
      EXPRESSION ([pixel] >= 2000 AND [pixel] < 2500)
       STYLE
         WIDTH 0.91
         OUTLINECOLOR 0 0 0
         COLOR 0 134 0
       END
    END
    CLASS
      NAME "150 cm thru 199.9 cm"
      EXPRESSION ([pixel] >= 1500 AND [pixel] < 2000)
       STYLE
         WIDTH 0.91
         OUTLINECOLOR 0 0 0
         COLOR 0 200 0
       END
    END
   CLASS
      NAME "100 cm thru 149.9 cm"
      EXPRESSION ([pixel] >= 1000 AND [pixel] < 1500)
       STYLE
         WIDTH 0.91
         OUTLINECOLOR 0 0 0
         COLOR 31 245 31
       END
    END
   CLASS
      NAME "50 cm thru 99.9 cm"
      EXPRESSION ([pixel] >= 500 AND [pixel] < 1000)
       STYLE
         WIDTH 0.91
         OUTLINECOLOR 0 0 0
         COLOR 162 255 162
       END
    END
  CLASS
      NAME "0 cm thru 49.9 cm"
      EXPRESSION ([pixel] >= 0 AND [pixel] < 500)
       STYLE
         WIDTH 0.91
         OUTLINECOLOR 0 0 0
         COLOR 255 255 2
       END
    END
    
    
    
  END


  #-------------------------------------------------------------------------
  QUERYMAP
    STATUS ON
    STYLE HILITE
  END
  
  #-------------------------------------------------------------------------
OUTPUTFORMAT
  NAME gif
  DRIVER "GD/GIF"
  MIMETYPE "image/gif"
  IMAGEMODE PC256
  EXTENSION "gif"
  FORMATOPTION "GDAL/*"
END

OUTPUTFORMAT
  NAME png
  DRIVER "AGG/PNG"
  MIMETYPE "image/png"
  IMAGEMODE RGBA
  TRANSPARENT ON
  EXTENSION "png"
  FORMATOPTION "INTERLACE=OFF"
END

OUTPUTFORMAT
  NAME jpeg
  DRIVER "AGG/JPEG"
  MIMETYPE "image/jpeg"
  IMAGEMODE RGB
  EXTENSION "jpg"
  FORMATOPTION "GDAL/*"
END

OUTPUTFORMAT
  NAME GTiff
  DRIVER "GDAL/GTiff"
  MIMETYPE "image/tiff"
  IMAGEMODE FLOAT32
  EXTENSION "tif"
  FORMATOPTION "GDAL/*"
END

OUTPUTFORMAT
  NAME AAIGRID
  DRIVER "GDAL/AAIGRID"
  MIMETYPE "image/x-aaigrid"
  IMAGEMODE INT16
  EXTENSION "asc"
  FORMATOPTION "FILENAME=result.asc"
END
END #of map file

