#Simple WMS service .map example
NAME WMS1
STATUS ON
SIZE 600 300
EXTENT -180 -90 180 90
UNITS dd
IMAGECOLOR 255 255 255

WEB
  IMAGEPATH "/var/www/tmp/"
  IMAGEURL "/tmp/"
  METADATA
    "wms_title" "WMS Example 1"
    "wms_onlineresource" "http://localhost/cgi-bin/ogc.cgi/wmstst?"
    "wms_srs" "EPSG:4326"  #recommended - EPSG:4326 = geographic projection
  END
END

PROJECTION
  #Required
  "init=epsg:4326"
END

LAYER
  NAME country
  METADATA
    "wms_title"  "Country"
  END
  TYPE POLYGON
  STATUS ON
  CONNECTIONTYPE OGR
  CONNECTION "/share/data/ESRIDATA/WORLD/country.shp"
  PROJECTION
    "init=epsg:4326"
  END
  CLASS
    NAME "Country"
    COLOR 255 255 255
    OUTLINECOLOR 0 0 0
  END
END

LAYER
  NAME "ebola_20040618"
  METADATA
    wms_title "ebola_20040618"
  END  
  TYPE POLYGON
  STATUS DEFAULT
  CONNECTIONTYPE OGR
  CONNECTION "/share/data/Final/africa/ebola_outbreaks_final_20040618.shp"
  CLASS 
    NAME "Ebola"
    COLOR 200 100 0
    OUTLINECOLOR 0 0 0 
  END
END

LAYER
  NAME "ndvi_1999_01"
  METADATA
    wms_title "AVHRR NDVI 1999 01"
  END
  DATA "/data/avhrr/1999_01/ndvi_01.tiff"
  TYPE RASTER
  STATUS ON
  PROCESSING "SCALE=-0.5,1.0"
  PROCESSING "SCALE_BUCKETS=8" 
  CLASS
    NAME "red"
    EXPRESSION ([pixel] < -0.4)
    COLOR 255 0 0
  END
  CLASS
    NAME "green0"
    EXPRESSION ([pixel] >= 0.4 and [pixel] < -0.2)
    COLOR 50 50 0
  END
  CLASS
    NAME "green1"
    EXPRESSION ([pixel] >= -0.2 and [pixel] < 0.0)
    COLOR 0 50 0
  END
  CLASS
    NAME "green2"
    EXPRESSION ([pixel] >= 0.0 and [pixel] < 0.2)
    COLOR 0 100 0
  END
  CLASS
    NAME "green3"
    EXPRESSION ([pixel] >= 0.2 and [pixel] < 0.4)
    COLOR 0 150 0
  END
  CLASS
    NAME "green4"
    EXPRESSION ([pixel] >= 0.4 and [pixel] < 0.6)       
    COLOR 0 200 0
  END      
  CLASS
    NAME "green5"              
    EXPRESSION ([pixel] >= 0.6 and [pixel] < 0.8)
    COLOR 0 255 0
  END
  CLASS          
    NAME "green6"
    EXPRESSION ([pixel] >= 0.8 and [pixel] < 1.0)
    COLOR 0 255 100
  END
END #raster

END #of map file

