# Mapserver map file for Lifemapper specimen cache

MAP
  NAME dgrcache 
  STATUS ON
  DEBUG ON
  SIZE 600 300
  EXTENT -180 -90 180 90
  UNITS dd
  IMAGECOLOR 255 255 255
  SYMBOLSET "symbols.txt"

  PROJECTION
    "init=epsg:4326"
  END

  WEB
    IMAGEPATH "/var/www/tmp/"
    IMAGEURL "/tmp/"
    LOG "/var/www/tmp/mslogfile.txt"
    METADATA
      "wms_title" 				"DiGIR Specimens"
      "ogc_onlineresource" 	"http://localhost/cgi-bin/ogc.cgi/dgrcache?"
      "wms_srs" 					"epsg:4326"
    END
  END
  
  #-------------------------------------------------------------------------
  LAYER
    NAME "specimens"
    CONNECTIONTYPE postgis
    CONNECTION "user=mapuser password=m49s84vEr dbname=dgrcache host=localhost"
    TYPE POINT
    STATUS ON
    DUMP TRUE
    TEMPLATE "query.html" 
    TOLERANCE 3 
    TOLERANCEUNITS PIXELS
    EXTENT -180 -90 180 90
    DATA "geom from specimen"
    METADATA
      "ows_title" "Specimens"
      "gml_include_items" "all"      
      "gml_featureid"     "specimenid"
    END
    PROJECTION
      "init=epsg:4326"
    END
    CLASS
      SYMBOL "filledcircle"
      COLOR 255 0 0
      SIZE 5
    END
  END
  
  #-------------------------------------------------------------------------
  QUERYMAP
    STATUS ON
    STYLE HILITE
  END
  
  
  #-------------------------------------------------------------------------
# All WCS Layers support the following:
OUTPUTFORMAT
  NAME gif
  DRIVER "GD/GIF"
  MIMETYPE "image/gif"
  IMAGEMODE PC256
  EXTENSION "gif"
  FORMATOPTION "GDAL/*"
END

OUTPUTFORMAT
  NAME png
  DRIVER "GD/PNG"
  MIMETYPE "image/png"
  IMAGEMODE RGB
  EXTENSION "png"
  FORMATOPTION "INTERLACE=OFF"
END

OUTPUTFORMAT
  NAME jpeg
  DRIVER "GD/JPEG"
  MIMETYPE "image/jpeg"
  IMAGEMODE RGB
  EXTENSION "jpg"
  FORMATOPTION "GDAL/*"
END

OUTPUTFORMAT
  NAME wbmp
  DRIVER "GD/WBMP"
  MIMETYPE "image/wbmp"
  IMAGEMODE PC256
  EXTENSION "wbmp"
END

OUTPUTFORMAT
  NAME GTiff
  DRIVER "GDAL/GTiff"
  MIMETYPE "image/tiff"
  IMAGEMODE RGB
  EXTENSION "tif"
  FORMATOPTION "GDAL/*"
END

OUTPUTFORMAT
  NAME AAIGRID
  DRIVER "GDAL/AAIGRID"
  MIMETYPE "image/x-aaigrid"
  IMAGEMODE INT16
  EXTENSION "asc"
  FORMATOPTION "FILENAME=result.asc"
END

END #of map file

