MAP
   # changeThinking RAD maps for Song Birds, Amphibia, Mammalia, Mustards, Butterflies
   # classed on two different site based stats, richness and mean proportional
   # range size, 3 future scens, worldclim, for one time period, 70-99
   NAME  ChangeThinkingRAD 
   STATUS ON
   DEBUG ON
   SIZE 600 600
   CONFIG "PROJ_LIB" "/opt/lifemapper/share/proj/"
   IMAGETYPE png
   EXTENT  -4387050.000 -3732756.479 4073244.205 4704460.000
   UNITS meters
   IMAGECOLOR 0 0 0
   PROJECTION
      "init=epsg:2163"
   END

   WEB
      IMAGEPATH "/var/www/tmp/"
      IMAGEURL "/tmp/"
      LOG "/var/www/tmp/mslogfile.txt"


      METADATA
         ows_label   "Lifemapper Change Thinking Service"
         ows_title   "CT"
         ows_onlineresource   "http://yeti.lifemapper.org/services/maps/?map=anc_ctRAD"
         ows_srs   "epsg:4326 epsg:900913 epsg:2163"
         ows_enable_request  "*"
      END

   END 
  
  LEGEND

     KEYSIZE 30 20
  END

###########  Passeriforme Richness ############

  LAYER
    NAME 'passeriforme_richness_worldclim'
    TYPE RASTER
    
    TEMPLATE fooOnlyForWMSGetFeatureInfo
    #EXTENT -8238943.443396 -3523215.000000 6725353.443396 4905135.000000
    DATA '/share/lmserver/data/archive/changeThinking/2163/Layers/Passeriformes_richness_worldclim_1.4_5pp.tif'
    METADATA
      'ows_title' 'passeriforme_richness_worldclim'
      
    END
    STATUS On
    TRANSPARENCY 100
    PROJECTION
    "init=epsg:2163"
    END
    CLASSITEM 'pixel' 
    
    CLASS
      NAME "1 - 20"
      EXPRESSION ([pixel] >= 1 AND [pixel] < 20)
       STYLE
        
         COLOR 0 255 255
       END
    END
    CLASS
      NAME "20 - 50"
      EXPRESSION ([pixel] >= 20 AND [pixel] < 50)
       STYLE
        
         COLOR 61 243 182
       END
    END
   CLASS
      NAME "50 - 83"
      EXPRESSION ([pixel] >= 50 AND [pixel] < 83)
       STYLE
        
         COLOR 123 232 109
       END
    END
   CLASS
      NAME "83 - 117"
      EXPRESSION ([pixel] >= 83 AND [pixel] < 117)
       STYLE
        
         COLOR 185 221 36
       END
    END
   CLASS
      NAME "117 - 160"
      EXPRESSION ([pixel] >= 117 AND [pixel] < 160)
       STYLE
        
         COLOR 221 185 0
       END
    END
   CLASS
      NAME "160 - 217"
      EXPRESSION ([pixel] >= 160 AND [pixel] < 217)
       STYLE
        
         COLOR 255 132 0
       END
    END
  CLASS
      NAME "217 - 286"
      EXPRESSION ([pixel] >= 217 AND [pixel] < 286)
       STYLE
        
         COLOR 243 61 0
       END
    END
  CLASS
      NAME "286 - 389"
      EXPRESSION ([pixel] >= 286 AND [pixel] <= 389)
       STYLE
        
         COLOR 176 0 0
       END
   END
    
END

  LAYER
    NAME 'passeriforme_richness_B1'
    TYPE RASTER
    
    TEMPLATE fooOnlyForWMSGetFeatureInfo
    #EXTENT -8238943.443396 -3523215.000000 6725353.443396 4905135.000000
    DATA '/share/lmserver/data/archive/changeThinking/2163/Layers/Passeriformes_richness_B1_7099_5pp.tif'
    METADATA
      'ows_title' 'passeriforme_richness_B1'
      
    END
    STATUS On
    TRANSPARENCY 100
    PROJECTION
    "init=epsg:2163"
    END
    CLASSITEM 'pixel' 
    
    CLASS
      NAME "1 - 20"
      EXPRESSION ([pixel] >= 1 AND [pixel] < 20)
       STYLE
        
         COLOR 0 255 255
       END
    END
    CLASS
      NAME "20 - 50"
      EXPRESSION ([pixel] >= 20 AND [pixel] < 50)
       STYLE
        
         COLOR 61 243 182
       END
    END
   CLASS
      NAME "50 - 83"
      EXPRESSION ([pixel] >= 50 AND [pixel] < 83)
       STYLE
        
         COLOR 123 232 109
       END
    END
   CLASS
      NAME "83 - 117"
      EXPRESSION ([pixel] >= 83 AND [pixel] < 117)
       STYLE
        
         COLOR 185 221 36
       END
    END
   CLASS
      NAME "117 - 160"
      EXPRESSION ([pixel] >= 117 AND [pixel] < 160)
       STYLE
        
         COLOR 221 185 0
       END
    END
   CLASS
      NAME "160 - 217"
      EXPRESSION ([pixel] >= 160 AND [pixel] < 217)
       STYLE
        
         COLOR 255 132 0
       END
    END
  CLASS
      NAME "217 - 286"
      EXPRESSION ([pixel] >= 217 AND [pixel] < 286)
       STYLE
        
         COLOR 243 61 0
       END
    END
  CLASS
      NAME "286 - 389"
      EXPRESSION ([pixel] >= 286 AND [pixel] <= 389)
       STYLE
        
         COLOR 176 0 0
       END
   END
    
END
 

  LAYER
    NAME 'passeriforme_richness_A1B'
    TYPE RASTER
    
    TEMPLATE fooOnlyForWMSGetFeatureInfo
    #EXTENT -8238943.443396 -3523215.000000 6725353.443396 4905135.000000
    DATA '/share/lmserver/data/archive/changeThinking/2163/Layers/Passeriformes_richness_A1B_7099_5pp.tif'
    METADATA
      'ows_title' 'passeriforme_richness_A1B'
      
    END
    STATUS On
    TRANSPARENCY 100
    PROJECTION
    "init=epsg:2163"
    END
    CLASSITEM 'pixel' 
    
    CLASS
      NAME "1 - 20"
      EXPRESSION ([pixel] >= 1 AND [pixel] < 20)
       STYLE
        
         COLOR 0 255 255
       END
    END
    CLASS
      NAME "20 - 50"
      EXPRESSION ([pixel] >= 20 AND [pixel] < 50)
       STYLE
        
         COLOR 61 243 182
       END
    END
   CLASS
      NAME "50 - 83"
      EXPRESSION ([pixel] >= 50 AND [pixel] < 83)
       STYLE
        
         COLOR 123 232 109
       END
    END
   CLASS
      NAME "83 - 117"
      EXPRESSION ([pixel] >= 83 AND [pixel] < 117)
       STYLE
        
         COLOR 185 221 36
       END
    END
   CLASS
      NAME "117 - 160"
      EXPRESSION ([pixel] >= 117 AND [pixel] < 160)
       STYLE
        
         COLOR 221 185 0
       END
    END
   CLASS
      NAME "160 - 217"
      EXPRESSION ([pixel] >= 160 AND [pixel] < 217)
       STYLE
        
         COLOR 255 132 0
       END
    END
  CLASS
      NAME "217 - 286"
      EXPRESSION ([pixel] >= 217 AND [pixel] < 286)
       STYLE
        
         COLOR 243 61 0
       END
    END
  CLASS
      NAME "286 - 389"
      EXPRESSION ([pixel] >= 286 AND [pixel] <= 389)
       STYLE
        
         COLOR 176 0 0
       END
   END
    
END

  LAYER
    NAME 'passeriforme_richness_A2'
    TYPE RASTER
    
    TEMPLATE fooOnlyForWMSGetFeatureInfo
    #EXTENT -8238943.443396 -3523215.000000 6725353.443396 4905135.000000
    DATA '/share/lmserver/data/archive/changeThinking/2163/Layers/Passeriformes_richness_A2_7099_5pp.tif'
    METADATA
      'ows_title' 'passeriforme_richness_A2'
      
    END
    STATUS On
    TRANSPARENCY 100
    PROJECTION
    "init=epsg:2163"
    END
    CLASSITEM 'pixel' 
    
    CLASS
      NAME "1 - 20"
      EXPRESSION ([pixel] >= 1 AND [pixel] < 20)
       STYLE
        
         COLOR 0 255 255
       END
    END
    CLASS
      NAME "20 - 50"
      EXPRESSION ([pixel] >= 20 AND [pixel] < 50)
       STYLE
        
         COLOR 61 243 182
       END
    END
   CLASS
      NAME "50 - 83"
      EXPRESSION ([pixel] >= 50 AND [pixel] < 83)
       STYLE
        
         COLOR 123 232 109
       END
    END
   CLASS
      NAME "83 - 117"
      EXPRESSION ([pixel] >= 83 AND [pixel] < 117)
       STYLE
        
         COLOR 185 221 36
       END
    END
   CLASS
      NAME "117 - 160"
      EXPRESSION ([pixel] >= 117 AND [pixel] < 160)
       STYLE
        
         COLOR 221 185 0
       END
    END
   CLASS
      NAME "160 - 217"
      EXPRESSION ([pixel] >= 160 AND [pixel] < 217)
       STYLE
        
         COLOR 255 132 0
       END
    END
  CLASS
      NAME "217 - 286"
      EXPRESSION ([pixel] >= 217 AND [pixel] < 286)
       STYLE
        
         COLOR 243 61 0
       END
    END
  CLASS
      NAME "286 - 389"
      EXPRESSION ([pixel] >= 286 AND [pixel] <= 389)
       STYLE
        
         COLOR 176 0 0
       END
   END
    
END



###########  Passeriforme AvgPropRgSz ############

  LAYER
    NAME 'passeriforme_avgPropRgSz_worldclim'
    TYPE RASTER
    
    TEMPLATE fooOnlyForWMSGetFeatureInfo
    #EXTENT -8238943.443396 -3523215.000000 6725353.443396 4905135.000000
    DATA '/share/lmserver/data/archive/changeThinking/2163/Layers/Passeriformes_avgpropRaS_worldclim_1.4_5pp.tif'
    METADATA
      'ows_title' 'passeriforme_avgPropRgSz_worldclim'
      
    END
    STATUS On
    TRANSPARENCY 100
    PROJECTION
    "init=epsg:2163"
    END
    CLASSITEM 'pixel' 
    

    CLASS
      NAME "0.0341 - 0.1361"
      EXPRESSION ([pixel] >= 0.0341 AND [pixel] < 0.1361)
       STYLE
        
         COLOR 191 0 0
       END
    END
    CLASS
      NAME "0.1361 - 0.2538"
      EXPRESSION ([pixel] >= 0.1361 AND [pixel] < 0.2538)
       STYLE
        
         COLOR 255 89 0
       END
    END
   CLASS
      NAME "0.2538 - 0.3228"
      EXPRESSION ([pixel] >= 0.2538 AND [pixel] < 0.3228)
       STYLE
        
         COLOR 223 172 0
       END
    END
   CLASS
      NAME "0.3228 - 0.3938"
      EXPRESSION ([pixel] >= 0.3228 AND [pixel] < 0.3938)
       STYLE
        
         COLOR 172 223 51
       END
    END
   CLASS
      NAME "0.3938 - 0.4973"
      EXPRESSION ([pixel] >= 0.3938 AND [pixel] < 0.4973)
       STYLE
        
         COLOR 86 239 153
       END
    END
   CLASS
      NAME "0.4973 - 0.6988"
      EXPRESSION ([pixel] >= 0.4973 AND [pixel] < 0.6988)
       STYLE
        
         COLOR 0 255 255
       END
    END
 
END


  LAYER
    NAME 'passeriforme_avgPropRgSz_B1'
    TYPE RASTER
    
    TEMPLATE fooOnlyForWMSGetFeatureInfo
    #EXTENT -8238943.443396 -3523215.000000 6725353.443396 4905135.000000
    DATA '/share/lmserver/data/archive/changeThinking/2163/Layers/Passeriformes_avgpropRaS_B1_7099_5pp.tif'
    METADATA
      'ows_title' 'passeriforme_avgPropRgSz_B1'
      
    END
    STATUS On
    TRANSPARENCY 100
    PROJECTION
    "init=epsg:2163"
    END
    CLASSITEM 'pixel' 
    

    CLASS
      NAME "0.0341 - 0.1361"
      EXPRESSION ([pixel] >= 0.0341 AND [pixel] < 0.1361)
       STYLE
        
         COLOR 191 0 0
       END
    END
    CLASS
      NAME "0.1361 - 0.2538"
      EXPRESSION ([pixel] >= 0.1361 AND [pixel] < 0.2538)
       STYLE
        
         COLOR 255 89 0
       END
    END
   CLASS
      NAME "0.2538 - 0.3228"
      EXPRESSION ([pixel] >= 0.2538 AND [pixel] < 0.3228)
       STYLE
        
         COLOR 223 172 0
       END
    END
   CLASS
      NAME "0.3228 - 0.3938"
      EXPRESSION ([pixel] >= 0.3228 AND [pixel] < 0.3938)
       STYLE
        
         COLOR 172 223 51
       END
    END
   CLASS
      NAME "0.3938 - 0.4973"
      EXPRESSION ([pixel] >= 0.3938 AND [pixel] < 0.4973)
       STYLE
        
         COLOR 86 239 153
       END
    END
   CLASS
      NAME "0.4973 - 0.6988"
      EXPRESSION ([pixel] >= 0.4973 AND [pixel] < 0.6988)
       STYLE
        
         COLOR 0 255 255
       END
    END
   
END


  LAYER
    NAME 'passeriforme_avgPropRgSz_A2'
    TYPE RASTER
    
    TEMPLATE fooOnlyForWMSGetFeatureInfo
    #EXTENT -8238943.443396 -3523215.000000 6725353.443396 4905135.000000
    DATA '/share/lmserver/data/archive/changeThinking/2163/Layers/Passeriformes_avgpropRaS_A2_7099_5pp.tif'
    METADATA
      'ows_title' 'passeriforme_avgPropRgSz_A2'
      
    END
    STATUS On
    TRANSPARENCY 100
    PROJECTION
    "init=epsg:2163"
    END
    CLASSITEM 'pixel' 
    

    CLASS
      NAME "0.0341 - 0.1361"
      EXPRESSION ([pixel] >= 0.0341 AND [pixel] < 0.1361)
       STYLE
        
         COLOR 191 0 0
       END
    END
    CLASS
      NAME "0.1361 - 0.2538"
      EXPRESSION ([pixel] >= 0.1361 AND [pixel] < 0.2538)
       STYLE
        
         COLOR 255 89 0
       END
    END
   CLASS
      NAME "0.2538 - 0.3228"
      EXPRESSION ([pixel] >= 0.2538 AND [pixel] < 0.3228)
       STYLE
        
         COLOR 223 172 0
       END
    END
   CLASS
      NAME "0.3228 - 0.3938"
      EXPRESSION ([pixel] >= 0.3228 AND [pixel] < 0.3938)
       STYLE
        
         COLOR 172 223 51
       END
    END
   CLASS
      NAME "0.3938 - 0.4973"
      EXPRESSION ([pixel] >= 0.3938 AND [pixel] < 0.4973)
       STYLE
        
         COLOR 86 239 153
       END
    END
   CLASS
      NAME "0.4973 - 0.6988"
      EXPRESSION ([pixel] >= 0.4973 AND [pixel] < 0.6988)
       STYLE
        
         COLOR 0 255 255
       END
    END
  
END

  LAYER
    NAME 'passeriforme_avgPropRgSz_A1B'
    TYPE RASTER
    
    TEMPLATE fooOnlyForWMSGetFeatureInfo
    #EXTENT -8238943.443396 -3523215.000000 6725353.443396 4905135.000000
    DATA '/share/lmserver/data/archive/changeThinking/2163/Layers/Passeriformes_avgpropRaS_A1B_7099_5pp.tif'
    METADATA
      'ows_title' 'passeriforme_avgPropRgSz_A1B'
      
    END
    STATUS On
    TRANSPARENCY 100
    PROJECTION
    "init=epsg:2163"
    END
    CLASSITEM 'pixel' 
    

    CLASS
      NAME "0.0341 - 0.1361"
      EXPRESSION ([pixel] >= 0.0341 AND [pixel] < 0.1361)
       STYLE
        
         COLOR 191 0 0
       END
    END
    CLASS
      NAME "0.1361 - 0.2538"
      EXPRESSION ([pixel] >= 0.1361 AND [pixel] < 0.2538)
       STYLE
        
         COLOR 255 89 0
       END
    END
   CLASS
      NAME "0.2538 - 0.3228"
      EXPRESSION ([pixel] >= 0.2538 AND [pixel] < 0.3228)
       STYLE
        
         COLOR 223 172 0
       END
    END
   CLASS
      NAME "0.3228 - 0.3938"
      EXPRESSION ([pixel] >= 0.3228 AND [pixel] < 0.3938)
       STYLE
        
         COLOR 172 223 51
       END
    END
   CLASS
      NAME "0.3938 - 0.4973"
      EXPRESSION ([pixel] >= 0.3938 AND [pixel] < 0.4973)
       STYLE
        
         COLOR 86 239 153
       END
    END
   CLASS
      NAME "0.4973 - 0.6988"
      EXPRESSION ([pixel] >= 0.4973 AND [pixel] < 0.6988)
       STYLE
        
         COLOR 0 255 255
       END
    END
  
END

###################  Mustard Richness #############################


  LAYER
    NAME 'brassicaceae_richness_worldclim'
    TYPE RASTER
    
    TEMPLATE fooOnlyForWMSGetFeatureInfo
    #EXTENT -8238943.443396 -3523215.000000 6725353.443396 4905135.000000
    DATA '/share/lmserver/data/archive/changeThinking/2163/Layers/Brassicaceae_richness_worldclim_1.4_5pp.tif'
    METADATA
      'ows_title' 'brassicaceae_richness_worldclim'
      
    END
    STATUS On
    TRANSPARENCY 100
    PROJECTION
    "init=epsg:2163"
    END
    CLASSITEM 'pixel' 
    
    CLASS
      NAME "1 - 8"
      EXPRESSION ([pixel] >= 1 AND [pixel] < 8)
       STYLE
        
         COLOR 0 255 255
       END
    END
    CLASS
      NAME "8 - 22"
      EXPRESSION ([pixel] >= 8 AND [pixel] < 22)
       STYLE
        
         COLOR 61 243 182
       END
    END
   CLASS
      NAME "22 - 37"
      EXPRESSION ([pixel] >= 22 AND [pixel] < 37)
       STYLE
        
         COLOR 123 232 109
       END
    END
   CLASS
      NAME "37 - 53"
      EXPRESSION ([pixel] >= 37 AND [pixel] < 53)
       STYLE
        
         COLOR 185 221 36
       END
    END
   CLASS
      NAME "53 - 72"
      EXPRESSION ([pixel] >= 53 AND [pixel] < 72)
       STYLE
        
         COLOR 221 185 0
       END
    END
   CLASS
      NAME "72 - 95"
      EXPRESSION ([pixel] >= 72 AND [pixel] < 95)
       STYLE
        
         COLOR 255 132 0
       END
    END
  CLASS
      NAME "95 - 123"
      EXPRESSION ([pixel] >= 95 AND [pixel] < 123)
       STYLE
        
         COLOR 243 61 0
       END
    END
  CLASS
      NAME "123 - 181"
      EXPRESSION ([pixel] >= 123 AND [pixel] <= 193)
       STYLE
        
         COLOR 176 0 0
       END
   END
    
END

  LAYER
    NAME 'brassicaceae_richness_A2'
    TYPE RASTER
    
    TEMPLATE fooOnlyForWMSGetFeatureInfo
    #EXTENT -8238943.443396 -3523215.000000 6725353.443396 4905135.000000
    DATA '/share/lmserver/data/archive/changeThinking/2163/Layers/Brassicaceae_richness_A2_7099_5pp.tif'
    METADATA
      'ows_title' 'brassicaceae_richness_A2'
      
    END
    STATUS On
    TRANSPARENCY 100
    PROJECTION
    "init=epsg:2163"
    END
    CLASSITEM 'pixel' 
    
    CLASS
      NAME "1 - 8"
      EXPRESSION ([pixel] >= 1 AND [pixel] < 8)
       STYLE
        
         COLOR 0 255 255
       END
    END
    CLASS
      NAME "8 - 22"
      EXPRESSION ([pixel] >= 8 AND [pixel] < 22)
       STYLE
        
         COLOR 61 243 182
       END
    END
   CLASS
      NAME "22 - 37"
      EXPRESSION ([pixel] >= 22 AND [pixel] < 37)
       STYLE
        
         COLOR 123 232 109
       END
    END
   CLASS
      NAME "37 - 53"
      EXPRESSION ([pixel] >= 37 AND [pixel] < 53)
       STYLE
        
         COLOR 185 221 36
       END
    END
   CLASS
      NAME "53 - 72"
      EXPRESSION ([pixel] >= 53 AND [pixel] < 72)
       STYLE
        
         COLOR 221 185 0
       END
    END
   CLASS
      NAME "72 - 95"
      EXPRESSION ([pixel] >= 72 AND [pixel] < 95)
       STYLE
        
         COLOR 255 132 0
       END
    END
  CLASS
      NAME "95 - 123"
      EXPRESSION ([pixel] >= 95 AND [pixel] < 123)
       STYLE
        
         COLOR 243 61 0
       END
    END
  CLASS
      NAME "123 - 181"
      EXPRESSION ([pixel] >= 123 AND [pixel] <= 193)
       STYLE
        
         COLOR 176 0 0
       END
   END
    
END

  LAYER
    NAME 'brassicaceae_richness_A1B'
    TYPE RASTER
    
    TEMPLATE fooOnlyForWMSGetFeatureInfo
    #EXTENT -8238943.443396 -3523215.000000 6725353.443396 4905135.000000
    DATA '/share/lmserver/data/archive/changeThinking/2163/Layers/Brassicaceae_richness_A1B_7099_5pp.tif'
    METADATA
      'ows_title' 'brassicaceae_richness_A1B'
      
    END
    STATUS On
    TRANSPARENCY 100
    PROJECTION
    "init=epsg:2163"
    END
    CLASSITEM 'pixel' 
    
    CLASS
      NAME "1 - 8"
      EXPRESSION ([pixel] >= 1 AND [pixel] < 8)
       STYLE
        
         COLOR 0 255 255
       END
    END
    CLASS
      NAME "8 - 22"
      EXPRESSION ([pixel] >= 8 AND [pixel] < 22)
       STYLE
        
         COLOR 61 243 182
       END
    END
   CLASS
      NAME "22 - 37"
      EXPRESSION ([pixel] >= 22 AND [pixel] < 37)
       STYLE
        
         COLOR 123 232 109
       END
    END
   CLASS
      NAME "37 - 53"
      EXPRESSION ([pixel] >= 37 AND [pixel] < 53)
       STYLE
        
         COLOR 185 221 36
       END
    END
   CLASS
      NAME "53 - 72"
      EXPRESSION ([pixel] >= 53 AND [pixel] < 72)
       STYLE
        
         COLOR 221 185 0
       END
    END
   CLASS
      NAME "72 - 95"
      EXPRESSION ([pixel] >= 72 AND [pixel] < 95)
       STYLE
        
         COLOR 255 132 0
       END
    END
  CLASS
      NAME "95 - 123"
      EXPRESSION ([pixel] >= 95 AND [pixel] < 123)
       STYLE
        
         COLOR 243 61 0
       END
    END
  CLASS
      NAME "123 - 181"
      EXPRESSION ([pixel] >= 123 AND [pixel] <= 193)
       STYLE
        
         COLOR 176 0 0
       END
   END
    
END

  LAYER
    NAME 'brassicaceae_richness_B1'
    TYPE RASTER
    
    TEMPLATE fooOnlyForWMSGetFeatureInfo
    #EXTENT -8238943.443396 -3523215.000000 6725353.443396 4905135.000000
    DATA '/share/lmserver/data/archive/changeThinking/2163/Layers/Brassicaceae_richness_B1_7099_5pp.tif'
    METADATA
      'ows_title' 'brassicaceae_richness_B1'
      
    END
    STATUS On
    TRANSPARENCY 100
    PROJECTION
    "init=epsg:2163"
    END
    CLASSITEM 'pixel' 
    
    CLASS
      NAME "1 - 8"
      EXPRESSION ([pixel] >= 1 AND [pixel] < 8)
       STYLE
        
         COLOR 0 255 255
       END
    END
    CLASS
      NAME "8 - 22"
      EXPRESSION ([pixel] >= 8 AND [pixel] < 22)
       STYLE
        
         COLOR 61 243 182
       END
    END
   CLASS
      NAME "22 - 37"
      EXPRESSION ([pixel] >= 22 AND [pixel] < 37)
       STYLE
        
         COLOR 123 232 109
       END
    END
   CLASS
      NAME "37 - 53"
      EXPRESSION ([pixel] >= 37 AND [pixel] < 53)
       STYLE
        
         COLOR 185 221 36
       END
    END
   CLASS
      NAME "53 - 72"
      EXPRESSION ([pixel] >= 53 AND [pixel] < 72)
       STYLE
        
         COLOR 221 185 0
       END
    END
   CLASS
      NAME "72 - 95"
      EXPRESSION ([pixel] >= 72 AND [pixel] < 95)
       STYLE
        
         COLOR 255 132 0
       END
    END
  CLASS
      NAME "95 - 123"
      EXPRESSION ([pixel] >= 95 AND [pixel] < 123)
       STYLE
        
         COLOR 243 61 0
       END
    END
  CLASS
      NAME "123 - 181"
      EXPRESSION ([pixel] >= 123 AND [pixel] <= 193)
       STYLE
        
         COLOR 176 0 0
       END
   END
    
END

################# Mustards AvPropRgSz #########################

  LAYER
    NAME 'brassicaceae_avgPropRgSz_worldclim'
    TYPE RASTER
    
    TEMPLATE fooOnlyForWMSGetFeatureInfo
    #EXTENT -8238943.443396 -3523215.000000 6725353.443396 4905135.000000
    DATA '/share/lmserver/data/archive/changeThinking/2163/Layers/Brassicaceae_avgpropRaS_worldclim_1.4_5pp.tif'
    METADATA
      'ows_title' 'brassicaceae_richness_worldclim'
      
    END
    STATUS On
    TRANSPARENCY 100
    PROJECTION
    "init=epsg:2163"
    END
    CLASSITEM 'pixel' 
    
       CLASS
      NAME "0.0754 - 0.0800"
      EXPRESSION ([pixel] >= 0.0754 AND [pixel] < 0.0800)
       STYLE
        
         COLOR 191 0 0
       END
    END
    CLASS
      NAME "0.0800 - 0.1559"
      EXPRESSION ([pixel] >= 0.0800 AND [pixel] < 0.1559)
       STYLE
        
         COLOR 255 89 0
       END
    END
   CLASS
      NAME "0.1559 - 0.2240"
      EXPRESSION ([pixel] >= 0.1559 AND [pixel] < 0.2240)
       STYLE
        
         COLOR 223 172 0
       END
    END
   CLASS
      NAME "0.2240 - 0.2745"
      EXPRESSION ([pixel] >= 0.2240 AND [pixel] < 0.2745)
       STYLE
        
         COLOR 172 223 51
       END
    END
   CLASS
      NAME "0.2745 - 0.3314"
      EXPRESSION ([pixel] >= 0.2745 AND [pixel] < 0.3314)
       STYLE
        
         COLOR 86 239 153
       END
    END
   CLASS
      NAME "0.3314 - 0.5442"
      EXPRESSION ([pixel] >= 0.3314 AND [pixel] < 0.5442)
       STYLE
        
         COLOR 0 255 255
       END
    END
    
  END

    


  LAYER
    NAME 'brassicaceae_avgPropRgSz_B1'
    TYPE RASTER
    
    TEMPLATE fooOnlyForWMSGetFeatureInfo
    #EXTENT -8238943.443396 -3523215.000000 6725353.443396 4905135.000000
    DATA '/share/lmserver/data/archive/changeThinking/2163/Layers/Brassicaceae_avgpropRaS_B1_7099_5pp.tif'
    METADATA
      'ows_title' 'brassicaceae_richness_B1'
      
    END
    STATUS On
    TRANSPARENCY 100
    PROJECTION
    "init=epsg:2163"
    END
    CLASSITEM 'pixel' 
    
    CLASS
      NAME "0.0754 - 0.0800"
      EXPRESSION ([pixel] >= 0.0754 AND [pixel] < 0.0800)
       STYLE
        
         COLOR 191 0 0
       END
    END
    CLASS
      NAME "0.0800 - 0.1559"
      EXPRESSION ([pixel] >= 0.0800 AND [pixel] < 0.1559)
       STYLE
        
         COLOR 255 89 0
       END
    END
   CLASS
      NAME "0.1559 - 0.2240"
      EXPRESSION ([pixel] >= 0.1559 AND [pixel] < 0.2240)
       STYLE
        
         COLOR 223 172 0
       END
    END
   CLASS
      NAME "0.2240 - 0.2745"
      EXPRESSION ([pixel] >= 0.2240 AND [pixel] < 0.2745)
       STYLE
        
         COLOR 172 223 51
       END
    END
   CLASS
      NAME "0.2745 - 0.3314"
      EXPRESSION ([pixel] >= 0.2745 AND [pixel] < 0.3314)
       STYLE
        
         COLOR 86 239 153
       END
    END
   CLASS
      NAME "0.3314 - 0.5442"
      EXPRESSION ([pixel] >= 0.3314 AND [pixel] < 0.5442)
       STYLE
        
         COLOR 0 255 255
       END
    END
 END    
    
  LAYER
    NAME 'brassicaceae_avgPropRgSz_A2'
    TYPE RASTER
    
    TEMPLATE fooOnlyForWMSGetFeatureInfo
    #EXTENT -8238943.443396 -3523215.000000 6725353.443396 4905135.000000
    DATA '/share/lmserver/data/archive/changeThinking/2163/Layers/Brassicaceae_avgpropRaS_A2_7099_5pp.tif'
    METADATA
      'ows_title' 'brassicaceae_richness_A2'
      
    END
    STATUS On
    TRANSPARENCY 100
    PROJECTION
    "init=epsg:2163"
    END
    CLASSITEM 'pixel' 
    
    CLASS
      NAME "0.0754 - 0.0800"
      EXPRESSION ([pixel] >= 0.0754 AND [pixel] < 0.0800)
       STYLE
        
         COLOR 191 0 0
       END
    END
    CLASS
      NAME "0.0800 - 0.1559"
      EXPRESSION ([pixel] >= 0.0800 AND [pixel] < 0.1559)
       STYLE
        
         COLOR 255 89 0
       END
    END
   CLASS
      NAME "0.1559 - 0.2240"
      EXPRESSION ([pixel] >= 0.1559 AND [pixel] < 0.2240)
       STYLE
        
         COLOR 223 172 0
       END
    END
   CLASS
      NAME "0.2240 - 0.2745"
      EXPRESSION ([pixel] >= 0.2240 AND [pixel] < 0.2745)
       STYLE
        
         COLOR 172 223 51
       END
    END
   CLASS
      NAME "0.2745 - 0.3314"
      EXPRESSION ([pixel] >= 0.2745 AND [pixel] < 0.3314)
       STYLE
        
         COLOR 86 239 153
       END
    END
   CLASS
      NAME "0.3314 - 0.5442"
      EXPRESSION ([pixel] >= 0.3314 AND [pixel] < 0.5442)
       STYLE
        
         COLOR 0 255 255
       END
    END
    
END 

    
  LAYER
    NAME 'brassicaceae_avgPropRgSz_A1B'
    TYPE RASTER
    
    TEMPLATE fooOnlyForWMSGetFeatureInfo
    #EXTENT -8238943.443396 -3523215.000000 6725353.443396 4905135.000000
    DATA '/share/lmserver/data/archive/changeThinking/2163/Layers/Brassicaceae_avgpropRaS_A1B_7099_5pp.tif'
    METADATA
      'ows_title' 'brassicaceae_richness_A1B'
      
    END
    STATUS On
    TRANSPARENCY 100
    PROJECTION
    "init=epsg:2163"
    END
    CLASSITEM 'pixel' 
    
    CLASS
      NAME "0.0754 - 0.0800"
      EXPRESSION ([pixel] >= 0.0754 AND [pixel] < 0.0800)
       STYLE
        
         COLOR 191 0 0
       END
    END
    CLASS
      NAME "0.0800 - 0.1559"
      EXPRESSION ([pixel] >= 0.0800 AND [pixel] < 0.1559)
       STYLE
        
         COLOR 255 89 0
       END
    END
   CLASS
      NAME "0.1559 - 0.2240"
      EXPRESSION ([pixel] >= 0.1559 AND [pixel] < 0.2240)
       STYLE
        
         COLOR 223 172 0
       END
    END
   CLASS
      NAME "0.2240 - 0.2745"
      EXPRESSION ([pixel] >= 0.2240 AND [pixel] < 0.2745)
       STYLE
        
         COLOR 172 223 51
       END
    END
   CLASS
      NAME "0.2745 - 0.3314"
      EXPRESSION ([pixel] >= 0.2745 AND [pixel] < 0.3314)
       STYLE
        
         COLOR 86 239 153
       END
    END
   CLASS
      NAME "0.3314 - 0.5442"
      EXPRESSION ([pixel] >= 0.3314 AND [pixel] < 0.5442)
       STYLE
        
         COLOR 0 255 255
       END
    END    
    
 
END

################## Mammal Richness ###################################

  LAYER
    NAME 'mammalia_richness_worldclim'
    TYPE RASTER
    
    TEMPLATE fooOnlyForWMSGetFeatureInfo
    #EXTENT -8238943.443396 -3523215.000000 6725353.443396 4905135.000000
    DATA '/share/lmserver/data/archive/changeThinking/2163/Layers/Mammalia_richness_worldclim_1.4_5pp.tif'
    METADATA
      'ows_title' 'Mammalia_richness_worldclim'
      
    END
    STATUS On
    TRANSPARENCY 100
    PROJECTION
    "init=epsg:2163"
    END
    CLASSITEM 'pixel' 
    
    CLASS
      NAME "1 - 23"
      EXPRESSION ([pixel] >= 1 AND [pixel] < 23)
       STYLE
        
         COLOR 0 255 255
       END
    END
    CLASS
      NAME "23 - 59"
      EXPRESSION ([pixel] >= 23 AND [pixel] < 59)
       STYLE
        
         COLOR 61 243 182
       END
    END
   CLASS
      NAME "59 - 95"
      EXPRESSION ([pixel] >= 59 AND [pixel] < 95)
       STYLE
        
         COLOR 123 232 109
       END
    END
   CLASS
      NAME "95 - 138"
      EXPRESSION ([pixel] >= 95 AND [pixel] < 138)
       STYLE
        
         COLOR 185 221 36
       END
    END
   CLASS
      NAME "138 - 193"
      EXPRESSION ([pixel] >= 138 AND [pixel] < 193)
       STYLE
        
         COLOR 221 185 0
       END
    END
   CLASS
      NAME "193 - 254"
      EXPRESSION ([pixel] >= 193 AND [pixel] < 254)
       STYLE
        
         COLOR 255 132 0
       END
    END
  CLASS
      NAME "254 - 322"
      EXPRESSION ([pixel] >= 254 AND [pixel] < 322)
       STYLE
        
         COLOR 243 61 0
       END
    END
  CLASS
      NAME "322 - 402"
      EXPRESSION ([pixel] >= 322 AND [pixel] <= 402)
       STYLE
        
         COLOR 176 0 0
       END
   END

 
END

 LAYER
    NAME 'mammalia_richness_B1'
    TYPE RASTER
    
    TEMPLATE fooOnlyForWMSGetFeatureInfo
    #EXTENT -8238943.443396 -3523215.000000 6725353.443396 4905135.000000
    DATA '/share/lmserver/data/archive/changeThinking/2163/Layers/Mammalia_richness_B1_7099_5pp.tif'
    METADATA
      'ows_title' 'Mammalia_richness_B1'
      
    END
    STATUS On
    TRANSPARENCY 100
    PROJECTION
    "init=epsg:2163"
    END
    CLASSITEM 'pixel' 
    
    CLASS
      NAME "1 - 23"
      EXPRESSION ([pixel] >= 1 AND [pixel] < 23)
       STYLE
        
         COLOR 0 255 255
       END
    END
    CLASS
      NAME "23 - 59"
      EXPRESSION ([pixel] >= 23 AND [pixel] < 59)
       STYLE
        
         COLOR 61 243 182
       END
    END
   CLASS
      NAME "59 - 95"
      EXPRESSION ([pixel] >= 59 AND [pixel] < 95)
       STYLE
        
         COLOR 123 232 109
       END
    END
   CLASS
      NAME "95 - 138"
      EXPRESSION ([pixel] >= 95 AND [pixel] < 138)
       STYLE
        
         COLOR 185 221 36
       END
    END
   CLASS
      NAME "138 - 193"
      EXPRESSION ([pixel] >= 138 AND [pixel] < 193)
       STYLE
        
         COLOR 221 185 0
       END
    END
   CLASS
      NAME "193 - 254"
      EXPRESSION ([pixel] >= 193 AND [pixel] < 254)
       STYLE
        
         COLOR 255 132 0
       END
    END
  CLASS
      NAME "254 - 322"
      EXPRESSION ([pixel] >= 254 AND [pixel] < 322)
       STYLE
        
         COLOR 243 61 0
       END
    END
  CLASS
      NAME "322 - 402"
      EXPRESSION ([pixel] >= 322 AND [pixel] <= 402)
       STYLE
        
         COLOR 176 0 0
       END
   END

 
END

 LAYER
    NAME 'mammalia_richness_A2'
    TYPE RASTER
    
    TEMPLATE fooOnlyForWMSGetFeatureInfo
    #EXTENT -8238943.443396 -3523215.000000 6725353.443396 4905135.000000
    DATA '/share/lmserver/data/archive/changeThinking/2163/Layers/Mammalia_richness_A2_7099_5pp.tif'
    METADATA
      'ows_title' 'Mammalia_richness_A2'
      
    END
    STATUS On
    TRANSPARENCY 100
    PROJECTION
    "init=epsg:2163"
    END
    CLASSITEM 'pixel' 
    
    CLASS
      NAME "1 - 23"
      EXPRESSION ([pixel] >= 1 AND [pixel] < 23)
       STYLE
        
         COLOR 0 255 255
       END
    END
    CLASS
      NAME "23 - 59"
      EXPRESSION ([pixel] >= 23 AND [pixel] < 59)
       STYLE
        
         COLOR 61 243 182
       END
    END
   CLASS
      NAME "59 - 95"
      EXPRESSION ([pixel] >= 59 AND [pixel] < 95)
       STYLE
        
         COLOR 123 232 109
       END
    END
   CLASS
      NAME "95 - 138"
      EXPRESSION ([pixel] >= 95 AND [pixel] < 138)
       STYLE
        
         COLOR 185 221 36
       END
    END
   CLASS
      NAME "138 - 193"
      EXPRESSION ([pixel] >= 138 AND [pixel] < 193)
       STYLE
        
         COLOR 221 185 0
       END
    END
   CLASS
      NAME "193 - 254"
      EXPRESSION ([pixel] >= 193 AND [pixel] < 254)
       STYLE
        
         COLOR 255 132 0
       END
    END
  CLASS
      NAME "254 - 322"
      EXPRESSION ([pixel] >= 254 AND [pixel] < 322)
       STYLE
        
         COLOR 243 61 0
       END
    END
  CLASS
      NAME "322 - 402"
      EXPRESSION ([pixel] >= 322 AND [pixel] <= 402)
       STYLE
        
         COLOR 176 0 0
       END
   END

 
END

 LAYER
    NAME 'mammalia_richness_A1B'
    TYPE RASTER
    
    TEMPLATE fooOnlyForWMSGetFeatureInfo
    #EXTENT -8238943.443396 -3523215.000000 6725353.443396 4905135.000000
    DATA '/share/lmserver/data/archive/changeThinking/2163/Layers/Mammalia_richness_A1B_7099_5pp.tif'
    METADATA
      'ows_title' 'Mammalia_richness_A1B'
      
    END
    STATUS On
    TRANSPARENCY 100
    PROJECTION
    "init=epsg:2163"
    END
    CLASSITEM 'pixel' 
    
    CLASS
      NAME "1 - 23"
      EXPRESSION ([pixel] >= 1 AND [pixel] < 23)
       STYLE
        
         COLOR 0 255 255
       END
    END
    CLASS
      NAME "23 - 59"
      EXPRESSION ([pixel] >= 23 AND [pixel] < 59)
       STYLE
        
         COLOR 61 243 182
       END
    END
   CLASS
      NAME "59 - 95"
      EXPRESSION ([pixel] >= 59 AND [pixel] < 95)
       STYLE
        
         COLOR 123 232 109
       END
    END
   CLASS
      NAME "95 - 138"
      EXPRESSION ([pixel] >= 95 AND [pixel] < 138)
       STYLE
        
         COLOR 185 221 36
       END
    END
   CLASS
      NAME "138 - 193"
      EXPRESSION ([pixel] >= 138 AND [pixel] < 193)
       STYLE
        
         COLOR 221 185 0
       END
    END
   CLASS
      NAME "193 - 254"
      EXPRESSION ([pixel] >= 193 AND [pixel] < 254)
       STYLE
        
         COLOR 255 132 0
       END
    END
  CLASS
      NAME "254 - 322"
      EXPRESSION ([pixel] >= 254 AND [pixel] < 322)
       STYLE
        
         COLOR 243 61 0
       END
    END
  CLASS
      NAME "322 - 402"
      EXPRESSION ([pixel] >= 322 AND [pixel] <= 402)
       STYLE
        
         COLOR 176 0 0
       END
   END

 
END

################# Mammalia average proportional range size #################
    
  LAYER
    NAME 'mammalia_avgPropRgSz_worldclim'
    TYPE RASTER
    
    TEMPLATE fooOnlyForWMSGetFeatureInfo
    #EXTENT -8238943.443396 -3523215.000000 6725353.443396 4905135.000000
    DATA '/share/lmserver/data/archive/changeThinking/2163/Layers/Mammalia_avgpropRaS_worldclim_1.4_5pp.tif'
    METADATA
      'ows_title' 'mammalia_avgPropRgSz_worldclim'
      
    END
    STATUS On
    TRANSPARENCY 100
    PROJECTION
    "init=epsg:2163"
    END
    CLASSITEM 'pixel' 
    
        CLASS
      NAME "0.0386 - 0.0500"
      EXPRESSION ([pixel] >= 0.0386 AND [pixel] < 0.0500)
       STYLE
        
         COLOR 191 0 0
       END
    END
    CLASS
      NAME "0.0500 - 0.1474"
      EXPRESSION ([pixel] >= 0.0500 AND [pixel] <  0.1474)
       STYLE
        
         COLOR 255 89 0
       END
    END
   CLASS
      NAME "0.1474 - 0.2065"
      EXPRESSION ([pixel] >= 0.1474 AND [pixel] < 0.2065)
       STYLE
        
         COLOR 223 172 0
       END
    END
   CLASS
      NAME "0.2065 - 0.2610"
      EXPRESSION ([pixel] >= 0.2065 AND [pixel] < 0.2610)
       STYLE
        
         COLOR 172 223 51
       END
    END
   CLASS
      NAME "0.2610 - 0.3168"
      EXPRESSION ([pixel] >= 0.2610 AND [pixel] < 0.3168)
       STYLE
        
         COLOR 86 239 153
       END
    END
   CLASS
      NAME "0.3168 - 0.7566"
      EXPRESSION ([pixel] >= 0.3168 AND [pixel] < 0.7566)
       STYLE
        
         COLOR 0 255 255
       END
    END
 
 END
 
 
   LAYER
    NAME 'mammalia_avgPropRgSz_A1B'
    TYPE RASTER
    
    TEMPLATE fooOnlyForWMSGetFeatureInfo
    #EXTENT -8238943.443396 -3523215.000000 6725353.443396 4905135.000000
    DATA '/share/lmserver/data/archive/changeThinking/2163/Layers/Mammalia_avgpropRaS_A1B_7099_5pp.tif'
    METADATA
      'ows_title' 'mammalia_avgPropRgSz_A1B'
      
    END
    STATUS On
    TRANSPARENCY 100
    PROJECTION
    "init=epsg:2163"
    END
    CLASSITEM 'pixel' 
    
        CLASS
      NAME "0.0386 - 0.0500"
      EXPRESSION ([pixel] >= 0.0386 AND [pixel] < 0.0500)
       STYLE
        
         COLOR 191 0 0
       END
    END
    CLASS
      NAME "0.0500 - 0.1474"
      EXPRESSION ([pixel] >= 0.0500 AND [pixel] <  0.1474)
       STYLE
        
         COLOR 255 89 0
       END
    END
   CLASS
      NAME "0.1474 - 0.2065"
      EXPRESSION ([pixel] >= 0.1474 AND [pixel] < 0.2065)
       STYLE
        
         COLOR 223 172 0
       END
    END
   CLASS
      NAME "0.2065 - 0.2610"
      EXPRESSION ([pixel] >= 0.2065 AND [pixel] < 0.2610)
       STYLE
        
         COLOR 172 223 51
       END
    END
   CLASS
      NAME "0.2610 - 0.3168"
      EXPRESSION ([pixel] >= 0.2610 AND [pixel] < 0.3168)
       STYLE
        
         COLOR 86 239 153
       END
    END
   CLASS
      NAME "0.3168 - 0.7566"
      EXPRESSION ([pixel] >= 0.3168 AND [pixel] < 0.7566)
       STYLE
        
         COLOR 0 255 255
       END
    END
 
 END
 
 
    LAYER
    NAME 'mammalia_avgPropRgSz_A2'
    TYPE RASTER
    
    TEMPLATE fooOnlyForWMSGetFeatureInfo
    #EXTENT -8238943.443396 -3523215.000000 6725353.443396 4905135.000000
    DATA '/share/lmserver/data/archive/changeThinking/2163/Layers/Mammalia_avgpropRaS_A2_7099_5pp.tif'
    METADATA
      'ows_title' 'mammalia_avgPropRgSz_A2'
      
    END
    STATUS On
    TRANSPARENCY 100
    PROJECTION
    "init=epsg:2163"
    END
    CLASSITEM 'pixel' 
    
        CLASS
      NAME "0.0386 - 0.0500"
      EXPRESSION ([pixel] >= 0.0386 AND [pixel] < 0.0500)
       STYLE
        
         COLOR 191 0 0
       END
    END
    CLASS
      NAME "0.0500 - 0.1474"
      EXPRESSION ([pixel] >= 0.0500 AND [pixel] <  0.1474)
       STYLE
        
         COLOR 255 89 0
       END
    END
   CLASS
      NAME "0.1474 - 0.2065"
      EXPRESSION ([pixel] >= 0.1474 AND [pixel] < 0.2065)
       STYLE
        
         COLOR 223 172 0
       END
    END
   CLASS
      NAME "0.2065 - 0.2610"
      EXPRESSION ([pixel] >= 0.2065 AND [pixel] < 0.2610)
       STYLE
        
         COLOR 172 223 51
       END
    END
   CLASS
      NAME "0.2610 - 0.3168"
      EXPRESSION ([pixel] >= 0.2610 AND [pixel] < 0.3168)
       STYLE
        
         COLOR 86 239 153
       END
    END
   CLASS
      NAME "0.3168 - 0.7566"
      EXPRESSION ([pixel] >= 0.3168 AND [pixel] < 0.7566)
       STYLE
        
         COLOR 0 255 255
       END
    END
 
 END

  LAYER
    NAME 'mammalia_avgPropRgSz_B1'
    TYPE RASTER
    
    TEMPLATE fooOnlyForWMSGetFeatureInfo
    #EXTENT -8238943.443396 -3523215.000000 6725353.443396 4905135.000000
    DATA '/share/lmserver/data/archive/changeThinking/2163/Layers/Mammalia_avgpropRaS_B1_7099_5pp.tif'
    METADATA
      'ows_title' 'mammalia_avgPropRgSz_B1'
      
    END
    STATUS On
    TRANSPARENCY 100
    PROJECTION
    "init=epsg:2163"
    END
    CLASSITEM 'pixel' 
    
        CLASS
      NAME "0.0386 - 0.0500"
      EXPRESSION ([pixel] >= 0.0386 AND [pixel] < 0.0500)
       STYLE
        
         COLOR 191 0 0
       END
    END
    CLASS
      NAME "0.0500 - 0.1474"
      EXPRESSION ([pixel] >= 0.0500 AND [pixel] <  0.1474)
       STYLE
        
         COLOR 255 89 0
       END
    END
   CLASS
      NAME "0.1474 - 0.2065"
      EXPRESSION ([pixel] >= 0.1474 AND [pixel] < 0.2065)
       STYLE
        
         COLOR 223 172 0
       END
    END
   CLASS
      NAME "0.2065 - 0.2610"
      EXPRESSION ([pixel] >= 0.2065 AND [pixel] < 0.2610)
       STYLE
        
         COLOR 172 223 51
       END
    END
   CLASS
      NAME "0.2610 - 0.3168"
      EXPRESSION ([pixel] >= 0.2610 AND [pixel] < 0.3168)
       STYLE
        
         COLOR 86 239 153
       END
    END
   CLASS
      NAME "0.3168 - 0.7566"
      EXPRESSION ([pixel] >= 0.3168 AND [pixel] < 0.7566)
       STYLE
        
         COLOR 0 255 255
       END
    END
 
 END 

################ Amphibia Richness ##############

LAYER
    NAME 'amphibia_richness_worldclim'
    TYPE RASTER
    
    TEMPLATE fooOnlyForWMSGetFeatureInfo
    #EXTENT -8238943.443396 -3523215.000000 6725353.443396 4905135.000000
    DATA '/share/lmserver/data/archive/changeThinking/2163/Layers/Amphibia_richness_worldclim_1.4_5pp.tif'
    METADATA
      'ows_title' 'amphibia_richness_worldclim'
      
    END
    STATUS On
    TRANSPARENCY 100
    PROJECTION
    "init=epsg:2163"
    END
    CLASSITEM 'pixel' 
    

    CLASS
      NAME "1 - 5"
      EXPRESSION ([pixel] >= 1 AND [pixel] < 5)
       STYLE
        
         COLOR 0 255 255
       END
    END
    CLASS
      NAME "5 - 55"
      EXPRESSION ([pixel] >= 5 AND [pixel] < 16)
       STYLE
        
         COLOR 61 243 182
       END
    END
   CLASS
      NAME "16 - 34"
      EXPRESSION ([pixel] >= 16 AND [pixel] < 34)
       STYLE
        
         COLOR 123 232 109
       END
    END
   CLASS
      NAME "34 - 60"
      EXPRESSION ([pixel] >= 34 AND [pixel] < 60)
       STYLE
        
         COLOR 185 221 36
       END
    END
   CLASS
      NAME "60 - 92"
      EXPRESSION ([pixel] >= 60 AND [pixel] < 92)
       STYLE
        
         COLOR 221 185 0
       END
    END
   CLASS
      NAME "92 - 128"
      EXPRESSION ([pixel] >= 92 AND [pixel] < 128)
       STYLE
        
         COLOR 255 132 0
       END
    END
  CLASS
      NAME "128 - 160"
      EXPRESSION ([pixel] >= 128 AND [pixel] < 160)
       STYLE
        
         COLOR 243 61 0
       END
    END
  CLASS
      NAME "160 - 186"
      EXPRESSION ([pixel] >= 160 AND [pixel] <= 186)
       STYLE
        
         COLOR 176 0 0
       END
   END
 
END

LAYER
    NAME 'amphibia_richness_B1'
    TYPE RASTER
    
    TEMPLATE fooOnlyForWMSGetFeatureInfo
    #EXTENT -8238943.443396 -3523215.000000 6725353.443396 4905135.000000
    DATA '/share/lmserver/data/archive/changeThinking/2163/Layers/Amphibia_richness_B1_7099_5pp.tif'
    METADATA
      'ows_title' 'amphibia_richness_B1'
      
    END
    STATUS On
    TRANSPARENCY 100
    PROJECTION
    "init=epsg:2163"
    END
    CLASSITEM 'pixel' 
    

    CLASS
      NAME "1 - 5"
      EXPRESSION ([pixel] >= 1 AND [pixel] < 5)
       STYLE
        
         COLOR 0 255 255
       END
    END
    CLASS
      NAME "5 - 55"
      EXPRESSION ([pixel] >= 5 AND [pixel] < 16)
       STYLE
        
         COLOR 61 243 182
       END
    END
   CLASS
      NAME "16 - 34"
      EXPRESSION ([pixel] >= 16 AND [pixel] < 34)
       STYLE
        
         COLOR 123 232 109
       END
    END
   CLASS
      NAME "34 - 60"
      EXPRESSION ([pixel] >= 34 AND [pixel] < 60)
       STYLE
        
         COLOR 185 221 36
       END
    END
   CLASS
      NAME "60 - 92"
      EXPRESSION ([pixel] >= 60 AND [pixel] < 92)
       STYLE
        
         COLOR 221 185 0
       END
    END
   CLASS
      NAME "92 - 128"
      EXPRESSION ([pixel] >= 92 AND [pixel] < 128)
       STYLE
        
         COLOR 255 132 0
       END
    END
  CLASS
      NAME "128 - 160"
      EXPRESSION ([pixel] >= 128 AND [pixel] < 160)
       STYLE
        
         COLOR 243 61 0
       END
    END
  CLASS
      NAME "160 - 186"
      EXPRESSION ([pixel] >= 160 AND [pixel] <= 186)
       STYLE
        
         COLOR 176 0 0
       END
   END
 
END

LAYER
    NAME 'amphibia_richness_A2'
    TYPE RASTER
    
    TEMPLATE fooOnlyForWMSGetFeatureInfo
    #EXTENT -8238943.443396 -3523215.000000 6725353.443396 4905135.000000
    DATA '/share/lmserver/data/archive/changeThinking/2163/Layers/Amphibia_richness_A2_7099_5pp.tif'
    METADATA
      'ows_title' 'amphibia_richness_A2'
      
    END
    STATUS On
    TRANSPARENCY 100
    PROJECTION
    "init=epsg:2163"
    END
    CLASSITEM 'pixel' 
    

    CLASS
      NAME "1 - 5"
      EXPRESSION ([pixel] >= 1 AND [pixel] < 5)
       STYLE
        
         COLOR 0 255 255
       END
    END
    CLASS
      NAME "5 - 55"
      EXPRESSION ([pixel] >= 5 AND [pixel] < 16)
       STYLE
        
         COLOR 61 243 182
       END
    END
   CLASS
      NAME "16 - 34"
      EXPRESSION ([pixel] >= 16 AND [pixel] < 34)
       STYLE
        
         COLOR 123 232 109
       END
    END
   CLASS
      NAME "34 - 60"
      EXPRESSION ([pixel] >= 34 AND [pixel] < 60)
       STYLE
        
         COLOR 185 221 36
       END
    END
   CLASS
      NAME "60 - 92"
      EXPRESSION ([pixel] >= 60 AND [pixel] < 92)
       STYLE
        
         COLOR 221 185 0
       END
    END
   CLASS
      NAME "92 - 128"
      EXPRESSION ([pixel] >= 92 AND [pixel] < 128)
       STYLE
        
         COLOR 255 132 0
       END
    END
  CLASS
      NAME "128 - 160"
      EXPRESSION ([pixel] >= 128 AND [pixel] < 160)
       STYLE
        
         COLOR 243 61 0
       END
    END
  CLASS
      NAME "160 - 186"
      EXPRESSION ([pixel] >= 160 AND [pixel] <= 186)
       STYLE
        
         COLOR 176 0 0
       END
   END
 
END

LAYER
    NAME 'amphibia_richness_A1B'
    TYPE RASTER
    
    TEMPLATE fooOnlyForWMSGetFeatureInfo
    #EXTENT -8238943.443396 -3523215.000000 6725353.443396 4905135.000000
    DATA '/share/lmserver/data/archive/changeThinking/2163/Layers/Amphibia_richness_A1B_7099_5pp.tif'
    METADATA
      'ows_title' 'amphibia_richness_A1B'
      
    END
    STATUS On
    TRANSPARENCY 100
    PROJECTION
    "init=epsg:2163"
    END
    CLASSITEM 'pixel' 
    

    CLASS
      NAME "1 - 5"
      EXPRESSION ([pixel] >= 1 AND [pixel] < 5)
       STYLE
        
         COLOR 0 255 255
       END
    END
    CLASS
      NAME "5 - 55"
      EXPRESSION ([pixel] >= 5 AND [pixel] < 16)
       STYLE
        
         COLOR 61 243 182
       END
    END
   CLASS
      NAME "16 - 34"
      EXPRESSION ([pixel] >= 16 AND [pixel] < 34)
       STYLE
        
         COLOR 123 232 109
       END
    END
   CLASS
      NAME "34 - 60"
      EXPRESSION ([pixel] >= 34 AND [pixel] < 60)
       STYLE
        
         COLOR 185 221 36
       END
    END
   CLASS
      NAME "60 - 92"
      EXPRESSION ([pixel] >= 60 AND [pixel] < 92)
       STYLE
        
         COLOR 221 185 0
       END
    END
   CLASS
      NAME "92 - 128"
      EXPRESSION ([pixel] >= 92 AND [pixel] < 128)
       STYLE
        
         COLOR 255 132 0
       END
    END
  CLASS
      NAME "128 - 160"
      EXPRESSION ([pixel] >= 128 AND [pixel] < 160)
       STYLE
        
         COLOR 243 61 0
       END
    END
  CLASS
      NAME "160 - 186"
      EXPRESSION ([pixel] >= 160 AND [pixel] <= 186)
       STYLE
        
         COLOR 176 0 0
       END
   END
 
END

####################  Amphibian Avg Prop Range Size ###############3

  LAYER
    NAME 'amphibia_avgPropRgSz_worldclim'
    TYPE RASTER
    
    TEMPLATE fooOnlyForWMSGetFeatureInfo
    #EXTENT -8238943.443396 -3523215.000000 6725353.443396 4905135.000000
    DATA '/share/lmserver/data/archive/changeThinking/2163/Layers/Mammalia_avgpropRaS_worldclim_1.4_5pp.tif'
    METADATA
      'ows_title' 'amphibia_avgPropRgSz_worldclim'
      
    END
    STATUS On
    TRANSPARENCY 100
    PROJECTION
    "init=epsg:2163"
    END
    CLASSITEM 'pixel' 
    
        CLASS
      NAME "0.0406 - 0.0407"
      EXPRESSION ([pixel] >= 0.0406 AND [pixel] < 0.0407)
       STYLE
        
         COLOR 191 0 0
       END
    END
    CLASS
      NAME "0.0407 - 0.1894"
      EXPRESSION ([pixel] >= 0.0407 AND [pixel] < 0.1894)
       STYLE
        
         COLOR 255 89 0
       END
    END
   CLASS
      NAME "0.1894 - 0.2337"
      EXPRESSION ([pixel] >= 0.1894 AND [pixel] < 0.2337)
       STYLE
        
         COLOR 223 172 0
       END
    END
   CLASS
      NAME "0.2337 - 0.2789"
      EXPRESSION ([pixel] >= 0.2337 AND [pixel] < 0.2789)
       STYLE
        
         COLOR 172 223 51
       END
    END
   CLASS
      NAME "0.2789 - 0.3308"
      EXPRESSION ([pixel] >= 0.2789 AND [pixel] < 0.3308)
       STYLE
        
         COLOR 86 239 153
       END
    END
   CLASS
      NAME "0.3308 - 0.4827"
      EXPRESSION ([pixel] >= 0.3308 AND [pixel] < 0.4827)
       STYLE
        
         COLOR 0 255 255
       END
    END
 
 END  
 
   LAYER
    NAME 'amphibia_avgPropRgSz_A1B'
    TYPE RASTER
    
    TEMPLATE fooOnlyForWMSGetFeatureInfo
    #EXTENT -8238943.443396 -3523215.000000 6725353.443396 4905135.000000
    DATA '/share/lmserver/data/archive/changeThinking/2163/Layers/Mammalia_avgpropRaS_A1B_7099_5pp.tif'
    METADATA
      'ows_title' 'amphibia_avgPropRgSz_A1B'
      
    END
    STATUS On
    TRANSPARENCY 100
    PROJECTION
    "init=epsg:2163"
    END
    CLASSITEM 'pixel' 
    
        CLASS
      NAME "0.0406 - 0.0407"
      EXPRESSION ([pixel] >= 0.0406 AND [pixel] < 0.0407)
       STYLE
        
         COLOR 191 0 0
       END
    END
    CLASS
      NAME "0.0407 - 0.1894"
      EXPRESSION ([pixel] >= 0.0407 AND [pixel] < 0.1894)
       STYLE
        
         COLOR 255 89 0
       END
    END
   CLASS
      NAME "0.1894 - 0.2337"
      EXPRESSION ([pixel] >= 0.1894 AND [pixel] < 0.2337)
       STYLE
        
         COLOR 223 172 0
       END
    END
   CLASS
      NAME "0.2337 - 0.2789"
      EXPRESSION ([pixel] >= 0.2337 AND [pixel] < 0.2789)
       STYLE
        
         COLOR 172 223 51
       END
    END
   CLASS
      NAME "0.2789 - 0.3308"
      EXPRESSION ([pixel] >= 0.2789 AND [pixel] < 0.3308)
       STYLE
        
         COLOR 86 239 153
       END
    END
   CLASS
      NAME "0.3308 - 0.4827"
      EXPRESSION ([pixel] >= 0.3308 AND [pixel] < 0.4827)
       STYLE
        
         COLOR 0 255 255
       END
    END
 
 END  
 
  LAYER
    NAME 'amphibia_avgPropRgSz_B1'
    TYPE RASTER
    
    TEMPLATE fooOnlyForWMSGetFeatureInfo
    #EXTENT -8238943.443396 -3523215.000000 6725353.443396 4905135.000000
    DATA '/share/lmserver/data/archive/changeThinking/2163/Layers/Mammalia_avgpropRaS_B1_7099_5pp.tif'
    METADATA
      'ows_title' 'amphibia_avgPropRgSz_B1'
      
    END
    STATUS On
    TRANSPARENCY 100
    PROJECTION
    "init=epsg:2163"
    END
    CLASSITEM 'pixel' 
    
        CLASS
      NAME "0.0406 - 0.0407"
      EXPRESSION ([pixel] >= 0.0406 AND [pixel] < 0.0407)
       STYLE
        
         COLOR 191 0 0
       END
    END
    CLASS
      NAME "0.0407 - 0.1894"
      EXPRESSION ([pixel] >= 0.0407 AND [pixel] < 0.1894)
       STYLE
        
         COLOR 255 89 0
       END
    END
   CLASS
      NAME "0.1894 - 0.2337"
      EXPRESSION ([pixel] >= 0.1894 AND [pixel] < 0.2337)
       STYLE
        
         COLOR 223 172 0
       END
    END
   CLASS
      NAME "0.2337 - 0.2789"
      EXPRESSION ([pixel] >= 0.2337 AND [pixel] < 0.2789)
       STYLE
        
         COLOR 172 223 51
       END
    END
   CLASS
      NAME "0.2789 - 0.3308"
      EXPRESSION ([pixel] >= 0.2789 AND [pixel] < 0.3308)
       STYLE
        
         COLOR 86 239 153
       END
    END
   CLASS
      NAME "0.3308 - 0.4827"
      EXPRESSION ([pixel] >= 0.3308 AND [pixel] < 0.4827)
       STYLE
        
         COLOR 0 255 255
       END
    END
 
 END  
 
  LAYER
    NAME 'amphibia_avgPropRgSz_A2'
    TYPE RASTER
    
    TEMPLATE fooOnlyForWMSGetFeatureInfo
    #EXTENT -8238943.443396 -3523215.000000 6725353.443396 4905135.000000
    DATA '/share/lmserver/data/archive/changeThinking/2163/Layers/Mammalia_avgpropRaS_A2_7099_5pp.tif'
    METADATA
      'ows_title' 'amphibia_avgPropRgSz_A2'
      
    END
    STATUS On
    TRANSPARENCY 100
    PROJECTION
    "init=epsg:2163"
    END
    CLASSITEM 'pixel' 
    
        CLASS
      NAME "0.0406 - 0.0407"
      EXPRESSION ([pixel] >= 0.0406 AND [pixel] < 0.0407)
       STYLE
        
         COLOR 191 0 0
       END
    END
    CLASS
      NAME "0.0407 - 0.1894"
      EXPRESSION ([pixel] >= 0.0407 AND [pixel] < 0.1894)
       STYLE
        
         COLOR 255 89 0
       END
    END
   CLASS
      NAME "0.1894 - 0.2337"
      EXPRESSION ([pixel] >= 0.1894 AND [pixel] < 0.2337)
       STYLE
        
         COLOR 223 172 0
       END
    END
   CLASS
      NAME "0.2337 - 0.2789"
      EXPRESSION ([pixel] >= 0.2337 AND [pixel] < 0.2789)
       STYLE
        
         COLOR 172 223 51
       END
    END
   CLASS
      NAME "0.2789 - 0.3308"
      EXPRESSION ([pixel] >= 0.2789 AND [pixel] < 0.3308)
       STYLE
        
         COLOR 86 239 153
       END
    END
   CLASS
      NAME "0.3308 - 0.4827"
      EXPRESSION ([pixel] >= 0.3308 AND [pixel] < 0.4827)
       STYLE
        
         COLOR 0 255 255
       END
    END
 
 END  

#################  Butterfly Richness #################

  LAYER
    NAME 'butterfly_richness_worldclim'
    TYPE RASTER
    
    TEMPLATE fooOnlyForWMSGetFeatureInfo
    #EXTENT -8238943.443396 -3523215.000000 6725353.443396 4905135.000000
    DATA '/share/lmserver/data/archive/changeThinking/2163/Layers/Butterfly_richness_worldclim_1.4_5pp.tif'
    METADATA
      'ows_title' 'butterfly_richness_worlclim'
      
    END
    STATUS On
    TRANSPARENCY 100
    PROJECTION
    "init=epsg:2163"
    END
    CLASSITEM 'pixel' 
      
    CLASS
      NAME "1 - 8"
      EXPRESSION ([pixel] >= 1 AND [pixel] < 8)
       STYLE
        
         COLOR 0 255 255
       END
    END
    CLASS
      NAME "8 - 24"
      EXPRESSION ([pixel] >= 8 AND [pixel] < 24)
       STYLE
        
         COLOR 61 243 182
       END
    END
   CLASS
      NAME "24 - 54"
      EXPRESSION ([pixel] >= 24 AND [pixel] < 54)
       STYLE
        
         COLOR 123 232 109
       END
    END
   CLASS
      NAME "54 - 105"
      EXPRESSION ([pixel] >= 54 AND [pixel] < 105)
       STYLE
        
         COLOR 185 221 36
       END
    END
   CLASS
      NAME "105 - 182"
      EXPRESSION ([pixel] >= 105 AND [pixel] < 182)
       STYLE
        
         COLOR 221 185 0
       END
    END
   CLASS
      NAME "182 - 275"
      EXPRESSION ([pixel] >= 182 AND [pixel] < 275)
       STYLE
        
         COLOR 255 132 0
       END
    END
  CLASS
      NAME "275 - 369"
      EXPRESSION ([pixel] >= 275 AND [pixel] < 369)
       STYLE
        
         COLOR 243 61 0
       END
    END
  CLASS
      NAME "369 - 431"
      EXPRESSION ([pixel] >= 369 AND [pixel] <= 431)
       STYLE
        
         COLOR 176 0 0
       END
   END

END

  LAYER
    NAME 'butterfly_richness_B1'
    TYPE RASTER
    
    TEMPLATE fooOnlyForWMSGetFeatureInfo
    #EXTENT -8238943.443396 -3523215.000000 6725353.443396 4905135.000000
    DATA '/share/lmserver/data/archive/changeThinking/2163/Layers/Butterfly_richness_B1_7099_5pp.tif'
    METADATA
      'ows_title' 'butterfly_richness_B1'
      
    END
    STATUS On
    TRANSPARENCY 100
    PROJECTION
    "init=epsg:2163"
    END
    CLASSITEM 'pixel' 
      
    CLASS
      NAME "1 - 8"
      EXPRESSION ([pixel] >= 1 AND [pixel] < 8)
       STYLE
        
         COLOR 0 255 255
       END
    END
    CLASS
      NAME "8 - 24"
      EXPRESSION ([pixel] >= 8 AND [pixel] < 24)
       STYLE
        
         COLOR 61 243 182
       END
    END
   CLASS
      NAME "24 - 54"
      EXPRESSION ([pixel] >= 24 AND [pixel] < 54)
       STYLE
        
         COLOR 123 232 109
       END
    END
   CLASS
      NAME "54 - 105"
      EXPRESSION ([pixel] >= 54 AND [pixel] < 105)
       STYLE
        
         COLOR 185 221 36
       END
    END
   CLASS
      NAME "105 - 182"
      EXPRESSION ([pixel] >= 105 AND [pixel] < 182)
       STYLE
        
         COLOR 221 185 0
       END
    END
   CLASS
      NAME "182 - 275"
      EXPRESSION ([pixel] >= 182 AND [pixel] < 275)
       STYLE
        
         COLOR 255 132 0
       END
    END
  CLASS
      NAME "275 - 369"
      EXPRESSION ([pixel] >= 275 AND [pixel] < 369)
       STYLE
        
         COLOR 243 61 0
       END
    END
  CLASS
      NAME "369 - 431"
      EXPRESSION ([pixel] >= 369 AND [pixel] <= 431)
       STYLE
        
         COLOR 176 0 0
       END
   END

END

  LAYER
    NAME 'butterfly_richness_A2'
    TYPE RASTER
    
    TEMPLATE fooOnlyForWMSGetFeatureInfo
    #EXTENT -8238943.443396 -3523215.000000 6725353.443396 4905135.000000
    DATA '/share/lmserver/data/archive/changeThinking/2163/Layers/Butterfly_richness_A2_7099_5pp.tif'
    METADATA
      'ows_title' 'butterfly_richness_A2'
      
    END
    STATUS On
    TRANSPARENCY 100
    PROJECTION
    "init=epsg:2163"
    END
    CLASSITEM 'pixel' 
      
    CLASS
      NAME "1 - 8"
      EXPRESSION ([pixel] >= 1 AND [pixel] < 8)
       STYLE
        
         COLOR 0 255 255
       END
    END
    CLASS
      NAME "8 - 24"
      EXPRESSION ([pixel] >= 8 AND [pixel] < 24)
       STYLE
        
         COLOR 61 243 182
       END
    END
   CLASS
      NAME "24 - 54"
      EXPRESSION ([pixel] >= 24 AND [pixel] < 54)
       STYLE
        
         COLOR 123 232 109
       END
    END
   CLASS
      NAME "54 - 105"
      EXPRESSION ([pixel] >= 54 AND [pixel] < 105)
       STYLE
        
         COLOR 185 221 36
       END
    END
   CLASS
      NAME "105 - 182"
      EXPRESSION ([pixel] >= 105 AND [pixel] < 182)
       STYLE
        
         COLOR 221 185 0
       END
    END
   CLASS
      NAME "182 - 275"
      EXPRESSION ([pixel] >= 182 AND [pixel] < 275)
       STYLE
        
         COLOR 255 132 0
       END
    END
  CLASS
      NAME "275 - 369"
      EXPRESSION ([pixel] >= 275 AND [pixel] < 369)
       STYLE
        
         COLOR 243 61 0
       END
    END
  CLASS
      NAME "369 - 431"
      EXPRESSION ([pixel] >= 369 AND [pixel] <= 431)
       STYLE
        
         COLOR 176 0 0
       END
   END

END

  LAYER
    NAME 'butterfly_richness_A1B'
    TYPE RASTER
    
    TEMPLATE fooOnlyForWMSGetFeatureInfo
    #EXTENT -8238943.443396 -3523215.000000 6725353.443396 4905135.000000
    DATA '/share/lmserver/data/archive/changeThinking/2163/Layers/Butterfly_richness_A1B_7099_5pp.tif'
    METADATA
      'ows_title' 'butterfly_richness_A1B'
      
    END
    STATUS On
    TRANSPARENCY 100
    PROJECTION
    "init=epsg:2163"
    END
    CLASSITEM 'pixel' 
      
    CLASS
      NAME "1 - 8"
      EXPRESSION ([pixel] >= 1 AND [pixel] < 8)
       STYLE
        
         COLOR 0 255 255
       END
    END
    CLASS
      NAME "8 - 24"
      EXPRESSION ([pixel] >= 8 AND [pixel] < 24)
       STYLE
        
         COLOR 61 243 182
       END
    END
   CLASS
      NAME "24 - 54"
      EXPRESSION ([pixel] >= 24 AND [pixel] < 54)
       STYLE
        
         COLOR 123 232 109
       END
    END
   CLASS
      NAME "54 - 105"
      EXPRESSION ([pixel] >= 54 AND [pixel] < 105)
       STYLE
        
         COLOR 185 221 36
       END
    END
   CLASS
      NAME "105 - 182"
      EXPRESSION ([pixel] >= 105 AND [pixel] < 182)
       STYLE
        
         COLOR 221 185 0
       END
    END
   CLASS
      NAME "182 - 275"
      EXPRESSION ([pixel] >= 182 AND [pixel] < 275)
       STYLE
        
         COLOR 255 132 0
       END
    END
  CLASS
      NAME "275 - 369"
      EXPRESSION ([pixel] >= 275 AND [pixel] < 369)
       STYLE
        
         COLOR 243 61 0
       END
    END
  CLASS
      NAME "369 - 431"
      EXPRESSION ([pixel] >= 369 AND [pixel] <= 431)
       STYLE
        
         COLOR 176 0 0
       END
   END

END

#################  Butterfly Avg Prop Range Size ##############

  LAYER
    NAME 'butterfly_avgPropRgSz_worldclim'
    TYPE RASTER
    
    TEMPLATE fooOnlyForWMSGetFeatureInfo
    #EXTENT -8238943.443396 -3523215.000000 6725353.443396 4905135.000000
    DATA '/share/lmserver/data/archive/changeThinking/2163/Layers/Butterfly_avgpropRaS_worldclim_1.4_5pp.tif'
    METADATA
      'ows_title' 'butterfly_avgPropRgSz_worldclim'
      
    END
    STATUS On
    TRANSPARENCY 100
    PROJECTION
    "init=epsg:2163"
    END
    CLASSITEM 'pixel' 
    
    CLASS
      NAME "0.0126 - 0.0526"
      EXPRESSION ([pixel] >= 0.0126 AND [pixel] < 0.0526)
       STYLE
        
         COLOR 191 0 0
       END
    END
    CLASS
      NAME "0.0526 - 0.1453"
      EXPRESSION ([pixel] >= 0.0526 AND [pixel] < 0.1453)
       STYLE
        
         COLOR 255 89 0
       END
    END
   CLASS
      NAME "0.1453 - 0.2283"
      EXPRESSION ([pixel] >= 0.1453 AND [pixel] < 0.2283)
       STYLE
        
         COLOR 223 172 0
       END
    END
   CLASS
      NAME "0.2283 - 0.3116"
      EXPRESSION ([pixel] >= 0.2283 AND [pixel] < 0.3116)
       STYLE
        
         COLOR 172 223 51
       END
    END
   CLASS
      NAME "0.3116 - 0.4334"
      EXPRESSION ([pixel] >= 0.3116 AND [pixel] < 0.4334)
       STYLE
        
         COLOR 86 239 153
       END
    END
   CLASS
      NAME "0.4334 - 0.5688"
      EXPRESSION ([pixel] >= 0.4334 AND [pixel] < 0.5688)
       STYLE
        
         COLOR 0 255 255
       END
    END
 
 END  
 
   LAYER
    NAME 'butterfly_avgPropRgSz_B1'
    TYPE RASTER
    
    TEMPLATE fooOnlyForWMSGetFeatureInfo
    #EXTENT -8238943.443396 -3523215.000000 6725353.443396 4905135.000000
    DATA '/share/lmserver/data/archive/changeThinking/2163/Layers/Butterfly_avgpropRaS_B1_7099_5pp.tif'
    METADATA
      'ows_title' 'butterfly_avgPropRgSz_B1'
      
    END
    STATUS On
    TRANSPARENCY 100
    PROJECTION
    "init=epsg:2163"
    END
    CLASSITEM 'pixel' 
    
    CLASS
      NAME "0.0126 - 0.0526"
      EXPRESSION ([pixel] >= 0.0126 AND [pixel] < 0.0526)
       STYLE
        
         COLOR 191 0 0
       END
    END
    CLASS
      NAME "0.0526 - 0.1453"
      EXPRESSION ([pixel] >= 0.0526 AND [pixel] < 0.1453)
       STYLE
        
         COLOR 255 89 0
       END
    END
   CLASS
      NAME "0.1453 - 0.2283"
      EXPRESSION ([pixel] >= 0.1453 AND [pixel] < 0.2283)
       STYLE
        
         COLOR 223 172 0
       END
    END
   CLASS
      NAME "0.2283 - 0.3116"
      EXPRESSION ([pixel] >= 0.2283 AND [pixel] < 0.3116)
       STYLE
        
         COLOR 172 223 51
       END
    END
   CLASS
      NAME "0.3116 - 0.4334"
      EXPRESSION ([pixel] >= 0.3116 AND [pixel] < 0.4334)
       STYLE
        
         COLOR 86 239 153
       END
    END
   CLASS
      NAME "0.4334 - 0.5688"
      EXPRESSION ([pixel] >= 0.4334 AND [pixel] < 0.5688)
       STYLE
        
         COLOR 0 255 255
       END
    END
 
 END  
 
  LAYER
    NAME 'butterfly_avgPropRgSz_A2'
    TYPE RASTER
    
    TEMPLATE fooOnlyForWMSGetFeatureInfo
    #EXTENT -8238943.443396 -3523215.000000 6725353.443396 4905135.000000
    DATA '/share/lmserver/data/archive/changeThinking/2163/Layers/Butterfly_avgpropRaS_A2_7099_5pp.tif'
    METADATA
      'ows_title' 'butterfly_avgPropRgSz_A2'
      
    END
    STATUS On
    TRANSPARENCY 100
    PROJECTION
    "init=epsg:2163"
    END
    CLASSITEM 'pixel' 
    
    CLASS
      NAME "0.0126 - 0.0526"
      EXPRESSION ([pixel] >= 0.0126 AND [pixel] < 0.0526)
       STYLE
        
         COLOR 191 0 0
       END
    END
    CLASS
      NAME "0.0526 - 0.1453"
      EXPRESSION ([pixel] >= 0.0526 AND [pixel] < 0.1453)
       STYLE
        
         COLOR 255 89 0
       END
    END
   CLASS
      NAME "0.1453 - 0.2283"
      EXPRESSION ([pixel] >= 0.1453 AND [pixel] < 0.2283)
       STYLE
        
         COLOR 223 172 0
       END
    END
   CLASS
      NAME "0.2283 - 0.3116"
      EXPRESSION ([pixel] >= 0.2283 AND [pixel] < 0.3116)
       STYLE
        
         COLOR 172 223 51
       END
    END
   CLASS
      NAME "0.3116 - 0.4334"
      EXPRESSION ([pixel] >= 0.3116 AND [pixel] < 0.4334)
       STYLE
        
         COLOR 86 239 153
       END
    END
   CLASS
      NAME "0.4334 - 0.5688"
      EXPRESSION ([pixel] >= 0.4334 AND [pixel] < 0.5688)
       STYLE
        
         COLOR 0 255 255
       END
    END
 
 END  
 
   LAYER
    NAME 'butterfly_avgPropRgSz_A1B'
    TYPE RASTER
    
    TEMPLATE fooOnlyForWMSGetFeatureInfo
    #EXTENT -8238943.443396 -3523215.000000 6725353.443396 4905135.000000
    DATA '/share/lmserver/data/archive/changeThinking/2163/Layers/Butterfly_avgpropRaS_A1B_7099_5pp.tif'
    METADATA
      'ows_title' 'butterfly_avgPropRgSz_A1B'
      
    END
    STATUS On
    TRANSPARENCY 100
    PROJECTION
    "init=epsg:2163"
    END
    CLASSITEM 'pixel' 
    
    CLASS
      NAME "0.0126 - 0.0526"
      EXPRESSION ([pixel] >= 0.0126 AND [pixel] < 0.0526)
       STYLE
        
         COLOR 191 0 0
       END
    END
    CLASS
      NAME "0.0526 - 0.1453"
      EXPRESSION ([pixel] >= 0.0526 AND [pixel] < 0.1453)
       STYLE
        
         COLOR 255 89 0
       END
    END
   CLASS
      NAME "0.1453 - 0.2283"
      EXPRESSION ([pixel] >= 0.1453 AND [pixel] < 0.2283)
       STYLE
        
         COLOR 223 172 0
       END
    END
   CLASS
      NAME "0.2283 - 0.3116"
      EXPRESSION ([pixel] >= 0.2283 AND [pixel] < 0.3116)
       STYLE
        
         COLOR 172 223 51
       END
    END
   CLASS
      NAME "0.3116 - 0.4334"
      EXPRESSION ([pixel] >= 0.3116 AND [pixel] < 0.4334)
       STYLE
        
         COLOR 86 239 153
       END
    END
   CLASS
      NAME "0.4334 - 0.5688"
      EXPRESSION ([pixel] >= 0.4334 AND [pixel] < 0.5688)
       STYLE
        
         COLOR 0 255 255
       END
    END
 
 END  
 
  #-------------------------------------------------------------------------
  QUERYMAP
    STATUS ON
    STYLE HILITE
  END
  
  #-------------------------------------------------------------------------
OUTPUTFORMAT
  NAME gif
  DRIVER "GD/GIF"
  MIMETYPE "image/gif"
  IMAGEMODE PC256
  EXTENSION "gif"
  FORMATOPTION "GDAL/*"
END

OUTPUTFORMAT
  NAME png
  DRIVER "AGG/PNG"
  MIMETYPE "image/png"
  IMAGEMODE RGBA
  TRANSPARENT ON
  EXTENSION "png"
  FORMATOPTION "INTERLACE=OFF"
END

OUTPUTFORMAT
  NAME jpeg
  DRIVER "GDAL/JPEG"
  MIMETYPE "image/jpeg"
  IMAGEMODE RGB
  EXTENSION "jpg"
  FORMATOPTION "GDAL/*"
END

OUTPUTFORMAT
  NAME GTiff
  DRIVER "GDAL/GTiff"
  MIMETYPE "image/tiff"
  IMAGEMODE FLOAT32
  EXTENSION "tif"
  FORMATOPTION "GDAL/*"
END

OUTPUTFORMAT
  NAME AAIGRID
  DRIVER "GDAL/AAIGRID"
  MIMETYPE "image/x-aaigrid"
  IMAGEMODE INT16
  EXTENSION "asc"
  FORMATOPTION "FILENAME=result.asc"
END
END #of map file

