MAP
   NAME  anc_ctrange 
  STATUS ON
  DEBUG ON
  SIZE 600 300
  CONFIG "PROJ_LIB" "/opt/lifemapper/share/proj/"
  EXTENT  -4387050.00  -3732756.48  4073244.21  4704460.00
  UNITS dd
  IMAGECOLOR 0 0 0
  SYMBOLSET  "symbols.txt"


      PROJECTION
         "init=epsg:2163"
      END

  WEB
    IMAGEPATH "/var/www/tmp/"
    IMAGEURL "/tmp/"
    LOG "/var/www/tmp/mslogfile.txt"


      METADATA
         ows_label   "Lifemapper User Data Service"
         ows_title   "changeThinking Data"
         ows_onlineresource   "None"
         ows_srs   "epsg:2163"
         ows_enable_request  "*"
      END

  END 

   LAYER
      NAME  "American_crow"
      TYPE  POLYGON
      STATUS  ON
      OPACITY 100
      
      

      CONNECTIONTYPE  OGR
      CONNECTION  "/share/lmserver/data/archive/changeThinking/2163/Layers/American_crow.shp"
      
      TOLERANCE  3
      TOLERANCEUNITS  pixels

      PROJECTION
         "init=epsg:2163"
      END

      METADATA
         ows_name  "American_crow"
         ows_title  "NatureServe American Crow Range Map"
         ows_srs  "epsg:2163"
         onlineresource  "None"
         wfs_featureid  "SCINAME"
      END

      CLASSGROUP "blue"
      CLASS
         NAME   "American_crow"
         GROUP   "blue"
         STYLE
           SYMBOL 'hatch'
           SIZE 5
           ANGLE 35
           WIDTH 0.91
           OUTLINECOLOR 0 0 0
           COLOR 90 116 232

         END
      END
      CLASS
         NAME   "American_crow"
         GROUP   "green"
         STYLE
           SYMBOL 'hatch'
           SIZE 5
           ANGLE 180
           WIDTH 0.91
           OUTLINECOLOR 0 0 0
           COLOR 180 230 102

         END
      END
      CLASS
         NAME   "American_crow"
         GROUP   "red"
         STYLE
           SYMBOL 'hatch'
           SIZE 5
           ANGLE 65
           WIDTH 0.91
           OUTLINECOLOR 0 0 0
           COLOR 190 16 32

         END
      END
   END

   LAYER
      NAME  "plains_garter_snake"
      TYPE  POLYGON
      STATUS  ON
      OPACITY 100
      
      

      CONNECTIONTYPE  OGR
      CONNECTION  "/share/lmserver/data/archive/changeThinking/2163/Layers/plains_g_snake.shp"
      
      TOLERANCE  3
      TOLERANCEUNITS  pixels

      PROJECTION
         "init=epsg:2163"
      END

      METADATA
         ows_name  "plains_garter_snake"
         ows_title  "NatureServe Plains Garter Snake Range Map"
         ows_srs  "epsg:2163"
         onlineresource  "None"
         wfs_featureid  "BINOMIAL"
      END

      CLASSGROUP "blue"
      CLASS
         NAME   "plains_garter_snake"
         GROUP   "blue"
         STYLE
           SYMBOL 'hatch'
           SIZE 5
           ANGLE 35
           WIDTH 0.91
           OUTLINECOLOR 0 0 0
           COLOR 90 116 232

         END
      END
      CLASS
         NAME   "plains_garter_snake"
         GROUP   "green"
         STYLE
           SYMBOL 'hatch'
           SIZE 5
           ANGLE 180
           WIDTH 0.91
           OUTLINECOLOR 0 0 0
           COLOR 180 230 102

         END
      END
      CLASS
         NAME   "plains_garter_snake"
         GROUP   "red"
         STYLE
           SYMBOL 'hatch'
           SIZE 5
           ANGLE 65
           WIDTH 0.91
           OUTLINECOLOR 0 0 0
           COLOR 190 16 32

         END
      END
   END

   LAYER
      NAME  "southern_bog_lemming"
      TYPE  POLYGON
      STATUS  ON
      OPACITY 100
      
      

      CONNECTIONTYPE  OGR
      CONNECTION  "/share/lmserver/data/archive/changeThinking/2163/Layers/south_bog_lemmings.shp"
      
      TOLERANCE  3
      TOLERANCEUNITS  pixels

      PROJECTION
         "init=epsg:2163"
      END

      METADATA
         ows_name  "southern_bog_lemming"
         ows_title  "NatureServe Southern Bog Lemmings Range Map"
         ows_srs  "epsg:2163"
         onlineresource  "None"
         wfs_featureid  "ENGL_NAME"
      END

      CLASSGROUP "blue"
      CLASS
         NAME   "southern_bog_lemming"
         GROUP   "blue"
         STYLE
           SYMBOL 'hatch'
           SIZE 5
           ANGLE 35
           WIDTH 0.91
           OUTLINECOLOR 0 0 0
           COLOR 90 116 232

         END
      END
      CLASS
         NAME   "southern_bog_lemming"
         GROUP   "green"
         STYLE
           SYMBOL 'hatch'
           SIZE 5
           ANGLE 180
           WIDTH 0.91
           OUTLINECOLOR 0 0 0
           COLOR 180 230 102

         END
      END
      CLASS
         NAME   "southern_bog_lemming"
         GROUP   "red"
         STYLE
           SYMBOL 'hatch'
           SIZE 5
           ANGLE 65
           WIDTH 0.91
           OUTLINECOLOR 0 0 0
           COLOR 190 16 32

         END
      END
   END

   LAYER
      NAME  "red_tailed_hawk"
      TYPE  POLYGON
      STATUS  ON
      OPACITY 100
      
      

      CONNECTIONTYPE  OGR
      CONNECTION  "/share/lmserver/data/archive/changeThinking/2163/Layers/red_tailed_hawk.shp"
      
      TOLERANCE  3
      TOLERANCEUNITS  pixels

      PROJECTION
         "init=epsg:2163"
      END

      METADATA
         ows_name  "red_tailed_hawk"
         ows_title  "NatureServe Red Tailed Hawk Range Map"
         ows_srs  "epsg:2163"
         onlineresource  "None"
         wfs_featureid  "SCINAME"
      END

      CLASSGROUP "blue"
      CLASS
         NAME   "red_tailed_hawk"
         GROUP   "blue"
         STYLE
           SYMBOL 'hatch'
           SIZE 5
           ANGLE 35
           WIDTH 0.91
           OUTLINECOLOR 0 0 0
           COLOR 90 116 232

         END
      END
      CLASS
         NAME   "red_tailed_hawk"
         GROUP   "green"
         STYLE
           SYMBOL 'hatch'
           SIZE 5
           ANGLE 180
           WIDTH 0.91
           OUTLINECOLOR 0 0 0
           COLOR 180 230 102

         END
      END
      CLASS
         NAME   "red_tailed_hawk"
         GROUP   "red"
         STYLE
           SYMBOL 'hatch'
           SIZE 5
           ANGLE 65
           WIDTH 0.91
           OUTLINECOLOR 0 0 0
           COLOR 190 16 32

         END
      END
   END

   LAYER
      NAME  "northern_cardinal"
      TYPE  POLYGON
      STATUS  ON
      OPACITY 100
      
      

      CONNECTIONTYPE  OGR
      CONNECTION  "/share/lmserver/data/archive/changeThinking/2163/Layers/north_cardinal.shp"
      
      TOLERANCE  3
      TOLERANCEUNITS  pixels

      PROJECTION
         "init=epsg:2163"
      END

      METADATA
         ows_name  "northern_cardinal"
         ows_title  "NatureServe Northern Cardinal Range Map"
         ows_srs  "epsg:2163"
         onlineresource  "None"
         wfs_featureid  "ENGL_NAME"
      END

      CLASSGROUP "blue"
      CLASS
         NAME   "northern_cardinal"
         GROUP   "blue"
         STYLE
           SYMBOL 'hatch'
           SIZE 5
           ANGLE 35
           WIDTH 0.91
           OUTLINECOLOR 0 0 0
           COLOR 90 116 232

         END
      END
      CLASS
         NAME   "northern_cardinal"
         GROUP   "green"
         STYLE
           SYMBOL 'hatch'
           SIZE 5
           ANGLE 180
           WIDTH 0.91
           OUTLINECOLOR 0 0 0
           COLOR 180 230 102

         END
      END
      CLASS
         NAME   "northern_cardinal"
         GROUP   "red"
         STYLE
           SYMBOL 'hatch'
           SIZE 5
           ANGLE 65
           WIDTH 0.91
           OUTLINECOLOR 0 0 0
           COLOR 190 16 32

         END
      END
   END

   LAYER
      NAME  "red_backed_salamander"
      TYPE  POLYGON
      STATUS  ON
      OPACITY 100
      
      

      CONNECTIONTYPE  OGR
      CONNECTION  "/share/lmserver/data/archive/changeThinking/2163/Layers/red_back_salamand.shp"
      
      TOLERANCE  3
      TOLERANCEUNITS  pixels

      PROJECTION
         "init=epsg:2163"
      END

      METADATA
         ows_name  "red_backed_salamander"
         ows_title  "NatureServe Red Backed Salamander Range Map"
         ows_srs  "epsg:2163"
         onlineresource  "None"
         wfs_featureid  "BINOMIAL"
      END

      CLASSGROUP "blue"
      CLASS
         NAME   "red_backed_salamander"
         GROUP   "blue"
         STYLE
           SYMBOL 'hatch'
           SIZE 5
           ANGLE 35
           WIDTH 0.91
           OUTLINECOLOR 0 0 0
           COLOR 90 116 232

         END
      END
      CLASS
         NAME   "red_backed_salamander"
         GROUP   "green"
         STYLE
           SYMBOL 'hatch'
           SIZE 5
           ANGLE 180
           WIDTH 0.91
           OUTLINECOLOR 0 0 0
           COLOR 180 230 102

         END
      END
      CLASS
         NAME   "red_backed_salamander"
         GROUP   "red"
         STYLE
           SYMBOL 'hatch'
           SIZE 5
           ANGLE 65
           WIDTH 0.91
           OUTLINECOLOR 0 0 0
           COLOR 190 16 32

         END
      END
   END

   LAYER
      NAME  "great_blue_heron"
      TYPE  POLYGON
      STATUS  ON
      OPACITY 100
      
      

      CONNECTIONTYPE  OGR
      CONNECTION  "/share/lmserver/data/archive/changeThinking/2163/Layers/great_Blue_Heron.shp"
      
      TOLERANCE  3
      TOLERANCEUNITS  pixels

      PROJECTION
         "init=epsg:2163"
      END

      METADATA
         ows_name  "great_blue_heron"
         ows_title  "NatureServe Great Blue Heron Range Map"
         ows_srs  "epsg:2163"
         onlineresource  "None"
         wfs_featureid  "ENGL_NAME"
      END

      CLASSGROUP "blue"
      CLASS
         NAME   "great_blue_heron"
         GROUP   "blue"
         STYLE
           SYMBOL 'hatch'
           SIZE 5
           ANGLE 35
           WIDTH 0.91
           OUTLINECOLOR 0 0 0
           COLOR 90 116 232

         END
      END
      CLASS
         NAME   "great_blue_heron"
         GROUP   "green"
         STYLE
           SYMBOL 'hatch'
           SIZE 5
           ANGLE 180
           WIDTH 0.91
           OUTLINECOLOR 0 0 0
           COLOR 180 230 102

         END
      END
      CLASS
         NAME   "great_blue_heron"
         GROUP   "red"
         STYLE
           SYMBOL 'hatch'
           SIZE 5
           ANGLE 65
           WIDTH 0.91
           OUTLINECOLOR 0 0 0
           COLOR 190 16 32

         END
      END
   END

   LAYER
      NAME  "American_kestrel"
      TYPE  POLYGON
      STATUS  ON
      OPACITY 100
      
      

      CONNECTIONTYPE  OGR
      CONNECTION  "/share/lmserver/data/archive/changeThinking/2163/Layers/American_kestrel.shp"
      
      TOLERANCE  3
      TOLERANCEUNITS  pixels

      PROJECTION
         "init=epsg:2163"
      END

      METADATA
         ows_name  "American_kestrel"
         ows_title  "NatureServe American Kestrel Range Map"
         ows_srs  "epsg:2163"
         onlineresource  "None"
         wfs_featureid  "SCINAME"
      END

      CLASSGROUP "blue"
      CLASS
         NAME   "American_kestrel"
         GROUP   "blue"
         STYLE
           SYMBOL 'hatch'
           SIZE 5
           ANGLE 35
           WIDTH 0.91
           OUTLINECOLOR 0 0 0
           COLOR 90 116 232

         END
      END
      CLASS
         NAME   "American_kestrel"
         GROUP   "green"
         STYLE
           SYMBOL 'hatch'
           SIZE 5
           ANGLE 180
           WIDTH 0.91
           OUTLINECOLOR 0 0 0
           COLOR 180 230 102

         END
      END
      CLASS
         NAME   "American_kestrel"
         GROUP   "red"
         STYLE
           SYMBOL 'hatch'
           SIZE 5
           ANGLE 65
           WIDTH 0.91
           OUTLINECOLOR 0 0 0
           COLOR 190 16 32

         END
      END
   END

   LAYER
      NAME  "eastern_kingbird"
      TYPE  POLYGON
      STATUS  ON
      OPACITY 100
      
      

      CONNECTIONTYPE  OGR
      CONNECTION  "/share/lmserver/data/archive/changeThinking/2163/Layers/eastern_kingbird.shp"
      
      TOLERANCE  3
      TOLERANCEUNITS  pixels

      PROJECTION
         "init=epsg:2163"
      END

      METADATA
         ows_name  "eastern_kingbird"
         ows_title  "NatureServe Eastern Kingbird Range Map"
         ows_srs  "epsg:2163"
         onlineresource  "None"
         wfs_featureid  "SCINAME"
      END

      CLASSGROUP "blue"
      CLASS
         NAME   "eastern_kingbird"
         GROUP   "blue"
         STYLE
           SYMBOL 'hatch'
           SIZE 5
           ANGLE 35
           WIDTH 0.91
           OUTLINECOLOR 0 0 0
           COLOR 90 116 232

         END
      END
      CLASS
         NAME   "eastern_kingbird"
         GROUP   "green"
         STYLE
           SYMBOL 'hatch'
           SIZE 5
           ANGLE 180
           WIDTH 0.91
           OUTLINECOLOR 0 0 0
           COLOR 180 230 102

         END
      END
      CLASS
         NAME   "eastern_kingbird"
         GROUP   "red"
         STYLE
           SYMBOL 'hatch'
           SIZE 5
           ANGLE 65
           WIDTH 0.91
           OUTLINECOLOR 0 0 0
           COLOR 190 16 32

         END
      END
   END

   LAYER
      NAME  "northern_flying_squirrel"
      TYPE  POLYGON
      STATUS  ON
      OPACITY 100
      
      

      CONNECTIONTYPE  OGR
      CONNECTION  "/share/lmserver/data/archive/changeThinking/2163/Layers/north_fly_squirrel.shp"
      
      TOLERANCE  3
      TOLERANCEUNITS  pixels

      PROJECTION
         "init=epsg:2163"
      END

      METADATA
         ows_name  "northern_flying_squirrel"
         ows_title  "NatureServe Northern Flying Squirrel Range Map"
         ows_srs  "epsg:2163"
         onlineresource  "None"
         wfs_featureid  "ENGL_NAME"
      END

      CLASSGROUP "blue"
      CLASS
         NAME   "northern_flying_squirrel"
         GROUP   "blue"
         STYLE
           SYMBOL 'hatch'
           SIZE 5
           ANGLE 35
           WIDTH 0.91
           OUTLINECOLOR 0 0 0
           COLOR 90 116 232

         END
      END
      CLASS
         NAME   "northern_flying_squirrel"
         GROUP   "green"
         STYLE
           SYMBOL 'hatch'
           SIZE 5
           ANGLE 180
           WIDTH 0.91
           OUTLINECOLOR 0 0 0
           COLOR 180 230 102

         END
      END
      CLASS
         NAME   "northern_flying_squirrel"
         GROUP   "red"
         STYLE
           SYMBOL 'hatch'
           SIZE 5
           ANGLE 65
           WIDTH 0.91
           OUTLINECOLOR 0 0 0
           COLOR 190 16 32

         END
      END
   END

   LAYER
      NAME  "short_tailed_shrew"
      TYPE  POLYGON
      STATUS  ON
      OPACITY 100
      
      

      CONNECTIONTYPE  OGR
      CONNECTION  "/share/lmserver/data/archive/changeThinking/2163/Layers/sh_tailed_shrew.shp"
      
      TOLERANCE  3
      TOLERANCEUNITS  pixels

      PROJECTION
         "init=epsg:2163"
      END

      METADATA
         ows_name  "short_tailed_shrew"
         ows_title  "NatureServe Short Tailed Shrew Range Map"
         ows_srs  "epsg:2163"
         onlineresource  "None"
         wfs_featureid  "ENGL_NAME"
      END

      CLASSGROUP "blue"
      CLASS
         NAME   "short_tailed_shrew"
         GROUP   "blue"
         STYLE
           SYMBOL 'hatch'
           SIZE 5
           ANGLE 35
           WIDTH 0.91
           OUTLINECOLOR 0 0 0
           COLOR 90 116 232

         END
      END
      CLASS
         NAME   "short_tailed_shrew"
         GROUP   "green"
         STYLE
           SYMBOL 'hatch'
           SIZE 5
           ANGLE 180
           WIDTH 0.91
           OUTLINECOLOR 0 0 0
           COLOR 180 230 102

         END
      END
      CLASS
         NAME   "short_tailed_shrew"
         GROUP   "red"
         STYLE
           SYMBOL 'hatch'
           SIZE 5
           ANGLE 65
           WIDTH 0.91
           OUTLINECOLOR 0 0 0
           COLOR 190 16 32

         END
      END
   END

   LAYER
      NAME  "coopers_hawk"
      TYPE  POLYGON
      STATUS  ON
      OPACITY 100
      
      

      CONNECTIONTYPE  OGR
      CONNECTION  "/share/lmserver/data/archive/changeThinking/2163/Layers/Coopers_hawk.shp"
      
      TOLERANCE  3
      TOLERANCEUNITS  pixels

      PROJECTION
         "init=epsg:2163"
      END

      METADATA
         ows_name  "coopers_hawk"
         ows_title  "NatureServe Coopers Hawk Range Map"
         ows_srs  "epsg:2163"
         onlineresource  "None"
         wfs_featureid  "ENGL_NAME"
      END

      CLASSGROUP "blue"
      CLASS
         NAME   "coopers_hawk"
         GROUP   "blue"
         STYLE
           SYMBOL 'hatch'
           SIZE 5
           ANGLE 35
           WIDTH 0.91
           OUTLINECOLOR 0 0 0
           COLOR 90 116 232

         END
      END
      CLASS
         NAME   "coopers_hawk"
         GROUP   "green"
         STYLE
           SYMBOL 'hatch'
           SIZE 5
           ANGLE 180
           WIDTH 0.91
           OUTLINECOLOR 0 0 0
           COLOR 180 230 102

         END
      END
      CLASS
         NAME   "coopers_hawk"
         GROUP   "red"
         STYLE
           SYMBOL 'hatch'
           SIZE 5
           ANGLE 65
           WIDTH 0.91
           OUTLINECOLOR 0 0 0
           COLOR 190 16 32

         END
      END
   END

   LAYER
      NAME  "Virginia_opossum"
      TYPE  POLYGON
      STATUS  ON
      OPACITY 100
      
      

      CONNECTIONTYPE  OGR
      CONNECTION  "/share/lmserver/data/archive/changeThinking/2163/Layers/Virginia_opossum.shp"
      
      TOLERANCE  3
      TOLERANCEUNITS  pixels

      PROJECTION
         "init=epsg:2163"
      END

      METADATA
         ows_name  "Virginia_opossum"
         ows_title  "NatureServe Virginia Opossum Range Map"
         ows_srs  "epsg:2163"
         onlineresource  "None"
         wfs_featureid  "ENGL_NAME"
      END

      CLASSGROUP "blue"
      CLASS
         NAME   "Virginia_opossum"
         GROUP   "blue"
         STYLE
           SYMBOL 'hatch'
           SIZE 5
           ANGLE 35
           WIDTH 0.91
           OUTLINECOLOR 0 0 0
           COLOR 90 116 232

         END
      END
      CLASS
         NAME   "Virginia_opossum"
         GROUP   "green"
         STYLE
           SYMBOL 'hatch'
           SIZE 5
           ANGLE 180
           WIDTH 0.91
           OUTLINECOLOR 0 0 0
           COLOR 180 230 102

         END
      END
      CLASS
         NAME   "Virginia_opossum"
         GROUP   "red"
         STYLE
           SYMBOL 'hatch'
           SIZE 5
           ANGLE 65
           WIDTH 0.91
           OUTLINECOLOR 0 0 0
           COLOR 190 16 32

         END
      END
   END

   LAYER
      NAME  "Elliots_short_tail_shrew"
      TYPE  POLYGON
      STATUS  ON
      OPACITY 100
      
      

      CONNECTIONTYPE  OGR
      CONNECTION  "/share/lmserver/data/archive/changeThinking/2163/Layers/Elliots_s_tail_shrew.shp"
      
      TOLERANCE  3
      TOLERANCEUNITS  pixels

      PROJECTION
         "init=epsg:2163"
      END

      METADATA
         ows_name  "Elliots_short_tail_shrew"
         ows_title  "NatureServe Elliots Short Tailed Shrew Range Map"
         ows_srs  "epsg:2163"
         onlineresource  "None"
         wfs_featureid  "ENGL_NAME"
      END

      CLASSGROUP "blue"
      CLASS
         NAME   "Elliots_short_tail_shrew"
         GROUP   "blue"
         STYLE
           SYMBOL 'hatch'
           SIZE 5
           ANGLE 35
           WIDTH 0.91
           OUTLINECOLOR 0 0 0
           COLOR 90 116 232

         END
      END
      CLASS
         NAME   "Elliots_short_tail_shrew"
         GROUP   "green"
         STYLE
           SYMBOL 'hatch'
           SIZE 5
           ANGLE 180
           WIDTH 0.91
           OUTLINECOLOR 0 0 0
           COLOR 180 230 102

         END
      END
      CLASS
         NAME   "Elliots_short_tail_shrew"
         GROUP   "red"
         STYLE
           SYMBOL 'hatch'
           SIZE 5
           ANGLE 65
           WIDTH 0.91
           OUTLINECOLOR 0 0 0
           COLOR 190 16 32

         END
      END
   END

   LAYER
      NAME  "common_garter_snake"
      TYPE  POLYGON
      STATUS  ON
      OPACITY 100
      
      

      CONNECTIONTYPE  OGR
      CONNECTION  "/share/lmserver/data/archive/changeThinking/2163/Layers/comm_Garter_Snake.shp"
      
      TOLERANCE  3
      TOLERANCEUNITS  pixels

      PROJECTION
         "init=epsg:2163"
      END

      METADATA
         ows_name  "common_garter_snake"
         ows_title  "NatureServe Common Garter Snake Range Map"
         ows_srs  "epsg:2163"
         onlineresource  "None"
         wfs_featureid  "BINOMIAL"
      END

      CLASSGROUP "blue"
      CLASS
         NAME   "common_garter_snake"
         GROUP   "blue"
         STYLE
           SYMBOL 'hatch'
           SIZE 5
           ANGLE 35
           WIDTH 0.91
           OUTLINECOLOR 0 0 0
           COLOR 90 116 232

         END
      END
      CLASS
         NAME   "common_garter_snake"
         GROUP   "green"
         STYLE
           SYMBOL 'hatch'
           SIZE 5
           ANGLE 180
           WIDTH 0.91
           OUTLINECOLOR 0 0 0
           COLOR 180 230 102

         END
      END
      CLASS
         NAME   "common_garter_snake"
         GROUP   "red"
         STYLE
           SYMBOL 'hatch'
           SIZE 5
           ANGLE 65
           WIDTH 0.91
           OUTLINECOLOR 0 0 0
           COLOR 190 16 32

         END
      END
   END

   LAYER
      NAME  "blue_jay"
      TYPE  POLYGON
      STATUS  ON
      OPACITY 100
      
      

      CONNECTIONTYPE  OGR
      CONNECTION  "/share/lmserver/data/archive/changeThinking/2163/Layers/blue_jay.shp"
      
      TOLERANCE  3
      TOLERANCEUNITS  pixels

      PROJECTION
         "init=epsg:2163"
      END

      METADATA
         ows_name  "blue_jay"
         ows_title  "NatureServe Blue Jay Range Map"
         ows_srs  "epsg:2163"
         onlineresource  "None"
         wfs_featureid  "SCINAME"
      END

      CLASSGROUP "blue"
      CLASS
         NAME   "blue_jay"
         GROUP   "blue"
         STYLE
           SYMBOL 'hatch'
           SIZE 5
           ANGLE 35
           WIDTH 0.91
           OUTLINECOLOR 0 0 0
           COLOR 90 116 232

         END
      END
      CLASS
         NAME   "blue_jay"
         GROUP   "green"
         STYLE
           SYMBOL 'hatch'
           SIZE 5
           ANGLE 180
           WIDTH 0.91
           OUTLINECOLOR 0 0 0
           COLOR 180 230 102

         END
      END
      CLASS
         NAME   "blue_jay"
         GROUP   "red"
         STYLE
           SYMBOL 'hatch'
           SIZE 5
           ANGLE 65
           WIDTH 0.91
           OUTLINECOLOR 0 0 0
           COLOR 190 16 32

         END
      END
   END

   LAYER
      NAME  "white_footed_mouse"
      TYPE  POLYGON
      STATUS  ON
      OPACITY 100
      
      

      CONNECTIONTYPE  OGR
      CONNECTION  "/share/lmserver/data/archive/changeThinking/2163/Layers/white_foot_mouse.shp"
      
      TOLERANCE  3
      TOLERANCEUNITS  pixels

      PROJECTION
         "init=epsg:2163"
      END

      METADATA
         ows_name  "white_footed_mouse"
         ows_title  "NatureServe White Footed Mouse Range Map"
         ows_srs  "epsg:2163"
         onlineresource  "None"
         wfs_featureid  "ENGL_NAME"
      END

      CLASSGROUP "blue"
      CLASS
         NAME   "white_footed_mouse"
         GROUP   "blue"
         STYLE
           SYMBOL 'hatch'
           SIZE 5
           ANGLE 35
           WIDTH 0.91
           OUTLINECOLOR 0 0 0
           COLOR 90 116 232

         END
      END
      CLASS
         NAME   "white_footed_mouse"
         GROUP   "green"
         STYLE
           SYMBOL 'hatch'
           SIZE 5
           ANGLE 180
           WIDTH 0.91
           OUTLINECOLOR 0 0 0
           COLOR 180 230 102

         END
      END
      CLASS
         NAME   "white_footed_mouse"
         GROUP   "red"
         STYLE
           SYMBOL 'hatch'
           SIZE 5
           ANGLE 65
           WIDTH 0.91
           OUTLINECOLOR 0 0 0
           COLOR 190 16 32

         END
      END
   END

   LAYER
      NAME  "black_capped_chickadee"
      TYPE  POLYGON
      STATUS  ON
      OPACITY 100
      
      

      CONNECTIONTYPE  OGR
      CONNECTION  "/share/lmserver/data/archive/changeThinking/2163/Layers/black_Cap_Chickadee.shp"
      
      TOLERANCE  3
      TOLERANCEUNITS  pixels

      PROJECTION
         "init=epsg:2163"
      END

      METADATA
         ows_name  "black_capped_chickadee"
         ows_title  "NatureServe Black Capped Chickadee Range Map"
         ows_srs  "epsg:2163"
         onlineresource  "None"
         wfs_featureid  "ENGL_NAME"
      END

      CLASSGROUP "blue"
      CLASS
         NAME   "black_cap_chickadee"
         GROUP   "blue"
         STYLE
           SYMBOL 'hatch'
           SIZE 5
           ANGLE 35
           WIDTH 0.91
           OUTLINECOLOR 0 0 0
           COLOR 90 116 232

         END
      END
      CLASS
         NAME   "black_cap_chickadee"
         GROUP   "green"
         STYLE
           SYMBOL 'hatch'
           SIZE 5
           ANGLE 180
           WIDTH 0.91
           OUTLINECOLOR 0 0 0
           COLOR 180 230 102

         END
      END
      CLASS
         NAME   "black_cap_chickadee"
         GROUP   "red"
         STYLE
           SYMBOL 'hatch'
           SIZE 5
           ANGLE 65
           WIDTH 0.91
           OUTLINECOLOR 0 0 0
           COLOR 190 16 32

         END
      END
   END

   LAYER
      NAME  "northern_leopard_frog"
      TYPE  POLYGON
      STATUS  ON
      OPACITY 100
      
      

      CONNECTIONTYPE  OGR
      CONNECTION  "/share/lmserver/data/archive/changeThinking/2163/Layers/north_leo_frog.shp"
      
      TOLERANCE  3
      TOLERANCEUNITS  pixels

      PROJECTION
         "init=epsg:2163"
      END

      METADATA
         ows_name  "northern_leopard_frog"
         ows_title  "NatureServe Northern Leopard Frog Range Map"
         ows_srs  "epsg:2163"
         onlineresource  "None"
         wfs_featureid  "BINOMIAL"
      END

      CLASSGROUP "blue"
      CLASS
         NAME   "northern_leopard_frog"
         GROUP   "blue"
         STYLE
           SYMBOL 'hatch'
           SIZE 5
           ANGLE 35
           WIDTH 0.91
           OUTLINECOLOR 0 0 0
           COLOR 90 116 232

         END
      END
      CLASS
         NAME   "northern_leopard_frog"
         GROUP   "green"
         STYLE
           SYMBOL 'hatch'
           SIZE 5
           ANGLE 180
           WIDTH 0.91
           OUTLINECOLOR 0 0 0
           COLOR 180 230 102

         END
      END
      CLASS
         NAME   "northern_leopard_frog"
         GROUP   "red"
         STYLE
           SYMBOL 'hatch'
           SIZE 5
           ANGLE 65
           WIDTH 0.91
           OUTLINECOLOR 0 0 0
           COLOR 190 16 32

         END
      END
   END

   LAYER
      NAME  "eastern_bluebird"
      TYPE  POLYGON
      STATUS  ON
      OPACITY 100
      
      

      CONNECTIONTYPE  OGR
      CONNECTION  "/share/lmserver/data/archive/changeThinking/2163/Layers/eastern_bluebird.shp"
      
      TOLERANCE  3
      TOLERANCEUNITS  pixels

      PROJECTION
         "init=epsg:2163"
      END

      METADATA
         ows_name  "eastern_bluebird"
         ows_title  "NatureServe Eastern Bluebird Range Map"
         ows_srs  "epsg:2163"
         onlineresource  "None"
         wfs_featureid  "SCINAME"
      END

      CLASSGROUP "blue"
      CLASS
         NAME   "eastern_bluebird"
         GROUP   "blue"
         STYLE
           SYMBOL 'hatch'
           SIZE 5
           ANGLE 35
           WIDTH 0.91
           OUTLINECOLOR 0 0 0
           COLOR 90 116 232

         END
      END
      CLASS
         NAME   "eastern_bluebird"
         GROUP   "green"
         STYLE
           SYMBOL 'hatch'
           SIZE 5
           ANGLE 180
           WIDTH 0.91
           OUTLINECOLOR 0 0 0
           COLOR 180 230 102

         END
      END
      CLASS
         NAME   "eastern_bluebird"
         GROUP   "red"
         STYLE
           SYMBOL 'hatch'
           SIZE 5
           ANGLE 65
           WIDTH 0.91
           OUTLINECOLOR 0 0 0
           COLOR 190 16 32

         END
      END
   END

   LAYER
      NAME  "southern_short_tailed_shrew"
      TYPE  POLYGON
      STATUS  ON
      OPACITY 100
      
      

      CONNECTIONTYPE  OGR
      CONNECTION  "/share/lmserver/data/archive/changeThinking/2163/Layers/south_s_tailed_shrew.shp"
      
      TOLERANCE  3
      TOLERANCEUNITS  pixels

      PROJECTION
         "init=epsg:2163"
      END

      METADATA
         ows_name  "southern_short_tailed_shrew"
         ows_title  "NatureServe Southern Short Tailed Shrew Range Map"
         ows_srs  "epsg:2163"
         onlineresource  "None"
         wfs_featureid  "ENGL_NAME"
      END

      CLASSGROUP "blue"
      CLASS
         NAME   "southern_short_tailed_shrew"
         GROUP   "blue"
         STYLE
           SYMBOL 'hatch'
           SIZE 5
           ANGLE 35
           WIDTH 0.91
           OUTLINECOLOR 0 0 0
           COLOR 90 116 232

         END
      END
      CLASS
         NAME   "southern_short_tailed_shrew"
         GROUP   "green"
         STYLE
           SYMBOL 'hatch'
           SIZE 5
           ANGLE 180
           WIDTH 0.91
           OUTLINECOLOR 0 0 0
           COLOR 180 230 102

         END
      END
      CLASS
         NAME   "southern_short_tailed_shrew"
         GROUP   "red"
         STYLE
           SYMBOL 'hatch'
           SIZE 5
           ANGLE 65
           WIDTH 0.91
           OUTLINECOLOR 0 0 0
           COLOR 190 16 32

         END
      END
   END

   LAYER
      NAME  "small_mouthed_salamander"
      TYPE  POLYGON
      STATUS  ON
      OPACITY 100
      
      

      CONNECTIONTYPE  OGR
      CONNECTION  "/share/lmserver/data/archive/changeThinking/2163/Layers/sm_mouth_salamander.shp"
      
      TOLERANCE  3
      TOLERANCEUNITS  pixels

      PROJECTION
         "init=epsg:2163"
      END

      METADATA
         ows_name  "small_mouthed_salamander"
         ows_title  "NatureServe Small Mouthed Salamander Range Map"
         ows_srs  "epsg:2163"
         onlineresource  "None"
         wfs_featureid  "BINOMIAL"
      END

      CLASSGROUP "blue"
      CLASS
         NAME   "small_mouthed_salamander"
         GROUP   "blue"
         STYLE
           SYMBOL 'hatch'
           SIZE 5
           ANGLE 35
           WIDTH 0.91
           OUTLINECOLOR 0 0 0
           COLOR 90 116 232

         END
      END
      CLASS
         NAME   "small_mouthed_salamander"
         GROUP   "green"
         STYLE
           SYMBOL 'hatch'
           SIZE 5
           ANGLE 180
           WIDTH 0.91
           OUTLINECOLOR 0 0 0
           COLOR 180 230 102

         END
      END
      CLASS
         NAME   "small_mouthed_salamander"
         GROUP   "red"
         STYLE
           SYMBOL 'hatch'
           SIZE 5
           ANGLE 65
           WIDTH 0.91
           OUTLINECOLOR 0 0 0
           COLOR 190 16 32

         END
      END
   END

   LAYER
      NAME  "barred_owl"
      TYPE  POLYGON
      STATUS  ON
      OPACITY 100
      
      

      CONNECTIONTYPE  OGR
      CONNECTION  "/share/lmserver/data/archive/changeThinking/2163/Layers/barred_owl.shp"
      
      TOLERANCE  3
      TOLERANCEUNITS  pixels

      PROJECTION
         "init=epsg:2163"
      END

      METADATA
         ows_name  "barred_owl"
         ows_title  "NatureServe Barred Owl Range Map"
         ows_srs  "epsg:2163"
         onlineresource  "None"
         wfs_featureid  "SCINAME"
      END

      CLASSGROUP "blue"
      CLASS
         NAME   "barred_owl"
         GROUP   "blue"
         STYLE
           SYMBOL 'hatch'
           SIZE 5
           ANGLE 35
           WIDTH 0.91
           OUTLINECOLOR 0 0 0
           COLOR 90 116 232

         END
      END
      CLASS
         NAME   "barred_owl"
         GROUP   "green"
         STYLE
           SYMBOL 'hatch'
           SIZE 5
           ANGLE 180
           WIDTH 0.91
           OUTLINECOLOR 0 0 0
           COLOR 180 230 102

         END
      END
      CLASS
         NAME   "barred_owl"
         GROUP   "red"
         STYLE
           SYMBOL 'hatch'
           SIZE 5
           ANGLE 65
           WIDTH 0.91
           OUTLINECOLOR 0 0 0
           COLOR 190 16 32

         END
      END
   END

   LAYER
      NAME  "canvasback"
      TYPE  POLYGON
      STATUS  ON
      OPACITY 100
      
      

      CONNECTIONTYPE  OGR
      CONNECTION  "/share/lmserver/data/archive/changeThinking/2163/Layers/canvasback.shp"
      
      TOLERANCE  3
      TOLERANCEUNITS  pixels

      PROJECTION
         "init=epsg:2163"
      END

      METADATA
         ows_name  "canvasback"
         ows_title  "NatureServe Canvasback Range Map"
         ows_srs  "epsg:2163"
         onlineresource  "None"
         wfs_featureid  "SCINAME"
      END

      CLASSGROUP "blue"
      CLASS
         NAME   "canvasback"
         GROUP   "blue"
         STYLE
           SYMBOL 'hatch'
           SIZE 5
           ANGLE 35
           WIDTH 0.91
           OUTLINECOLOR 0 0 0
           COLOR 90 116 232

         END
      END
      CLASS
         NAME   "canvasback"
         GROUP   "green"
         STYLE
           SYMBOL 'hatch'
           SIZE 5
           ANGLE 180
           WIDTH 0.91
           OUTLINECOLOR 0 0 0
           COLOR 180 230 102

         END
      END
      CLASS
         NAME   "canvasback"
         GROUP   "red"
         STYLE
           SYMBOL 'hatch'
           SIZE 5
           ANGLE 65
           WIDTH 0.91
           OUTLINECOLOR 0 0 0
           COLOR 190 16 32

         END
      END
   END

   LAYER
      NAME  "southern_red_backed_vole"
      TYPE  POLYGON
      STATUS  ON
      OPACITY 100
      
      

      CONNECTIONTYPE  OGR
      CONNECTION  "/share/lmserver/data/archive/changeThinking/2163/Layers/south_r_back_vole.shp"
      
      TOLERANCE  3
      TOLERANCEUNITS  pixels

      PROJECTION
         "init=epsg:2163"
      END

      METADATA
         ows_name  "southern_red_backed_vole"
         ows_title  "NatureServe Southern Red Backed Vole Range Map"
         ows_srs  "epsg:2163"
         onlineresource  "None"
         wfs_featureid  "ENGL_NAME"
      END

      CLASSGROUP "blue"
      CLASS
         NAME   "southern_red_backed_vole"
         GROUP   "blue"
         STYLE
           SYMBOL 'hatch'
           SIZE 5
           ANGLE 35
           WIDTH 0.91
           OUTLINECOLOR 0 0 0
           COLOR 90 116 232

         END
      END
      CLASS
         NAME   "southern_red_backed_vole"
         GROUP   "green"
         STYLE
           SYMBOL 'hatch'
           SIZE 5
           ANGLE 180
           WIDTH 0.91
           OUTLINECOLOR 0 0 0
           COLOR 180 230 102

         END
      END
      CLASS
         NAME   "southern_red_backed_vole"
         GROUP   "red"
         STYLE
           SYMBOL 'hatch'
           SIZE 5
           ANGLE 65
           WIDTH 0.91
           OUTLINECOLOR 0 0 0
           COLOR 190 16 32

         END
      END
   END

   LAYER
      NAME  "rat_snake"
      TYPE  POLYGON
      STATUS  ON
      OPACITY 100
      
      

      CONNECTIONTYPE  OGR
      CONNECTION  "/share/lmserver/data/archive/changeThinking/2163/Layers/rat_snake.shp"
      
      TOLERANCE  3
      TOLERANCEUNITS  pixels

      PROJECTION
         "init=epsg:2163"
      END

      METADATA
         ows_name  "rat_snake"
         ows_title  "NatureServe Rat Snake Range Map"
         ows_srs  "epsg:2163"
         onlineresource  "None"
         wfs_featureid  "BINOMIAL"
      END

      CLASSGROUP "blue"
      CLASS
         NAME   "rat_snake"
         GROUP   "blue"
         STYLE
           SYMBOL 'hatch'
           SIZE 5
           ANGLE 35
           WIDTH 0.91
           OUTLINECOLOR 0 0 0
           COLOR 90 116 232

         END
      END
      CLASS
         NAME   "rat_snake"
         GROUP   "green"
         STYLE
           SYMBOL 'hatch'
           SIZE 5
           ANGLE 180
           WIDTH 0.91
           OUTLINECOLOR 0 0 0
           COLOR 180 230 102

         END
      END
      CLASS
         NAME   "rat_snake"
         GROUP   "red"
         STYLE
           SYMBOL 'hatch'
           SIZE 5
           ANGLE 65
           WIDTH 0.91
           OUTLINECOLOR 0 0 0
           COLOR 190 16 32

         END
      END
   END

   LAYER
      NAME  "northern_water_snake"
      TYPE  POLYGON
      STATUS  ON
      OPACITY 100
      
      

      CONNECTIONTYPE  OGR
      CONNECTION  "/share/lmserver/data/archive/changeThinking/2163/Layers/no_water_snake.shp"
      
      TOLERANCE  3
      TOLERANCEUNITS  pixels

      PROJECTION
         "init=epsg:2163"
      END

      METADATA
         ows_name  "northern_water_snake"
         ows_title  "NatureServe Northern Water Snake Range Map"
         ows_srs  "epsg:2163"
         onlineresource  "None"
         wfs_featureid  "BINOMIAL"
      END

      CLASSGROUP "blue"
      CLASS
         NAME   "northern_water_snake"
         GROUP   "blue"
         STYLE
           SYMBOL 'hatch'
           SIZE 5
           ANGLE 35
           WIDTH 0.91
           OUTLINECOLOR 0 0 0
           COLOR 90 116 232

         END
      END
      CLASS
         NAME   "northern_water_snake"
         GROUP   "green"
         STYLE
           SYMBOL 'hatch'
           SIZE 5
           ANGLE 180
           WIDTH 0.91
           OUTLINECOLOR 0 0 0
           COLOR 180 230 102

         END
      END
      CLASS
         NAME   "northern_water_snake"
         GROUP   "red"
         STYLE
           SYMBOL 'hatch'
           SIZE 5
           ANGLE 65
           WIDTH 0.91
           OUTLINECOLOR 0 0 0
           COLOR 190 16 32

         END
      END
   END

   LAYER
      NAME  "great_horned_owl"
      TYPE  POLYGON
      STATUS  ON
      OPACITY 100
      
      

      CONNECTIONTYPE  OGR
      CONNECTION  "/share/lmserver/data/archive/changeThinking/2163/Layers/great_horned_owl.shp"
      
      TOLERANCE  3
      TOLERANCEUNITS  pixels

      PROJECTION
         "init=epsg:2163"
      END

      METADATA
         ows_name  "great_horned_owl"
         ows_title  "NatureServe Great Horned Owl Range Map"
         ows_srs  "epsg:2163"
         onlineresource  "None"
         wfs_featureid  "SCINAME"
      END

      CLASSGROUP "blue"
      CLASS
         NAME   "great_horned_owl"
         GROUP   "blue"
         STYLE
           SYMBOL 'hatch'
           SIZE 5
           ANGLE 35
           WIDTH 0.91
           OUTLINECOLOR 0 0 0
           COLOR 90 116 232

         END
      END
      CLASS
         NAME   "great_horned_owl"
         GROUP   "green"
         STYLE
           SYMBOL 'hatch'
           SIZE 5
           ANGLE 180
           WIDTH 0.91
           OUTLINECOLOR 0 0 0
           COLOR 180 230 102

         END
      END
      CLASS
         NAME   "great_horned_owl"
         GROUP   "red"
         STYLE
           SYMBOL 'hatch'
           SIZE 5
           ANGLE 65
           WIDTH 0.91
           OUTLINECOLOR 0 0 0
           COLOR 190 16 32

         END
      END
   END

   LAYER
      NAME  "woodland_vole"
      TYPE  POLYGON
      STATUS  ON
      OPACITY 100
      
      

      CONNECTIONTYPE  OGR
      CONNECTION  "/share/lmserver/data/archive/changeThinking/2163/Layers/woodland_vole.shp"
      
      TOLERANCE  3
      TOLERANCEUNITS  pixels

      PROJECTION
         "init=epsg:2163"
      END

      METADATA
         ows_name  "woodland_vole"
         ows_title  "NatureServe Woodland Vole Range Map"
         ows_srs  "epsg:2163"
         onlineresource  "None"
         wfs_featureid  "ENGL_NAME"
      END

      CLASSGROUP "blue"
      CLASS
         NAME   "woodland_vole"
         GROUP   "blue"
         STYLE
           SYMBOL 'hatch'
           SIZE 5
           ANGLE 35
           WIDTH 0.91
           OUTLINECOLOR 0 0 0
           COLOR 90 116 232

         END
      END
      CLASS
         NAME   "woodland_vole"
         GROUP   "green"
         STYLE
           SYMBOL 'hatch'
           SIZE 5
           ANGLE 180
           WIDTH 0.91
           OUTLINECOLOR 0 0 0
           COLOR 180 230 102

         END
      END
      CLASS
         NAME   "woodland_vole"
         GROUP   "red"
         STYLE
           SYMBOL 'hatch'
           SIZE 5
           ANGLE 65
           WIDTH 0.91
           OUTLINECOLOR 0 0 0
           COLOR 190 16 32

         END
      END
   END

   LAYER
      NAME  "gray_fox"
      TYPE  POLYGON
      STATUS  ON
      OPACITY 100
      
      

      CONNECTIONTYPE  OGR
      CONNECTION  "/share/lmserver/data/archive/changeThinking/2163/Layers/gray_Fox.shp"
      
      TOLERANCE  3
      TOLERANCEUNITS  pixels

      PROJECTION
         "init=epsg:2163"
      END

      METADATA
         ows_name  "gray_fox"
         ows_title  "NatureServe Gray Fox Range Map"
         ows_srs  "epsg:2163"
         onlineresource  "None"
         wfs_featureid  "ENGL_NAME"
      END

      CLASSGROUP "blue"
      CLASS
         NAME   "gray_fox"
         GROUP   "blue"
         STYLE
           SYMBOL 'hatch'
           SIZE 5
           ANGLE 35
           WIDTH 0.91
           OUTLINECOLOR 0 0 0
           COLOR 90 116 232

         END
      END
      CLASS
         NAME   "gray_fox"
         GROUP   "green"
         STYLE
           SYMBOL 'hatch'
           SIZE 5
           ANGLE 180
           WIDTH 0.91
           OUTLINECOLOR 0 0 0
           COLOR 180 230 102

         END
      END
      CLASS
         NAME   "gray_fox"
         GROUP   "red"
         STYLE
           SYMBOL 'hatch'
           SIZE 5
           ANGLE 65
           WIDTH 0.91
           OUTLINECOLOR 0 0 0
           COLOR 190 16 32

         END
      END
   END

   LAYER
      NAME  "red_squirrel"
      TYPE  POLYGON
      STATUS  ON
      OPACITY 100
      
      

      CONNECTIONTYPE  OGR
      CONNECTION  "/share/lmserver/data/archive/changeThinking/2163/Layers/red_squirrel.shp"
      
      TOLERANCE  3
      TOLERANCEUNITS  pixels

      PROJECTION
         "init=epsg:2163"
      END

      METADATA
         ows_name  "red_squirrel"
         ows_title  "NatureServe Red Squirrel Range Map"
         ows_srs  "epsg:2163"
         onlineresource  "None"
         wfs_featureid  "ENGL_NAME"
      END

      CLASSGROUP "blue"
      CLASS
         NAME   "red_squirrel"
         GROUP   "blue"
         STYLE
           SYMBOL 'hatch'
           SIZE 5
           ANGLE 35
           WIDTH 0.91
           OUTLINECOLOR 0 0 0
           COLOR 90 116 232

         END
      END
      CLASS
         NAME   "red_squirrel"
         GROUP   "green"
         STYLE
           SYMBOL 'hatch'
           SIZE 5
           ANGLE 180
           WIDTH 0.91
           OUTLINECOLOR 0 0 0
           COLOR 180 230 102

         END
      END
      CLASS
         NAME   "red_squirrel"
         GROUP   "red"
         STYLE
           SYMBOL 'hatch'
           SIZE 5
           ANGLE 65
           WIDTH 0.91
           OUTLINECOLOR 0 0 0
           COLOR 190 16 32

         END
      END
   END

   LAYER
      NAME  "eastern_cottontail"
      TYPE  POLYGON
      STATUS  ON
      OPACITY 100
      
      

      CONNECTIONTYPE  OGR
      CONNECTION  "/share/lmserver/data/archive/changeThinking/2163/Layers/east_cottontail.shp"
      
      TOLERANCE  3
      TOLERANCEUNITS  pixels

      PROJECTION
         "init=epsg:2163"
      END

      METADATA
         ows_name  "eastern_cottontail"
         ows_title  "NatureServe Eastern Cottontail Range Map"
         ows_srs  "epsg:2163"
         onlineresource  "None"
         wfs_featureid  "SCI_NAME"
      END

      CLASSGROUP "blue"
      CLASS
         NAME   "eastern_cottontail"
         GROUP   "blue"
         STYLE
           SYMBOL 'hatch'
           SIZE 5
           ANGLE 35
           WIDTH 0.91
           OUTLINECOLOR 0 0 0
           COLOR 90 116 232

         END
      END
      CLASS
         NAME   "eastern_cottontail"
         GROUP   "green"
         STYLE
           SYMBOL 'hatch'
           SIZE 5
           ANGLE 180
           WIDTH 0.91
           OUTLINECOLOR 0 0 0
           COLOR 180 230 102

         END
      END
      CLASS
         NAME   "eastern_cottontail"
         GROUP   "red"
         STYLE
           SYMBOL 'hatch'
           SIZE 5
           ANGLE 65
           WIDTH 0.91
           OUTLINECOLOR 0 0 0
           COLOR 190 16 32

         END
      END
   END

   LAYER
      NAME  "nine_banded_armadillo"
      TYPE  POLYGON
      STATUS  ON
      OPACITY 100
      
      

      CONNECTIONTYPE  OGR
      CONNECTION  "/share/lmserver/data/archive/changeThinking/2163/Layers/nine_b_armadillo.shp"
      
      TOLERANCE  3
      TOLERANCEUNITS  pixels

      PROJECTION
         "init=epsg:2163"
      END

      METADATA
         ows_name  "nine_banded_armadillo"
         ows_title  "NatureServe Nine Banded Armadillo Range Map"
         ows_srs  "epsg:2163"
         onlineresource  "None"
         wfs_featureid  "ENGL_NAME"
      END

      CLASSGROUP "blue"
      CLASS
         NAME   "nine_banded_armadillo"
         GROUP   "blue"
         STYLE
           SYMBOL 'hatch'
           SIZE 5
           ANGLE 35
           WIDTH 0.91
           OUTLINECOLOR 0 0 0
           COLOR 90 116 232

         END
      END
      CLASS
         NAME   "nine_banded_armadillo"
         GROUP   "green"
         STYLE
           SYMBOL 'hatch'
           SIZE 5
           ANGLE 180
           WIDTH 0.91
           OUTLINECOLOR 0 0 0
           COLOR 180 230 102

         END
      END
      CLASS
         NAME   "nine_banded_armadillo"
         GROUP   "red"
         STYLE
           SYMBOL 'hatch'
           SIZE 5
           ANGLE 65
           WIDTH 0.91
           OUTLINECOLOR 0 0 0
           COLOR 190 16 32

         END
      END
   END

   LAYER
      NAME  "wood_frog"
      TYPE  POLYGON
      STATUS  ON
      OPACITY 100
      
      

      CONNECTIONTYPE  OGR
      CONNECTION  "/share/lmserver/data/archive/changeThinking/2163/Layers/wood_Frog.shp"
      
      TOLERANCE  3
      TOLERANCEUNITS  pixels

      PROJECTION
         "init=epsg:2163"
      END

      METADATA
         ows_name  "wood_frog"
         ows_title  "NatureServe Wood Frog Range Map"
         ows_srs  "epsg:2163"
         onlineresource  "None"
         wfs_featureid  "BINOMIAL"
      END

      CLASSGROUP "blue"
      CLASS
         NAME   "wood_frog"
         GROUP   "blue"
         STYLE
           SYMBOL 'hatch'
           SIZE 5
           ANGLE 35
           WIDTH 0.91
           OUTLINECOLOR 0 0 0
           COLOR 90 116 232

         END
      END
      CLASS
         NAME   "wood_frog"
         GROUP   "green"
         STYLE
           SYMBOL 'hatch'
           SIZE 5
           ANGLE 180
           WIDTH 0.91
           OUTLINECOLOR 0 0 0
           COLOR 180 230 102

         END
      END
      CLASS
         NAME   "wood_frog"
         GROUP   "red"
         STYLE
           SYMBOL 'hatch'
           SIZE 5
           ANGLE 65
           WIDTH 0.91
           OUTLINECOLOR 0 0 0
           COLOR 190 16 32

         END
      END
   END

   LAYER
      NAME  "bullfrog"
      TYPE  POLYGON
      STATUS  ON
      OPACITY 100
      
      

      CONNECTIONTYPE  OGR
      CONNECTION  "/share/lmserver/data/archive/changeThinking/2163/Layers/bullfrog.shp"
      
      TOLERANCE  3
      TOLERANCEUNITS  pixels

      PROJECTION
         "init=epsg:2163"
      END

      METADATA
         ows_name  "bullfrog"
         ows_title  "NatureServe bullfrog Range Map"
         ows_srs  "epsg:2163"
         onlineresource  "None"
         wfs_featureid  "BINOMIAL"
      END

      CLASSGROUP "blue"
      CLASS
         NAME   "bullfrog"
         GROUP   "blue"
         STYLE
           SYMBOL 'hatch'
           SIZE 5
           ANGLE 35
           WIDTH 0.91
           OUTLINECOLOR 0 0 0
           COLOR 90 116 232

         END
      END
      CLASS
         NAME   "bullfrog"
         GROUP   "green"
         STYLE
           SYMBOL 'hatch'
           SIZE 5
           ANGLE 180
           WIDTH 0.91
           OUTLINECOLOR 0 0 0
           COLOR 180 230 102

         END
      END
      CLASS
         NAME   "bullfrog"
         GROUP   "red"
         STYLE
           SYMBOL 'hatch'
           SIZE 5
           ANGLE 65
           WIDTH 0.91
           OUTLINECOLOR 0 0 0
           COLOR 190 16 32

         END
      END
   END

   LAYER
      NAME  "Canada_lynx"
      TYPE  POLYGON
      STATUS  ON
      OPACITY 100
      
      

      CONNECTIONTYPE  OGR
      CONNECTION  "/share/lmserver/data/archive/changeThinking/2163/Layers/Canada_lynx.shp"
      
      TOLERANCE  3
      TOLERANCEUNITS  pixels

      PROJECTION
         "init=epsg:2163"
      END

      METADATA
         ows_name  "Canada_lynx"
         ows_title  "NatureServe Canada lynx Range Map"
         ows_srs  "epsg:2163"
         onlineresource  "None"
         wfs_featureid  "BINOMIAL"
      END

      CLASSGROUP "blue"
      CLASS
         NAME   "Canada_lynx"
         GROUP   "blue"
         STYLE
           SYMBOL 'hatch'
           SIZE 5
           ANGLE 35
           WIDTH 0.91
           OUTLINECOLOR 0 0 0
           COLOR 90 116 232

         END
      END
      CLASS
         NAME   "Canada_lynx"
         GROUP   "green"
         STYLE
           SYMBOL 'hatch'
           SIZE 5
           ANGLE 180
           WIDTH 0.91
           OUTLINECOLOR 0 0 0
           COLOR 180 230 102

         END
      END
      CLASS
         NAME   "Canada_lynx"
         GROUP   "red"
         STYLE
           SYMBOL 'hatch'
           SIZE 5
           ANGLE 65
           WIDTH 0.91
           OUTLINECOLOR 0 0 0
           COLOR 190 16 32

         END
      END
   END

   LAYER
      NAME  "brown_bear"
      TYPE  POLYGON
      STATUS  ON
      OPACITY 100
      
      

      CONNECTIONTYPE  OGR
      CONNECTION  "/share/lmserver/data/archive/changeThinking/2163/Layers/brown_bear.shp"
      
      TOLERANCE  3
      TOLERANCEUNITS  pixels

      PROJECTION
         "init=epsg:2163"
      END

      METADATA
         ows_name  "brown_bear"
         ows_title  "NatureServe Brown Bear Range Map"
         ows_srs  "epsg:2163"
         onlineresource  "None"
         wfs_featureid  "BINOMIAL"
      END

      CLASSGROUP "blue"
      CLASS
         NAME   "brown_bear"
         GROUP   "blue"
         STYLE
           SYMBOL 'hatch'
           SIZE 5
           ANGLE 35
           WIDTH 0.91
           OUTLINECOLOR 0 0 0
           COLOR 90 116 232

         END
      END
      CLASS
         NAME   "brown_bear"
         GROUP   "green"
         STYLE
           SYMBOL 'hatch'
           SIZE 5
           ANGLE 180
           WIDTH 0.91
           OUTLINECOLOR 0 0 0
           COLOR 180 230 102

         END
      END
      CLASS
         NAME   "brown_bear"
         GROUP   "red"
         STYLE
           SYMBOL 'hatch'
           SIZE 5
           ANGLE 65
           WIDTH 0.91
           OUTLINECOLOR 0 0 0
           COLOR 190 16 32

         END
      END
   END

   LAYER
      NAME  "black_bear"
      TYPE  POLYGON
      STATUS  ON
      OPACITY 100
      
      

      CONNECTIONTYPE  OGR
      CONNECTION  "/share/lmserver/data/archive/changeThinking/2163/Layers/black_bear.shp"
      
      TOLERANCE  3
      TOLERANCEUNITS  pixels

      PROJECTION
         "init=epsg:2163"
      END

      METADATA
         ows_name  "black_bear"
         ows_title  "NatureServe Black Bear Range Map"
         ows_srs  "epsg:2163"
         onlineresource  "None"
         wfs_featureid  "BINOMIAL"
      END

      CLASSGROUP "blue"
      CLASS
         NAME   "black_bear"
         GROUP   "blue"
         STYLE
           SYMBOL 'hatch'
           SIZE 5
           ANGLE 35
           WIDTH 0.91
           OUTLINECOLOR 0 0 0
           COLOR 90 116 232

         END
      END
      CLASS
         NAME   "black_bear"
         GROUP   "green"
         STYLE
           SYMBOL 'hatch'
           SIZE 5
           ANGLE 180
           WIDTH 0.91
           OUTLINECOLOR 0 0 0
           COLOR 180 230 102

         END
      END
      CLASS
         NAME   "black_bear"
         GROUP   "red"
         STYLE
           SYMBOL 'hatch'
           SIZE 5
           ANGLE 65
           WIDTH 0.91
           OUTLINECOLOR 0 0 0
           COLOR 190 16 32

         END
      END
   END


  #-------------------------------------------------------------------------
  QUERYMAP
    STATUS ON
    STYLE HILITE
  END
  
  #-------------------------------------------------------------------------
OUTPUTFORMAT
  NAME gif
  DRIVER "GD/GIF"
  MIMETYPE "image/gif"
  IMAGEMODE PC256
  EXTENSION "gif"
  FORMATOPTION "GDAL/*"
END

OUTPUTFORMAT
  NAME png
  DRIVER "AGG/PNG"
  MIMETYPE "image/png"
  IMAGEMODE RGBA
  TRANSPARENT ON
  EXTENSION "png"
  FORMATOPTION "INTERLACE=OFF"
END

OUTPUTFORMAT
  NAME jpeg
  DRIVER "AGG/JPEG"
  MIMETYPE "image/jpeg"
  IMAGEMODE RGB
  EXTENSION "jpg"
  FORMATOPTION "GDAL/*"
END


OUTPUTFORMAT
  NAME GTiff
  DRIVER "GDAL/GTiff"
  MIMETYPE "image/tiff"
  IMAGEMODE FLOAT32
  EXTENSION "tif"
  FORMATOPTION "GDAL/*"
END

OUTPUTFORMAT
  NAME AAIGRID
  DRIVER "GDAL/AAIGRID"
  MIMETYPE "image/x-aaigrid"
  IMAGEMODE INT16
  EXTENSION "asc"
  FORMATOPTION "FILENAME=result.asc"
END

END #of map file
