#Base WMS map file for NASA Blue Marble images
#  Land Surface, Ocean Color, and Sea Ice, 2048 x 1024
#  Land Surface, Ocean Color, and Sea Ice, 8192 x 10800
#  Land Surface, Shallow Water, and Shaded Topography, 2048 x 1024
#  Land Surface, Shallow Water, and Shaded Topography, 8192 x 10800

MAP
  NAME climate 
  STATUS ON
  DEBUG ON
  SIZE 600 300
  EXTENT -180 -90 180 90
  UNITS dd
  IMAGETYPE "GTiff"
  IMAGECOLOR 0 0 0
  SYMBOLSET "symbols.txt"

  PROJECTION
    "init=epsg:4326"
  END

  WEB
    IMAGEPATH "/var/www/tmp/"
    IMAGEURL "/tmp/"
    LOG "/var/www/tmp/mslogfile.txt"
    METADATA
      "wms_title" 				"Climate Map"
      "wms_onlineresource" 	    "http://localhost/sdl.py/ogc?"
      "wfs_onlineresource" 	    "http://localhost/sdl.py/ogc?"
      "wcs_onlineresource" 	    "http://localhost/sdl.py/ogc?"
      "wms_srs" 				"epsg:4326 AUTO:42003"
    END
  END
  
  #-------------------------------------------------------------------------

  LAYER
    NAME "test"
    DATA "/share/data/ClimateData/Future/hadley_a2_sq/1990to1999/lowestTmpCoolM.tif"
    TYPE RASTER 
    DUMP TRUE
    PROCESSING "SCALE=AUTO"
    STATUS ON
    PROJECTION
      "init=epsg:4326"
    END
    METADATA
      ogc_name         "ogc_name_lowestTmpCoolM"
      wms_title        "wms_title_lowestTmpCoolM"
      ows_title        "ows_title_lowestTmpCoolM"
      ows_label        "ows_label_lowestTmpCoolM"
      ogc_srs          "EPSG:4326"  #optional since inherit map's srs
      wcs_formats      "GTiff"
      wcs_nativeformat "GTiff"
      author           "hadley"
    END
  END
  
  #-------------------------------------------------------------------------

  LAYER
    NAME "ftr_mean_pcp_cool_mo"
    DATA "/share/data/ClimateData/Future/hadley_a2_sq/1961to1990/meanPcpCoolM.tif"
    TYPE RASTER 
    DUMP TRUE
    PROCESSING "SCALE=AUTO"
    STATUS ON
    PROJECTION
      "init=epsg:4326"
    END
    METADATA
      ogc_name         "ogc_name_ftr_mean_pcp_cool_mo"
      wms_title        "wms_title_ftr_mean_pcp_cool_mo"
      ows_title        "ows_title_ftr_mean_pcp_cool_mo"
      ows_label        "ows_label_ftr_mean_pcp_cool_mo"
      ogc_srs          "EPSG:4326"  #optional since inherit map's srs
      wcs_formats      "GTiff"
      wcs_nativeformat "GTiff"
      author           "hadley"
    END
  END
  
  #-------------------------------------------------------------------------
# All WCS Layers support the following:
OUTPUTFORMAT
  NAME gif
  DRIVER "GD/GIF"
  MIMETYPE "image/gif"
  IMAGEMODE PC256
  EXTENSION "gif"
  FORMATOPTION "GDAL/*"
END

OUTPUTFORMAT
  NAME png
  DRIVER "GD/PNG"
  MIMETYPE "image/png"
  IMAGEMODE RGBA
  TRANSPARENT ON
  EXTENSION "png"
  FORMATOPTION "INTERLACE=OFF"
END

OUTPUTFORMAT
  NAME jpeg
  DRIVER "GD/JPEG"
  MIMETYPE "image/jpeg"
  IMAGEMODE RGB
  EXTENSION "jpg"
  FORMATOPTION "GDAL/*"
END

OUTPUTFORMAT
  NAME wbmp
  DRIVER "GD/WBMP"
  MIMETYPE "image/wbmp"
  IMAGEMODE PC256
  EXTENSION "wbmp"
END

OUTPUTFORMAT
  NAME GTiff
  DRIVER "GDAL/GTiff"
  MIMETYPE "image/tiff"
  IMAGEMODE FLOAT32
  EXTENSION "tif"
  FORMATOPTION "GDAL/*"
END


OUTPUTFORMAT
  NAME AAIGRID
  DRIVER "GDAL/AAIGRID"
  MIMETYPE "image/x-aaigrid"
  IMAGEMODE INT16
  EXTENSION "asc"
  FORMATOPTION "FILENAME=result.asc"
END

END #of map file

