MAP 

#Simple WMS service .map example
NAME political
STATUS ON
SIZE 600 300
EXTENT -180 -90 180 90
UNITS dd
SYMBOLSET "symbols.txt"
IMAGECOLOR 0 0 0

WEB
  IMAGEPATH "/var/www/html/tmp/"
  IMAGEURL "/tmp/"
  METADATA
    "wms_title" "WMS Example 1"
    "ows_onlineresource" "http://boris.nhm.ku.edu/ogc?MAP=political&"
    "wms_srs" "AUTO:42003 EPSG:4326"  
  END
END

PROJECTION
  #Required
  "init=epsg:4326"
END

LAYER
  NAME country
  METADATA
    "wms_title"  "Country"
  END
  TYPE POLYGON
  STATUS ON
  CONNECTIONTYPE OGR
  CONNECTION "/share/data/ESRIDATA/WORLD/country.shp"
  PROJECTION
    "init=epsg:4326"
  END
  CLASS
    NAME "Country"
    COLOR 55 55 55
    OUTLINECOLOR 255 255 255
  END
END

LAYER
  NAME states
  METADATA
    "wms_title"  "USStates"
  END
  TYPE POLYGON
  STATUS ON
  CONNECTIONTYPE OGR
  CONNECTION "/share/data/ESRIDATA/USA/states.shp"
  PROJECTION
    "init=epsg:4326"
  END
  CLASS
    NAME "States"
    COLOR 255 255 255
    OUTLINECOLOR 0 0 0
  END
END
  
LAYER
  NAME counties
  METADATA
    "wms_title"  "USCounties"
  END
  TYPE POLYGON
  STATUS ON
  CONNECTIONTYPE OGR
  CONNECTION "/share/data/ESRIDATA/USA/counties.shp"
  PROJECTION
    "init=epsg:4326"
  END
  CLASS
    NAME "Counties"
    COLOR 255 255 255
    OUTLINECOLOR 0 0 0
  END
END

END #of map file

