MAP
  NAME "Ancillary"
  # Map image size
  SIZE 600 600
  # update 6/14/16
  CONFIG "PROJ_LIB" "/opt/lifemapper/share/proj/"
  UNITS meters
  EXTENT -4387050.000 -3732756.479 4073244.205 4704460.000
  SYMBOLSET 'symbols.txt'
  PROJECTION
    "init=epsg:2163"
  END


  IMAGECOLOR 115 145 173
  IMAGETYPE png

  OUTPUTFORMAT
    NAME png
    # update 6/14/16
    # DRIVER "GD/PNG"
    # TRANSPARENT ON
    DRIVER "AGG/PNG"
    MIMETYPE "image/png"
    IMAGEMODE RGBA
    EXTENSION "png"
    FORMATOPTION "INTERLACE=OFF"
  END
  # Legend
  LEGEND
      IMAGECOLOR 255 255 255
    STATUS ON
    KEYSIZE 18 12
    LABEL
      TYPE BITMAP
      SIZE MEDIUM
      COLOR 0 0 89
    END
  END

  WEB
    
     IMAGEPATH "/var/www/tmp/"
     IMAGEURL "/tmp/"

    # WMS server settings
    METADATA
      'ows_title'           'Ancillary'
      'ows_onlineresource'  'http://localhost/cgi-bin/mapserv?map=ctAncillary.map'
      'ows_srs'             "epsg:4326 epsg:900913 epsg:2163"
      # update 6/14/16
      ows_enable_request     "*"
    END

    #Scale range at which web interface will operate
    # Template and header/footer settings
    # Only the template parameter is required to display a map. See MapServer documentation
    TEMPLATE 'fooOnlyForWMSGetFeatureInfo'
  END 

 LAYER
    NAME 'Cities'
    TYPE POINT
    DUMP TRUE
    #EXTENT -7019322.115385 -4092250.000000 7433322.115385 5095250.000000
    DATA '/share/lmserver/data/archive/changeThinking/2163/Layers/cities_na.shp'
    METADATA
       ows_title "Cities"
       ows_title  "Cities"
       ows_srs  "epsg:2163"
       onlineresource  "http://yeti.lifemapper.org/services/maps/"  
    END
    STATUS ON
    OPACITY 100
    PROJECTION
    "init=epsg:2163"
    END
    LABELITEM "CITY_NAME"
    CLASSITEM "POP1990"
    CLASS
       NAME 'Pop < = 15000'
       MAXSCALEDENOM 300000 
       EXPRESSION ([POP1990] > 0 AND [POP1990] <= 15000)
       STYLE
	 SYMBOL "filledcircle"
         SIZE 5 
         OUTLINECOLOR 0 0 0
         COLOR 41 213 120
       END
      LABEL
        PARTIALS FALSE
	COLOR 0 0 0
	SIZE 2
	POSITION AUTO
      END
    END
    CLASS
       NAME 'Pop > 15000 < = 100000'
       MAXSCALEDENOM 800000 
       EXPRESSION ([POP1990] > 15000 AND [POP1990] <= 100000)
       STYLE
	 SYMBOL "filledcircle"
         SIZE 7 
         OUTLINECOLOR 0 0 0
         COLOR 141 213 20
       END
       LABEL
        PARTIALS FALSE
	COLOR 0 0 0
	SIZE 2
	POSITION AUTO
      END
    END
    CLASS
       NAME 'Pop > 100000 < = 500000'
       MAXSCALEDENOM 1800000 
       EXPRESSION ([POP1990] > 100000 AND [POP1990] <= 500000)
       STYLE
	 SYMBOL "filledcircle"
         SIZE 8 
         OUTLINECOLOR 0 0 0
         COLOR 41 213 20
       END
       LABEL
        PARTIALS FALSE
	COLOR 0 0 0
	SIZE 2
	POSITION AUTO
      END
    END
    CLASS
       NAME 'Pop > 500000'
       #MAXSCALEDENOM 1800000 
       EXPRESSION ([POP1990] > 500000)
       STYLE
	 SYMBOL "filledcircle"
         
         SIZE 9 
         OUTLINECOLOR 0 0 0
         COLOR 41 13 200
       END
       LABEL
        PARTIALS FALSE
	COLOR 0 0 0
	SIZE 2
	POSITION AUTO
      END
    END
  END

 LAYER
    NAME 'Biome'
    TYPE POLYGON
    DUMP TRUE
    #EXTENT -7019322.115385 -4092250.000000 7433322.115385 5095250.000000
    DATA '/share/lmserver/data/archive/changeThinking/2163/Layers/biome_na.shp'
    METADATA
       ows_title "Biome"
       ows_title  "Biome"
       ows_srs  "epsg:2163"
       onlineresource  "http://yeti.lifemapper.org/services/maps/" 
    END
    STATUS ON
    OPACITY 100
    PROJECTION
      "init=epsg:2163"
    END
    CLASSITEM 'BIOME'
    
    CLASS
      NAME "Tropical & Subtropical Moist Broadleaf Forests" 
      
      EXPRESSION ([BIOME] = 1) 
       STYLE
         SYMBOL 'line-horizontal'
         WIDTH 0.91 
         OUTLINECOLOR 0 0 0
         COLOR 180 230 102
       END
    END
    
    CLASS
      NAME "Tropical & Subtropical Dry Broadleaf Forests" 
      EXPRESSION ([BIOME] = 2)  
       STYLE
         SYMBOL 'hatch'
         SIZE 5
         ANGLE 120
         WIDTH 1 
         OUTLINECOLOR 0 0 0
         COLOR 32 191 178
       END
    END
    CLASS
      NAME "Tropical & Subtropical Coniferous Forests" 
      EXPRESSION ([BIOME] = 3)  
       STYLE
         SYMBOL 'hatch'
         SIZE 5
         ANGLE 120
         WIDTH 1  
         OUTLINECOLOR 0 0 0
         COLOR 166 61 21
       END
    END
    CLASS
      NAME "Temperate Broadleaf & Mixed Forests" 
      EXPRESSION ([BIOME] = 4)  
       STYLE
         SYMBOL "line-horizontal"
         WIDTH 0.91 
         OUTLINECOLOR 0 0 0
         COLOR 175 29 70
       END
    END
    CLASS
      NAME "Temperate Conifer Forests" 
      EXPRESSION ([BIOME] = 5)  
       STYLE
         SYMBOL 'hatch'
         SIZE 5
         ANGLE 45
         WIDTH 0.91 
         OUTLINECOLOR 0 0 0
         COLOR 177 255 230
       END
    END
    CLASS
      NAME "Boreal Forests/Taiga" 
      EXPRESSION ([BIOME] = 6)  
       STYLE
         SYMBOL 'hatch'
         SIZE 5
         ANGLE 120
         WIDTH 1  
         OUTLINECOLOR 0 0 0
         COLOR 116 172 226
       END
    END
    CLASS
      NAME "Tropical & Subtropical Grasslands, Savannas & Shrublands" 
      EXPRESSION ([BIOME] = 7) 
       STYLE
         SYMBOL 'hatch'
         WIDTH 0.91 
         OUTLINECOLOR 0 0 0
         COLOR 230 201 217
       END
    END
    CLASS
      NAME "Temperate Grasslands, Savannas & Shrublands" 
      EXPRESSION ([BIOME] = 8) 
       STYLE
         SYMBOL 'hatch'
         SIZE 4
         ANGLE 90
         WIDTH 0.91 
         OUTLINECOLOR 0 0 0
         COLOR 167 168 186
       END
    END
    CLASS
      NAME "Flooded Grasslands & Savannas" 
      EXPRESSION ([BIOME] = 9) 
       STYLE
         SYMBOL 'hatch'
         SIZE 5
         ANGLE 45
         WIDTH 1  
         OUTLINECOLOR 0 0 0
         COLOR 195 175 241
       END
    END
    CLASS
      NAME "Montane Grasslands & Shrublands" 
      EXPRESSION ([BIOME] = 10) 
       STYLE
         SYMBOL 'hatch'
         SIZE 4
         ANGLE 31
         WIDTH 1
         WIDTH 0.91 
         OUTLINECOLOR 0 0 0
         COLOR 31 175 33
       END
    END
    CLASS
      NAME "Tundra" 
      EXPRESSION ([BIOME] = 11) 
       STYLE
         SYMBOL 'hatch'
         SIZE 4
         ANGLE 31
         WIDTH 1
         WIDTH 0.91 
         OUTLINECOLOR 0 0 0
         COLOR 31 175 33
       END
    END
    CLASS
      NAME "Mediterranean Forests, Woodlands & Scrub" 
      EXPRESSION ([BIOME] = 12)  
       STYLE
         SYMBOL 'hatch'
         SIZE 2
         ANGLE 123
         WIDTH 1 
         OUTLINECOLOR 0 0 0
         COLOR 145 100 7
       END
    END
    CLASS
      NAME "Deserts & Xeric Shrublands" 
      EXPRESSION ([BIOME] = 13)  
       STYLE
         SYMBOL "line-horizontal"
         SIZE 1        
         WIDTH 1  
         OUTLINECOLOR 0 0 0
         COLOR 247 132 198
       END
    END
    CLASS
      NAME "Mangroves" 
      EXPRESSION ([BIOME] = 14)  
       STYLE
         SYMBOL 'hatch'
         SIZE 3
         ANGLE 21
         WIDTH 1  
         OUTLINECOLOR 0 0 0
         COLOR 169 42 4
       END
    END
    CLASS
      NAME "Lake" 
      EXPRESSION ([BIOME] = 98) 
       STYLE
         SYMBOL 'hatch'
         SIZE 5
         ANGLE 65
         WIDTH 0.91  
         OUTLINECOLOR 0 0 0
         COLOR 190 216 32
       END
    END
    CLASS
      NAME "Rock and Ice" 
      EXPRESSION ([BIOME] = 99) 
       STYLE
         SYMBOL 'hatch'
         SIZE 5
         ANGLE 180
         WIDTH 1 
         OUTLINECOLOR 0 0 0
         COLOR 5 138 31
       END
    END
  END


LAYER
    NAME 'base'
    TYPE POLYGON
    DUMP TRUE
    #EXTENT -7019322.115385 -4092250.000000 7433322.115385 5095250.000000
    DATA '/share/lmserver/data/archive/changeThinking/2163/Layers/base_na.shp'
    METADATA
       ows_title "base"
       ows_title  "base"
       ows_srs  "epsg:2163"
       onlineresource  "http://yeti.lifemapper.org/services/maps/"  
    END
    STATUS ON
    OPACITY 100
    PROJECTION
    "init=epsg:2163"
    END
    CLASS
       NAME 'base' 
       STYLE
         WIDTH 0.91 
         OUTLINECOLOR 255 255 255
         COLOR 247 237 238
       END
    END
  END

 LAYER
    NAME 'States'
    TYPE POLYGON
    DUMP TRUE
    #EXTENT -7019322.115385 -4092250.000000 7433322.115385 5095250.000000
    DATA '/share/lmserver/data/archive/changeThinking/2163/Layers/states_na.shp'
    METADATA
       ows_title "States_Outline"
       ows_title  "States_Outline"
       ows_srs  "epsg:2163"
       onlineresource  "http://yeti.lifemapper.org/services/maps/" 
    END
    STATUS ON
    OPACITY 100
    PROJECTION
     "init=epsg:2163"
    END
    CLASS
       NAME 'states' 
       STYLE
         WIDTH 0.91 
         OUTLINECOLOR 0 0 0
         #COLOR 149 110 77
       END
    END
  END
   

  LAYER
    NAME 'Landcover'
    TYPE RASTER
    DUMP TRUE
    #EXTENT -7019322.115385 -4092250.000000 7433322.115385 5095250.000000
    DATA '/share/lmserver/data/archive/changeThinking/2163/Layers/NA_LandCover_2005.img'
    OFFSITE  0  0  0
    PROCESSING "NODATA=-9999.0"
    METADATA
         ows_name  "landcover"
         ows_title  "landcover"
         ows_srs  "epsg:2163"
         onlineresource  "http://yeti.lifemapper.org/services/maps/"         
         wcs_rangeset_nullvalue "-9999.0"
      END
   
    STATUS ON
    OPACITY 100
    PROJECTION
    "init=epsg:2163"
    END
    CLASSITEM 'pixel'
    CLASS
      NAME "Temperate Forest (needleleaf trees)"
      EXPRESSION ([pixel] = 1)
       STYLE
         
         COLOR 0 61 0
       END
    END
    CLASS
      NAME "Boreal Forest"
      EXPRESSION ([pixel] = 2)
       STYLE
         
         COLOR 148 156 112
       END
    END
    CLASS
      NAME "Tropical Rainforest"
      EXPRESSION ([pixel] = 3)
       STYLE
         
         COLOR 0 99 0
       END
    END
    CLASS
      NAME "Tropical Dry Forest"
      EXPRESSION ([pixel] = 4)
       STYLE
         
         COLOR 30 171 5
       END
    END
    CLASS
      NAME "Temperate Forest (broadleaf trees)"
      EXPRESSION ([pixel] = 5)
       STYLE
         
         COLOR 20 140 61
       END
    END
    CLASS
      NAME "Temperate Forest (mixed trees)"
      EXPRESSION ([pixel] = 6)
       STYLE
         
         COLOR 92 117 43
       END
    END
    CLASS
      NAME "Tropical Grassland"
      EXPRESSION ([pixel] = 7)
       STYLE
         
         COLOR 179 158 43
       END
    END
   CLASS
      NAME "Temperate Shrubland"
      EXPRESSION ([pixel] = 8)
       STYLE
         
         COLOR 179 138 51
       END
    END
    CLASS
      NAME "Tropical Grassland"
      EXPRESSION ([pixel] = 9)
       STYLE
         
         COLOR 232 220 94
       END
    END
    CLASS
      NAME "Temperate Grassland"
      EXPRESSION ([pixel] = 10)
       STYLE
         
         COLOR 225 207 138
       END
    END
    CLASS
      NAME "Tundra (mostly shrubs)"
      EXPRESSION ([pixel] = 11)
       STYLE
         
         COLOR 156 117 84
       END
    END
    CLASS
      NAME "Tundra (mostly grasses)"
      EXPRESSION ([pixel] = 12)
       STYLE
         
         COLOR 186 212 143
       END
    END
    CLASS
      NAME "Tundra (mostly barren, some lichen, moss)"
      EXPRESSION ([pixel] = 13)
       STYLE
         
         COLOR 64 138 112
       END
    END
    CLASS
      NAME "Wetland"
      EXPRESSION ([pixel] = 14)
       STYLE
         
         COLOR 107 163 138
       END
    END
    CLASS
      NAME "Cropland"
      EXPRESSION ([pixel] = 15)
       STYLE
         
         COLOR 230 174 102
       END
    END
    CLASS
      NAME "Barren lands"
      EXPRESSION ([pixel] = 16)
       STYLE
         
         COLOR 168 171 174
       END
    END
    CLASS
      NAME "Urban"
      EXPRESSION ([pixel] = 17)
       STYLE
         
         COLOR 220 33 38
       END
    END
    CLASS
      NAME "Water"
      EXPRESSION ([pixel] = 18)
       STYLE
         
         COLOR 76 112 163
       END
    END

  END

END