MAP

##_MAPSTUFF_##

  # MS_DEBUG and MS_ERRORFILE set in /etc/httpd/conf.d/lifemapper.conf
  # GDAL debugging
  CONFIG "CPL_DEBUG" "ON"
  STATUS ON
  SIZE 600 300
  IMAGECOLOR 0 0 0

##_PROJECTION_##
  
  # Make sure to create this directory with proper permissions on the webserver
  WEB
    IMAGEPATH "/var/www/tmp/"
    IMAGEURL "/tmp/"
    LOG "/var/www/tmp/mslogfile.txt"

##_MAP_METADATA_##

  END 
  
##_LAYERS_##

  #-------------------------------------------------------------------------
  QUERYMAP
    STATUS ON
    STYLE HILITE
  END
  
  #-------------------------------------------------------------------------
  # GIF, PNG, and TIFF support transparency
OUTPUTFORMAT
  NAME gif
  DRIVER "GD/GIF"
  MIMETYPE "image/gif"
  IMAGEMODE PC256
  EXTENSION "gif"
END

OUTPUTFORMAT
  NAME png
  DRIVER "AGG/PNG"
  MIMETYPE "image/png"
  IMAGEMODE RGBA
  EXTENSION "png"
  FORMATOPTION "INTERLACE=OFF"
END

OUTPUTFORMAT
  NAME jpeg
  # Could use "AAG/JPEG"
  DRIVER "GDAL/JPEG"
  MIMETYPE "image/jpeg"
  IMAGEMODE RGB
  IMAGEMODE RGB
  EXTENSION "jpg"
END

# GD/WBMP is not supported in Mapserver 6+
# Old maps must be rewritten without it!

OUTPUTFORMAT
  NAME GTiff
  DRIVER "GDAL/GTiff"
  MIMETYPE "image/tiff"
  IMAGEMODE FLOAT32
  EXTENSION "tif"
END

OUTPUTFORMAT
  NAME AAIGRID
  DRIVER "GDAL/AAIGRID"
  MIMETYPE "image/x-aaigrid"
  IMAGEMODE INT16
  EXTENSION "asc"
END
END #of map file

