MAP
   NAME  usr_changeThinking_4326 
  STATUS ON
  DEBUG ON
  SIZE 600 300
   EXTENT  -180  -90  180  90
  UNITS dd
  IMAGECOLOR 0 0 0
   SYMBOLSET  "/share/apps/lm2/lm2pub/public_html/maps/symbols.txt"


      PROJECTION
         "init=epsg:4326"
      END

  WEB
    IMAGEPATH "/var/www/tmp/"
    IMAGEURL "/tmp/"
    LOG "/var/www/tmp/mslogfile.txt"


      METADATA
         ows_label   "Lifemapper User Data Service"
         ows_title   "changeThinking Data"
         ows_onlineresource   "None"
         ows_srs   "epsg:4326"
      END

  END 
  




   LAYER
      NAME  bmng
      TYPE  RASTER
      DATA  /share/data/image/BMNG.geotiff
      STATUS  ON
      DUMP  TRUE
      EXTENT  -180 -90 180 90
      METADATA
         ows_name   NASA blue marble
         ows_title  NASA Blue Marble Next Generation
         author     NASA
      END
   END

  #-------------------------------------------------------------------------
  QUERYMAP
    STATUS ON
    STYLE HILITE
  END
  
  #-------------------------------------------------------------------------
OUTPUTFORMAT
  NAME gif
  DRIVER "GD/GIF"
  MIMETYPE "image/gif"
  IMAGEMODE PC256
  EXTENSION "gif"
  FORMATOPTION "GDAL/*"
END

OUTPUTFORMAT
  NAME png
  DRIVER "GD/PNG"
  MIMETYPE "image/png"
  IMAGEMODE RGBA
  TRANSPARENT ON
  EXTENSION "png"
  FORMATOPTION "INTERLACE=OFF"
END

OUTPUTFORMAT
  NAME jpeg
  DRIVER "GD/JPEG"
  MIMETYPE "image/jpeg"
  IMAGEMODE RGB
  EXTENSION "jpg"
  FORMATOPTION "GDAL/*"
END

OUTPUTFORMAT
  NAME wbmp
  DRIVER "GD/WBMP"
  MIMETYPE "image/wbmp"
  IMAGEMODE PC256
  EXTENSION "wbmp"
END

OUTPUTFORMAT
  NAME GTiff
  DRIVER "GDAL/GTiff"
  MIMETYPE "image/tiff"
  IMAGEMODE FLOAT32
  EXTENSION "tif"
  FORMATOPTION "GDAL/*"
END
END #of map file

